Archive member included to satisfy reference by file (symbol)

C:/PROGRA~2/ARMGNU~1/133167~1.3RE/bin/../lib/gcc/arm-none-eabi/13.3.1/thumb/v8-m.main+fp/softfp\libgcc.a(_arm_addsubdf3.o)
                              CMakeFiles/ounce_master.dir/Z_/Code/Github/Ounce/Hardware/pico-sdk/src/rp2_common/pico_float/float_math.c.obj (__aeabi_f2d)
C:/PROGRA~2/ARMGNU~1/133167~1.3RE/bin/../lib/gcc/arm-none-eabi/13.3.1/thumb/v8-m.main+fp/softfp\libgcc.a(_aeabi_ldivmod.o)
                              CMakeFiles/ounce_master.dir/Z_/Code/Github/Ounce/Hardware/pico-sdk/src/common/pico_time/time.c.obj (__aeabi_ldivmod)
C:/PROGRA~2/ARMGNU~1/133167~1.3RE/bin/../lib/gcc/arm-none-eabi/13.3.1/thumb/v8-m.main+fp/softfp\libgcc.a(_aeabi_uldivmod.o)
                              CMakeFiles/ounce_master.dir/src/main.cpp.obj (__aeabi_uldivmod)
C:/PROGRA~2/ARMGNU~1/133167~1.3RE/bin/../lib/gcc/arm-none-eabi/13.3.1/thumb/v8-m.main+fp/softfp\libgcc.a(_udivmoddi4.o)
                              C:/PROGRA~2/ARMGNU~1/133167~1.3RE/bin/../lib/gcc/arm-none-eabi/13.3.1/thumb/v8-m.main+fp/softfp\libgcc.a(_aeabi_ldivmod.o) (__udivmoddi4)
C:/PROGRA~2/ARMGNU~1/133167~1.3RE/bin/../lib/gcc/arm-none-eabi/13.3.1/thumb/v8-m.main+fp/softfp\libgcc.a(_dvmd_tls.o)
                              C:/PROGRA~2/ARMGNU~1/133167~1.3RE/bin/../lib/gcc/arm-none-eabi/13.3.1/thumb/v8-m.main+fp/softfp\libgcc.a(_aeabi_ldivmod.o) (__aeabi_ldiv0)
C:/PROGRA~2/ARMGNU~1/133167~1.3RE/bin/../lib/gcc/arm-none-eabi/13.3.1/thumb/v8-m.main+fp/softfp\libg.a(libc_a-calloc.o)
                              CMakeFiles/ounce_master.dir/Z_/Code/Github/Ounce/Hardware/pico-sdk/src/rp2_common/pico_malloc/malloc.c.obj (calloc)
C:/PROGRA~2/ARMGNU~1/133167~1.3RE/bin/../lib/gcc/arm-none-eabi/13.3.1/thumb/v8-m.main+fp/softfp\libg.a(libc_a-callocr.o)
                              C:/PROGRA~2/ARMGNU~1/133167~1.3RE/bin/../lib/gcc/arm-none-eabi/13.3.1/thumb/v8-m.main+fp/softfp\libg.a(libc_a-calloc.o) (_calloc_r)
C:/PROGRA~2/ARMGNU~1/133167~1.3RE/bin/../lib/gcc/arm-none-eabi/13.3.1/thumb/v8-m.main+fp/softfp\libg.a(libc_a-malloc.o)
                              CMakeFiles/ounce_master.dir/Z_/Code/Github/Ounce/Hardware/pico-sdk/src/rp2_common/pico_malloc/malloc.c.obj (malloc)
C:/PROGRA~2/ARMGNU~1/133167~1.3RE/bin/../lib/gcc/arm-none-eabi/13.3.1/thumb/v8-m.main+fp/softfp\libg.a(libc_a-mallocr.o)
                              C:/PROGRA~2/ARMGNU~1/133167~1.3RE/bin/../lib/gcc/arm-none-eabi/13.3.1/thumb/v8-m.main+fp/softfp\libg.a(libc_a-callocr.o) (_malloc_r)
C:/PROGRA~2/ARMGNU~1/133167~1.3RE/bin/../lib/gcc/arm-none-eabi/13.3.1/thumb/v8-m.main+fp/softfp\libg.a(libc_a-mlock.o)
                              C:/PROGRA~2/ARMGNU~1/133167~1.3RE/bin/../lib/gcc/arm-none-eabi/13.3.1/thumb/v8-m.main+fp/softfp\libg.a(libc_a-mallocr.o) (__malloc_lock)
C:/PROGRA~2/ARMGNU~1/133167~1.3RE/bin/../lib/gcc/arm-none-eabi/13.3.1/thumb/v8-m.main+fp/softfp\libg.a(libc_a-realloc.o)
                              CMakeFiles/ounce_master.dir/Z_/Code/Github/Ounce/Hardware/pico-sdk/src/rp2_common/pico_malloc/malloc.c.obj (realloc)
C:/PROGRA~2/ARMGNU~1/133167~1.3RE/bin/../lib/gcc/arm-none-eabi/13.3.1/thumb/v8-m.main+fp/softfp\libg.a(libc_a-reallocr.o)
                              C:/PROGRA~2/ARMGNU~1/133167~1.3RE/bin/../lib/gcc/arm-none-eabi/13.3.1/thumb/v8-m.main+fp/softfp\libg.a(libc_a-realloc.o) (_realloc_r)
C:/PROGRA~2/ARMGNU~1/133167~1.3RE/bin/../lib/gcc/arm-none-eabi/13.3.1/thumb/v8-m.main+fp/softfp\libg.a(libc_a-memcmp.o)
                              CMakeFiles/ounce_master.dir/Z_/Code/Github/Ounce/Hardware/pico-sdk/src/rp2_common/pico_atomic/atomic.c.obj (memcmp)
C:/PROGRA~2/ARMGNU~1/133167~1.3RE/bin/../lib/gcc/arm-none-eabi/13.3.1/thumb/v8-m.main+fp/softfp\libg.a(libc_a-memmove.o)
                              C:/PROGRA~2/ARMGNU~1/133167~1.3RE/bin/../lib/gcc/arm-none-eabi/13.3.1/thumb/v8-m.main+fp/softfp\libg.a(libc_a-reallocr.o) (memmove)
C:/PROGRA~2/ARMGNU~1/133167~1.3RE/bin/../lib/gcc/arm-none-eabi/13.3.1/thumb/v8-m.main+fp/softfp\libg.a(libc_a-memset.o)
                              CMakeFiles/ounce_master.dir/Z_/Code/Github/Ounce/Hardware/pico-sdk/lib/tinyusb/src/portable/raspberrypi/rp2040/dcd_rp2040.c.obj (memset)
C:/PROGRA~2/ARMGNU~1/133167~1.3RE/bin/../lib/gcc/arm-none-eabi/13.3.1/thumb/v8-m.main+fp/softfp\libg.a(libc_a-lcltime_r.o)
                              CMakeFiles/ounce_master.dir/Z_/Code/Github/Ounce/Hardware/pico-sdk/src/common/pico_util/datetime.c.obj (localtime_r)
C:/PROGRA~2/ARMGNU~1/133167~1.3RE/bin/../lib/gcc/arm-none-eabi/13.3.1/thumb/v8-m.main+fp/softfp\libg.a(libc_a-mktime.o)
                              CMakeFiles/ounce_master.dir/Z_/Code/Github/Ounce/Hardware/pico-sdk/src/common/pico_util/datetime.c.obj (mktime)
C:/PROGRA~2/ARMGNU~1/133167~1.3RE/bin/../lib/gcc/arm-none-eabi/13.3.1/thumb/v8-m.main+fp/softfp\libg.a(libc_a-month_lengths.o)
[...]
Memory Configuration

Name             Origin             Length             Attributes
FLASH            0x10000000         0x00400000         xr
PSRAM            0x11000000         0x00000000         xrw
XIP_RAM          0x13ffc000         0x00004000         xrw
RAM              0x20000000         0x00080000         xrw
SCRATCH_X        0x20080000         0x00001000         xrw
SCRATCH_Y        0x20081000         0x00001000         xrw
*default*        0x00000000         0xffffffff

Linker script and memory map

                0x20000000                        RAM_ORIGIN_DEFAULT = 0x20000000
                0x00080000                        RAM_LENGTH_DEFAULT = 0x80000
                0x20080000                        SCRATCH_X_ORIGIN_DEFAULT = 0x20080000
                0x00001000                        SCRATCH_X_LENGTH_DEFAULT = 0x1000
                0x20081000                        SCRATCH_Y_ORIGIN_DEFAULT = 0x20081000
                0x00001000                        SCRATCH_Y_LENGTH_DEFAULT = 0x1000
                0x13ffc000                        XIP_RAM_ORIGIN_DEFAULT = 0x13ffc000
                0x00004000                        XIP_RAM_LENGTH_DEFAULT = 0x4000
LOAD CMakeFiles/ounce_master.dir/src/main.cpp.obj
LOAD CMakeFiles/ounce_master.dir/src/spi_master.cpp.obj
LOAD CMakeFiles/ounce_master.dir/Z_/Code/Github/Ounce/Hardware/pico-sdk/src/rp2_common/pico_stdlib/stdlib.c.obj
LOAD CMakeFiles/ounce_master.dir/Z_/Code/Github/Ounce/Hardware/pico-sdk/src/rp2_common/hardware_gpio/gpio.c.obj
LOAD CMakeFiles/ounce_master.dir/Z_/Code/Github/Ounce/Hardware/pico-sdk/src/rp2350/pico_platform/platform.c.obj
LOAD CMakeFiles/ounce_master.dir/Z_/Code/Github/Ounce/Hardware/pico-sdk/src/rp2_common/pico_platform_common/common.c.obj
LOAD CMakeFiles/ounce_master.dir/Z_/Code/Github/Ounce/Hardware/pico-sdk/src/rp2_common/pico_platform_panic/panic.c.obj
LOAD CMakeFiles/ounce_master.dir/Z_/Code/Github/Ounce/Hardware/pico-sdk/src/rp2_common/pico_platform_panic/custom_panic_function.S.obj
LOAD CMakeFiles/ounce_master.dir/Z_/Code/Github/Ounce/Hardware/pico-sdk/src/common/hardware_claim/claim.c.obj
LOAD CMakeFiles/ounce_master.dir/Z_/Code/Github/Ounce/Hardware/pico-sdk/src/rp2_common/hardware_sync/sync.c.obj
LOAD CMakeFiles/ounce_master.dir/Z_/Code/Github/Ounce/Hardware/pico-sdk/src/rp2_common/hardware_sync_spin_lock/sync_spin_lock.c.obj
LOAD CMakeFiles/ounce_master.dir/Z_/Code/Github/Ounce/Hardware/pico-sdk/src/rp2_common/hardware_irq/irq.c.obj
LOAD CMakeFiles/ounce_master.dir/Z_/Code/Github/Ounce/Hardware/pico-sdk/src/rp2_common/hardware_irq/irq_handler_chain.S.obj
LOAD CMakeFiles/ounce_master.dir/Z_/Code/Github/Ounce/Hardware/pico-sdk/src/common/pico_sync/sem.c.obj
LOAD CMakeFiles/ounce_master.dir/Z_/Code/Github/Ounce/Hardware/pico-sdk/src/common/pico_sync/lock_core.c.obj
LOAD CMakeFiles/ounce_master.dir/Z_/Code/Github/Ounce/Hardware/pico-sdk/src/common/pico_sync/mutex.c.obj
LOAD CMakeFiles/ounce_master.dir/Z_/Code/Github/Ounce/Hardware/pico-sdk/src/common/pico_sync/critical_section.c.obj
LOAD CMakeFiles/ounce_master.dir/Z_/Code/Github/Ounce/Hardware/pico-sdk/src/common/pico_time/time.c.obj
LOAD CMakeFiles/ounce_master.dir/Z_/Code/Github/Ounce/Hardware/pico-sdk/src/common/pico_time/timeout_helper.c.obj
LOAD CMakeFiles/ounce_master.dir/Z_/Code/Github/Ounce/Hardware/pico-sdk/src/rp2_common/hardware_timer/timer.c.obj
LOAD CMakeFiles/ounce_master.dir/Z_/Code/Github/Ounce/Hardware/pico-sdk/src/common/pico_util/datetime.c.obj
LOAD CMakeFiles/ounce_master.dir/Z_/Code/Github/Ounce/Hardware/pico-sdk/src/common/pico_util/fixed_bitset.c.obj
LOAD CMakeFiles/ounce_master.dir/Z_/Code/Github/Ounce/Hardware/pico-sdk/src/common/pico_util/pheap.c.obj
LOAD CMakeFiles/ounce_master.dir/Z_/Code/Github/Ounce/Hardware/pico-sdk/src/common/pico_util/queue.c.obj
LOAD CMakeFiles/ounce_master.dir/Z_/Code/Github/Ounce/Hardware/pico-sdk/src/rp2_common/hardware_uart/uart.c.obj
LOAD CMakeFiles/ounce_master.dir/Z_/Code/Github/Ounce/Hardware/pico-sdk/src/rp2_common/hardware_clocks/clocks.c.obj
LOAD CMakeFiles/ounce_master.dir/Z_/Code/Github/Ounce/Hardware/pico-sdk/src/rp2_common/hardware_pll/pll.c.obj
LOAD CMakeFiles/ounce_master.dir/Z_/Code/Github/Ounce/Hardware/pico-sdk/src/rp2_common/hardware_vreg/vreg.c.obj
LOAD CMakeFiles/ounce_master.dir/Z_/Code/Github/Ounce/Hardware/pico-sdk/src/rp2_common/hardware_watchdog/watchdog.c.obj
LOAD CMakeFiles/ounce_master.dir/Z_/Code/Github/Ounce/Hardware/pico-sdk/src/rp2_common/hardware_ticks/ticks.c.obj
LOAD CMakeFiles/ounce_master.dir/Z_/Code/Github/Ounce/Hardware/pico-sdk/src/rp2_common/pico_bootrom/bootrom.c.obj
LOAD CMakeFiles/ounce_master.dir/Z_/Code/Github/Ounce/Hardware/pico-sdk/src/rp2_common/pico_bootrom/bootrom_lock.c.obj
LOAD CMakeFiles/ounce_master.dir/Z_/Code/Github/Ounce/Hardware/pico-sdk/src/rp2_common/hardware_boot_lock/boot_lock.c.obj
LOAD CMakeFiles/ounce_master.dir/Z_/Code/Github/Ounce/Hardware/pico-sdk/src/rp2_common/pico_flash/flash.c.obj
LOAD CMakeFiles/ounce_master.dir/Z_/Code/Github/Ounce/Hardware/pico-sdk/src/rp2_common/hardware_xosc/xosc.c.obj
LOAD CMakeFiles/ounce_master.dir/Z_/Code/Github/Ounce/Hardware/pico-sdk/src/rp2_common/hardware_divider/divider.c.obj
LOAD CMakeFiles/ounce_master.dir/Z_/Code/Github/Ounce/Hardware/pico-sdk/src/rp2_common/pico_runtime/runtime.c.obj
LOAD CMakeFiles/ounce_master.dir/Z_/Code/Github/Ounce/Hardware/pico-sdk/src/rp2_common/pico_runtime_init/runtime_init.c.obj
LOAD CMakeFiles/ounce_master.dir/Z_/Code/Github/Ounce/Hardware/pico-sdk/src/rp2_common/pico_runtime_init/runtime_init_clocks.c.obj
LOAD CMakeFiles/ounce_master.dir/Z_/Code/Github/Ounce/Hardware/pico-sdk/src/rp2_common/pico_runtime_init/runtime_init_stack_guard.c.obj
LOAD CMakeFiles/ounce_master.dir/Z_/Code/Github/Ounce/Hardware/pico-sdk/src/rp2_common/pico_bit_ops/bit_ops_aeabi.S.obj
LOAD CMakeFiles/ounce_master.dir/Z_/Code/Github/Ounce/Hardware/pico-sdk/src/rp2_common/pico_divider/divider_compiler.c.obj
LOAD CMakeFiles/ounce_master.dir/Z_/Code/Github/Ounce/Hardware/pico-sdk/src/rp2_common/pico_double/double_math.c.obj
LOAD CMakeFiles/ounce_master.dir/Z_/Code/Github/Ounce/Hardware/pico-sdk/src/rp2_common/pico_double/double_aeabi_dcp.S.obj
LOAD CMakeFiles/ounce_master.dir/Z_/Code/Github/Ounce/Hardware/pico-sdk/src/rp2_common/pico_double/double_fma_dcp.S.obj
LOAD CMakeFiles/ounce_master.dir/Z_/Code/Github/Ounce/Hardware/pico-sdk/src/rp2_common/pico_double/double_sci_m33.S.obj
LOAD CMakeFiles/ounce_master.dir/Z_/Code/Github/Ounce/Hardware/pico-sdk/src/rp2_common/pico_double/double_conv_m33.S.obj
LOAD CMakeFiles/ounce_master.dir/Z_/Code/Github/Ounce/Hardware/pico-sdk/src/rp2_common/pico_float/float_math.c.obj
LOAD CMakeFiles/ounce_master.dir/Z_/Code/Github/Ounce/Hardware/pico-sdk/src/rp2_common/pico_float/float_conv32_vfp.S.obj
LOAD CMakeFiles/ounce_master.dir/Z_/Code/Github/Ounce/Hardware/pico-sdk/src/rp2_common/pico_float/float_common_m33.S.obj
LOAD CMakeFiles/ounce_master.dir/Z_/Code/Github/Ounce/Hardware/pico-sdk/src/rp2_common/pico_float/float_sci_m33_vfp.S.obj
LOAD CMakeFiles/ounce_master.dir/Z_/Code/Github/Ounce/Hardware/pico-sdk/src/rp2_common/pico_malloc/malloc.c.obj
LOAD CMakeFiles/ounce_master.dir/Z_/Code/Github/Ounce/Hardware/pico-sdk/src/rp2_common/pico_atomic/atomic.c.obj
LOAD CMakeFiles/ounce_master.dir/Z_/Code/Github/Ounce/Hardware/pico-sdk/src/rp2_common/pico_cxx_options/new_delete.cpp.obj
LOAD CMakeFiles/ounce_master.dir/Z_/Code/Github/Ounce/Hardware/pico-sdk/src/rp2_common/pico_standard_binary_info/standard_binary_info.c.obj
LOAD CMakeFiles/ounce_master.dir/Z_/Code/Github/Ounce/Hardware/pico-sdk/src/rp2_common/pico_printf/printf.c.obj
LOAD CMakeFiles/ounce_master.dir/Z_/Code/Github/Ounce/Hardware/pico-sdk/src/rp2_common/pico_crt0/crt0.S.obj
LOAD CMakeFiles/ounce_master.dir/Z_/Code/Github/Ounce/Hardware/pico-sdk/src/rp2_common/pico_clib_interface/newlib_interface.c.obj
LOAD CMakeFiles/ounce_master.dir/Z_/Code/Github/Ounce/Hardware/pico-sdk/src/rp2_common/pico_clib_interface/cxa_guard.c.obj
LOAD CMakeFiles/ounce_master.dir/Z_/Code/Github/Ounce/Hardware/pico-sdk/src/rp2_common/pico_stdio/stdio.c.obj
LOAD CMakeFiles/ounce_master.dir/Z_/Code/Github/Ounce/Hardware/pico-sdk/src/rp2_common/pico_stdio_usb/stdio_usb.c.obj
LOAD CMakeFiles/ounce_master.dir/Z_/Code/Github/Ounce/Hardware/pico-sdk/src/rp2_common/pico_stdio_usb/stdio_usb_descriptors.c.obj
LOAD CMakeFiles/ounce_master.dir/Z_/Code/Github/Ounce/Hardware/pico-sdk/src/rp2_common/pico_unique_id/unique_id.c.obj
LOAD CMakeFiles/ounce_master.dir/Z_/Code/Github/Ounce/Hardware/pico-sdk/src/rp2_common/hardware_flash/flash.c.obj
LOAD CMakeFiles/ounce_master.dir/Z_/Code/Github/Ounce/Hardware/pico-sdk/src/rp2_common/hardware_xip_cache/xip_cache.c.obj
LOAD CMakeFiles/ounce_master.dir/Z_/Code/Github/Ounce/Hardware/pico-sdk/src/rp2_common/pico_usb_reset/usb_reset.c.obj
LOAD CMakeFiles/ounce_master.dir/Z_/Code/Github/Ounce/Hardware/pico-sdk/lib/tinyusb/src/portable/raspberrypi/rp2040/dcd_rp2040.c.obj
LOAD CMakeFiles/ounce_master.dir/Z_/Code/Github/Ounce/Hardware/pico-sdk/lib/tinyusb/src/portable/raspberrypi/rp2040/rp2040_usb.c.obj
LOAD CMakeFiles/ounce_master.dir/Z_/Code/Github/Ounce/Hardware/pico-sdk/lib/tinyusb/src/device/usbd.c.obj
LOAD CMakeFiles/ounce_master.dir/Z_/Code/Github/Ounce/Hardware/pico-sdk/lib/tinyusb/src/device/usbd_control.c.obj
LOAD CMakeFiles/ounce_master.dir/Z_/Code/Github/Ounce/Hardware/pico-sdk/lib/tinyusb/src/class/audio/audio_device.c.obj
LOAD CMakeFiles/ounce_master.dir/Z_/Code/Github/Ounce/Hardware/pico-sdk/lib/tinyusb/src/class/cdc/cdc_device.c.obj
LOAD CMakeFiles/ounce_master.dir/Z_/Code/Github/Ounce/Hardware/pico-sdk/lib/tinyusb/src/class/dfu/dfu_device.c.obj
LOAD CMakeFiles/ounce_master.dir/Z_/Code/Github/Ounce/Hardware/pico-sdk/lib/tinyusb/src/class/dfu/dfu_rt_device.c.obj
LOAD CMakeFiles/ounce_master.dir/Z_/Code/Github/Ounce/Hardware/pico-sdk/lib/tinyusb/src/class/hid/hid_device.c.obj
LOAD CMakeFiles/ounce_master.dir/Z_/Code/Github/Ounce/Hardware/pico-sdk/lib/tinyusb/src/class/midi/midi_device.c.obj
LOAD CMakeFiles/ounce_master.dir/Z_/Code/Github/Ounce/Hardware/pico-sdk/lib/tinyusb/src/class/msc/msc_device.c.obj
LOAD CMakeFiles/ounce_master.dir/Z_/Code/Github/Ounce/Hardware/pico-sdk/lib/tinyusb/src/class/net/ecm_rndis_device.c.obj
LOAD CMakeFiles/ounce_master.dir/Z_/Code/Github/Ounce/Hardware/pico-sdk/lib/tinyusb/src/class/net/ncm_device.c.obj
LOAD CMakeFiles/ounce_master.dir/Z_/Code/Github/Ounce/Hardware/pico-sdk/lib/tinyusb/src/class/usbtmc/usbtmc_device.c.obj
LOAD CMakeFiles/ounce_master.dir/Z_/Code/Github/Ounce/Hardware/pico-sdk/lib/tinyusb/src/class/vendor/vendor_device.c.obj
LOAD CMakeFiles/ounce_master.dir/Z_/Code/Github/Ounce/Hardware/pico-sdk/lib/tinyusb/src/class/video/video_device.c.obj
LOAD CMakeFiles/ounce_master.dir/Z_/Code/Github/Ounce/Hardware/pico-sdk/lib/tinyusb/src/tusb.c.obj
LOAD CMakeFiles/ounce_master.dir/Z_/Code/Github/Ounce/Hardware/pico-sdk/lib/tinyusb/src/common/tusb_fifo.c.obj
LOAD CMakeFiles/ounce_master.dir/Z_/Code/Github/Ounce/Hardware/pico-sdk/src/rp2_common/pico_fix/rp2040_usb_device_enumeration/rp2040_usb_device_enumeration.c.obj
LOAD CMakeFiles/ounce_master.dir/Z_/Code/Github/Ounce/Hardware/pico-sdk/src/rp2_common/pico_thread_local/thread_local.c.obj
LOAD CMakeFiles/ounce_master.dir/Z_/Code/Github/Ounce/Hardware/pico-sdk/src/rp2_common/hardware_spi/spi.c.obj
LOAD pico-sdk\src\rp2350\boot_stage2\CMakeFiles\bs2_default_library.dir\bs2_default_padded.S.obj
LOAD C:/PROGRA~2/ARMGNU~1/133167~1.3RE/bin/../lib/gcc/arm-none-eabi/13.3.1/thumb/v8-m.main+fp/softfp\libstdc++.a
LOAD C:/PROGRA~2/ARMGNU~1/133167~1.3RE/bin/../lib/gcc/arm-none-eabi/13.3.1/thumb/v8-m.main+fp/softfp\libm.a
START GROUP
LOAD C:/PROGRA~2/ARMGNU~1/133167~1.3RE/bin/../lib/gcc/arm-none-eabi/13.3.1/thumb/v8-m.main+fp/softfp\libgcc.a
LOAD C:/PROGRA~2/ARMGNU~1/133167~1.3RE/bin/../lib/gcc/arm-none-eabi/13.3.1/thumb/v8-m.main+fp/softfp\libg.a
LOAD C:/PROGRA~2/ARMGNU~1/133167~1.3RE/bin/../lib/gcc/arm-none-eabi/13.3.1/thumb/v8-m.main+fp/softfp\libc.a
END GROUP
                0x20000000                        PROVIDE (RAM_ORIGIN = RAM_ORIGIN_DEFAULT)
                0x00080000                        PROVIDE (RAM_LENGTH = RAM_LENGTH_DEFAULT)
                0x20080000                        PROVIDE (SCRATCH_X_ORIGIN = SCRATCH_X_ORIGIN_DEFAULT)
                0x00001000                        PROVIDE (SCRATCH_X_LENGTH = SCRATCH_X_LENGTH_DEFAULT)
                0x20081000                        PROVIDE (SCRATCH_Y_ORIGIN = SCRATCH_Y_ORIGIN_DEFAULT)
                0x00001000                        PROVIDE (SCRATCH_Y_LENGTH = SCRATCH_Y_LENGTH_DEFAULT)
                0x13ffc000                        PROVIDE (XIP_RAM_ORIGIN = XIP_RAM_ORIGIN_DEFAULT)
                0x00004000                        PROVIDE (XIP_RAM_LENGTH = XIP_RAM_LENGTH_DEFAULT)
                0x20000000                        RAM_ORIGIN = DEFINED (RAM_ORIGIN)?RAM_ORIGIN:RAM_ORIGIN_DEFAULT
                0x00080000                        RAM_LENGTH = DEFINED (RAM_LENGTH)?RAM_LENGTH:RAM_LENGTH_DEFAULT
                0x20080000                        SCRATCH_X_ORIGIN = DEFINED (SCRATCH_X_ORIGIN)?SCRATCH_X_ORIGIN:SCRATCH_X_ORIGIN_DEFAULT
                0x00001000                        SCRATCH_X_LENGTH = DEFINED (SCRATCH_X_LENGTH)?SCRATCH_X_LENGTH:SCRATCH_X_LENGTH_DEFAULT
                0x20081000                        SCRATCH_Y_ORIGIN = DEFINED (SCRATCH_Y_ORIGIN)?SCRATCH_Y_ORIGIN:SCRATCH_Y_ORIGIN_DEFAULT
                0x00001000                        SCRATCH_Y_LENGTH = DEFINED (SCRATCH_Y_LENGTH)?SCRATCH_Y_LENGTH:SCRATCH_Y_LENGTH_DEFAULT
                0x13ffc000                        XIP_RAM_ORIGIN = DEFINED (XIP_RAM_ORIGIN)?XIP_RAM_ORIGIN:XIP_RAM_ORIGIN_DEFAULT
                0x00004000                        XIP_RAM_LENGTH = DEFINED (XIP_RAM_LENGTH)?XIP_RAM_LENGTH:XIP_RAM_LENGTH_DEFAULT

.flash_begin    0x10000000        0x0
                0x10000000                        __flash_binary_start = .

.text           0x10000000     0x5d90
                0x10000000                        __logical_binary_start = .
 *(.vectors)
 .vectors       0x10000000      0x124 CMakeFiles/ounce_master.dir/Z_/Code/Github/Ounce/Hardware/pico-sdk/src/rp2_common/pico_crt0/crt0.S.obj
                0x10000000                __VECTOR_TABLE
                0x10000000                __vectors
                0x10000110                __unhandled_user_irq
                0x10000110                isr_irq49
                0x10000110                isr_irq13
                0x10000110                isr_irq43
                0x10000110                isr_irq45
                0x10000110                isr_irq27
                0x10000110                isr_irq32
                0x10000110                isr_irq31
                0x10000110                isr_irq12
                0x10000110                isr_irq5
                0x10000110                isr_irq11
                0x10000110                isr_irq3
                0x10000110                isr_irq23
                0x10000110                isr_usagefault
                0x10000110                isr_irq48
                0x10000110                isr_irq30
                0x10000110                isr_irq18
                0x10000110                isr_irq50
                0x10000110                isr_irq33
                0x10000110                isr_irq40
                0x10000110                isr_irq28
                0x10000110                isr_irq19
                0x10000110                isr_irq36
                0x10000110                isr_irq41
                0x10000110                isr_irq0
                0x10000110                isr_irq6
                0x10000110                isr_irq26
                0x10000110                isr_irq29
                0x10000110                isr_memmanage
                0x10000110                isr_irq37
                0x10000110                isr_irq42
                0x10000110                isr_irq22
                0x10000110                isr_irq35
                0x10000110                isr_irq17
                0x10000110                isr_irq38
                0x10000110                isr_irq14
                0x10000110                __vectors_end
                0x10000110                __default_isrs_start
                0x10000110                isr_irq2
                0x10000110                isr_irq10
                0x10000110                isr_irq8
                0x10000110                isr_debugmonitor
                0x10000110                isr_irq24
                0x10000110                isr_irq46
                0x10000110                isr_irq1
                0x10000110                isr_irq47
                0x10000110                isr_irq51
                0x10000110                isr_irq7
                0x10000110                isr_irq21
                0x10000110                isr_irq39
                0x10000110                isr_irq20
                0x10000110                isr_irq15
                0x10000110                isr_irq25
                0x10000110                isr_irq34
                0x10000110                isr_irq44
                0x10000110                isr_securefault
                0x10000110                isr_irq4
                0x10000110                isr_busfault
                0x10000110                isr_irq16
                0x10000110                isr_irq9
                0x10000116                unhandled_user_irq_num_in_r0
                0x10000118                isr_invalid
                0x1000011a                isr_nmi
                0x1000011c                isr_hardfault
                0x1000011e                isr_svcall
                0x10000120                isr_pendsv
                0x10000122                isr_systick
                0x10000124                __default_isrs_end
 *(.binary_info_header)
 .binary_info_header
                0x10000124       0x14 CMakeFiles/ounce_master.dir/Z_/Code/Github/Ounce/Hardware/pico-sdk/src/rp2_common/pico_crt0/crt0.S.obj
                0x10000138                        __binary_info_header_end = .
 *(.embedded_block)
 .embedded_block
                0x10000138       0x14 CMakeFiles/ounce_master.dir/Z_/Code/Github/Ounce/Hardware/pico-sdk/src/rp2_common/pico_crt0/crt0.S.obj
                0x1000014c                        __embedded_block_end = .
 *(.reset)
 .reset         0x1000014c       0x94 CMakeFiles/ounce_master.dir/Z_/Code/Github/Ounce/Hardware/pico-sdk/src/rp2_common/pico_crt0/crt0.S.obj
                0x1000014c                _entry_point
 *(.init)
 SORT_BY_NAME(REVERSE(*libgcc.a:cmse_nonsecure_call.o))()
 *(EXCLUDE_FILE(*libm.a: *lib*_a-mem*.o *libc.a: *libgcc.a:) .text*)
 .text._ZL10cdc_printfPKcz
                0x100001e0       0x54 CMakeFiles/ounce_master.dir/src/main.cpp.obj
 .text.startup.main
                0x10000234      0x634 CMakeFiles/ounce_master.dir/src/main.cpp.obj
                0x10000234                main
 .text.startup._GLOBAL__sub_I_last_seen_count
                0x10000868       0x18 CMakeFiles/ounce_master.dir/src/main.cpp.obj
 .text._Z15spi_master_initv
                0x10000880       0xf8 CMakeFiles/ounce_master.dir/src/spi_master.cpp.obj
                0x10000880                spi_master_init()
 .text._Z28spi_master_transceive_packethRK19ControllerSpiPacketR22ControllerSpiAckPacket
                0x10000978      0x3bc CMakeFiles/ounce_master.dir/src/spi_master.cpp.obj
                0x10000978                spi_master_transceive_packet(unsigned char, ControllerSpiPacket const&, ControllerSpiAckPacket&)
 .text.gpio_set_function
                0x10000d34       0x3c CMakeFiles/ounce_master.dir/Z_/Code/Github/Ounce/Hardware/pico-sdk/src/rp2_common/hardware_gpio/gpio.c.obj
                0x10000d34                gpio_set_function
 .text.gpio_set_pulls
                0x10000d70       0x28 CMakeFiles/ounce_master.dir/Z_/Code/Github/Ounce/Hardware/pico-sdk/src/rp2_common/hardware_gpio/gpio.c.obj
                0x10000d70                gpio_set_pulls
 .text.gpio_init
                0x10000d98       0x48 CMakeFiles/ounce_master.dir/Z_/Code/Github/Ounce/Hardware/pico-sdk/src/rp2_common/hardware_gpio/gpio.c.obj
                0x10000d98                gpio_init
 .text.panic    0x10000de0       0x30 CMakeFiles/ounce_master.dir/Z_/Code/Github/Ounce/Hardware/pico-sdk/src/rp2_common/pico_platform_panic/panic.c.obj
                0x10000de0                panic
 .text.hw_claim_or_assert
                0x10000e10       0x58 CMakeFiles/ounce_master.dir/Z_/Code/Github/Ounce/Hardware/pico-sdk/src/common/hardware_claim/claim.c.obj
                0x10000e10                hw_claim_or_assert
 .text.hw_claim_unused_from_range
                0x10000e68       0x9c CMakeFiles/ounce_master.dir/Z_/Code/Github/Ounce/Hardware/pico-sdk/src/common/hardware_claim/claim.c.obj
                0x10000e68                hw_claim_unused_from_range
 .text.next_striped_spin_lock_num
                0x10000f04       0x18 CMakeFiles/ounce_master.dir/Z_/Code/Github/Ounce/Hardware/pico-sdk/src/rp2_common/hardware_sync/sync.c.obj
                0x10000f04                next_striped_spin_lock_num
 .text.spin_lock_claim_unused
                0x10000f1c       0x20 CMakeFiles/ounce_master.dir/Z_/Code/Github/Ounce/Hardware/pico-sdk/src/rp2_common/hardware_sync/sync.c.obj
                0x10000f1c                spin_lock_claim_unused
 .text.spinlock_set_extexclall
                0x10000f3c       0x10 CMakeFiles/ounce_master.dir/Z_/Code/Github/Ounce/Hardware/pico-sdk/src/rp2_common/hardware_sync_spin_lock/sync_spin_lock.c.obj
 .text.spin_locks_reset
                0x10000f4c       0x18 CMakeFiles/ounce_master.dir/Z_/Code/Github/Ounce/Hardware/pico-sdk/src/rp2_common/hardware_sync_spin_lock/sync_spin_lock.c.obj
                0x10000f4c                spin_locks_reset
 .text.runtime_init_per_core_irq_priorities
                0x10000f64       0x40 CMakeFiles/ounce_master.dir/Z_/Code/Github/Ounce/Hardware/pico-sdk/src/rp2_common/hardware_irq/irq.c.obj
                0x10000f64                runtime_init_per_core_irq_priorities
 .text.irq_set_enabled
                0x10000fa4       0x2c CMakeFiles/ounce_master.dir/Z_/Code/Github/Ounce/Hardware/pico-sdk/src/rp2_common/hardware_irq/irq.c.obj
                0x10000fa4                irq_set_enabled
 .text.irq_set_exclusive_handler
                0x10000fd0       0x5c CMakeFiles/ounce_master.dir/Z_/Code/Github/Ounce/Hardware/pico-sdk/src/rp2_common/hardware_irq/irq.c.obj
                0x10000fd0                irq_set_exclusive_handler
 .text.irq_add_shared_handler
                0x1000102c      0x1c0 CMakeFiles/ounce_master.dir/Z_/Code/Github/Ounce/Hardware/pico-sdk/src/rp2_common/hardware_irq/irq.c.obj
                0x1000102c                irq_add_shared_handler
 .text.irq_add_tail_to_free_list
                0x100011ec       0xd4 CMakeFiles/ounce_master.dir/Z_/Code/Github/Ounce/Hardware/pico-sdk/src/rp2_common/hardware_irq/irq.c.obj
                0x100011ec                irq_add_tail_to_free_list
 .text.lock_init
                0x100012c0        0xc CMakeFiles/ounce_master.dir/Z_/Code/Github/Ounce/Hardware/pico-sdk/src/common/pico_sync/lock_core.c.obj
                0x100012c0                lock_init
 .text.runtime_init_mutex
                0x100012cc       0x4c CMakeFiles/ounce_master.dir/Z_/Code/Github/Ounce/Hardware/pico-sdk/src/common/pico_sync/mutex.c.obj
                0x100012cc                runtime_init_mutex
 .text.mutex_init
                0x10001318       0x1c CMakeFiles/ounce_master.dir/Z_/Code/Github/Ounce/Hardware/pico-sdk/src/common/pico_sync/mutex.c.obj
                0x10001318                mutex_init
 .text.critical_section_init
                0x10001334       0x1c CMakeFiles/ounce_master.dir/Z_/Code/Github/Ounce/Hardware/pico-sdk/src/common/pico_sync/critical_section.c.obj
                0x10001334                critical_section_init
 .text.sleep_until_callback
                0x10001350       0x4c CMakeFiles/ounce_master.dir/Z_/Code/Github/Ounce/Hardware/pico-sdk/src/common/pico_time/time.c.obj
 *fill*         0x1000139c        0x4 
 .text.alarm_pool_irq_handler
                0x100013a0      0x2f0 CMakeFiles/ounce_master.dir/Z_/Code/Github/Ounce/Hardware/pico-sdk/src/common/pico_time/time.c.obj
 .text.runtime_init_default_alarm_pool
                0x10001690      0x100 CMakeFiles/ounce_master.dir/Z_/Code/Github/Ounce/Hardware/pico-sdk/src/common/pico_time/time.c.obj
                0x10001690                runtime_init_default_alarm_pool
 .text.alarm_pool_get_default
                0x10001790        0x8 CMakeFiles/ounce_master.dir/Z_/Code/Github/Ounce/Hardware/pico-sdk/src/common/pico_time/time.c.obj
                0x10001790                alarm_pool_get_default
 .text.alarm_pool_add_alarm_at_force_in_context
                0x10001798       0xc8 CMakeFiles/ounce_master.dir/Z_/Code/Github/Ounce/Hardware/pico-sdk/src/common/pico_time/time.c.obj
                0x10001798                alarm_pool_add_alarm_at_force_in_context
 .text.alarm_pool_cancel_alarm
                0x10001860       0x80 CMakeFiles/ounce_master.dir/Z_/Code/Github/Ounce/Hardware/pico-sdk/src/common/pico_time/time.c.obj
                0x10001860                alarm_pool_cancel_alarm
 .text.alarm_pool_core_num
                0x100018e0        0x4 CMakeFiles/ounce_master.dir/Z_/Code/Github/Ounce/Hardware/pico-sdk/src/common/pico_time/time.c.obj
                0x100018e0                alarm_pool_core_num
 .text.best_effort_wfe_or_timeout
                0x100018e4       0xd4 CMakeFiles/ounce_master.dir/Z_/Code/Github/Ounce/Hardware/pico-sdk/src/common/pico_time/time.c.obj
                0x100018e4                best_effort_wfe_or_timeout
 .text.timer_hardware_alarm_claim
                0x100019b8       0x24 CMakeFiles/ounce_master.dir/Z_/Code/Github/Ounce/Hardware/pico-sdk/src/rp2_common/hardware_timer/timer.c.obj
                0x100019b8                timer_hardware_alarm_claim
 .text.timer_time_us_64
                0x100019dc       0x10 CMakeFiles/ounce_master.dir/Z_/Code/Github/Ounce/Hardware/pico-sdk/src/rp2_common/hardware_timer/timer.c.obj
                0x100019dc                timer_time_us_64
 .text.time_us_64
                0x100019ec       0x14 CMakeFiles/ounce_master.dir/Z_/Code/Github/Ounce/Hardware/pico-sdk/src/rp2_common/hardware_timer/timer.c.obj
                0x100019ec                time_us_64
 .text.busy_wait_us
                0x10001a00       0x64 CMakeFiles/ounce_master.dir/Z_/Code/Github/Ounce/Hardware/pico-sdk/src/rp2_common/hardware_timer/timer.c.obj
                0x10001a00                busy_wait_us
 .text.busy_wait_until
                0x10001a64       0x24 CMakeFiles/ounce_master.dir/Z_/Code/Github/Ounce/Hardware/pico-sdk/src/rp2_common/hardware_timer/timer.c.obj
                0x10001a64                busy_wait_until
 .text.clock_configure_undivided
                0x10001a88       0xd0 CMakeFiles/ounce_master.dir/Z_/Code/Github/Ounce/Hardware/pico-sdk/src/rp2_common/hardware_clocks/clocks.c.obj
                0x10001a88                clock_configure_undivided
 .text.clock_get_hz
                0x10001b58        0xc CMakeFiles/ounce_master.dir/Z_/Code/Github/Ounce/Hardware/pico-sdk/src/rp2_common/hardware_clocks/clocks.c.obj
                0x10001b58                clock_get_hz
 .text.pll_init
                0x10001b64       0x8c CMakeFiles/ounce_master.dir/Z_/Code/Github/Ounce/Hardware/pico-sdk/src/rp2_common/hardware_pll/pll.c.obj
                0x10001b64                pll_init
 .text.watchdog_reboot
                0x10001bf0       0x98 CMakeFiles/ounce_master.dir/Z_/Code/Github/Ounce/Hardware/pico-sdk/src/rp2_common/hardware_watchdog/watchdog.c.obj
                0x10001bf0                watchdog_reboot
 .text.tick_start
                0x10001c88       0x18 CMakeFiles/ounce_master.dir/Z_/Code/Github/Ounce/Hardware/pico-sdk/src/rp2_common/hardware_ticks/ticks.c.obj
                0x10001c88                tick_start
 .text.rom_reboot.constprop.0.isra.0
                0x10001ca0       0x34 CMakeFiles/ounce_master.dir/Z_/Code/Github/Ounce/Hardware/pico-sdk/src/rp2_common/pico_bootrom/bootrom.c.obj
 .text.rom_func_lookup
                0x10001cd4       0x18 CMakeFiles/ounce_master.dir/Z_/Code/Github/Ounce/Hardware/pico-sdk/src/rp2_common/pico_bootrom/bootrom.c.obj
                0x10001cd4                rom_func_lookup
 .text.rom_reset_usb_boot_extra
                0x10001cec       0x30 CMakeFiles/ounce_master.dir/Z_/Code/Github/Ounce/Hardware/pico-sdk/src/rp2_common/pico_bootrom/bootrom.c.obj
                0x10001cec                rom_reset_usb_boot_extra
 .text.runtime_init_bootrom_locking_enable
                0x10001d1c       0x14 CMakeFiles/ounce_master.dir/Z_/Code/Github/Ounce/Hardware/pico-sdk/src/rp2_common/pico_bootrom/bootrom_lock.c.obj
                0x10001d1c                runtime_init_bootrom_locking_enable
 .text.runtime_init_boot_locks_reset
                0x10001d30       0x1c CMakeFiles/ounce_master.dir/Z_/Code/Github/Ounce/Hardware/pico-sdk/src/rp2_common/hardware_boot_lock/boot_lock.c.obj
                0x10001d30                runtime_init_boot_locks_reset
 .text.xosc_init
                0x10001d4c       0x30 CMakeFiles/ounce_master.dir/Z_/Code/Github/Ounce/Hardware/pico-sdk/src/rp2_common/hardware_xosc/xosc.c.obj
                0x10001d4c                xosc_init
 .text.first_per_core_initializer
                0x10001d7c        0x4 CMakeFiles/ounce_master.dir/Z_/Code/Github/Ounce/Hardware/pico-sdk/src/rp2_common/pico_runtime/runtime.c.obj
 .text.hard_assertion_failure
                0x10001d80        0xc CMakeFiles/ounce_master.dir/Z_/Code/Github/Ounce/Hardware/pico-sdk/src/rp2_common/pico_runtime/runtime.c.obj
                0x10001d80                hard_assertion_failure
 .text.runtime_run_initializers
                0x10001d8c       0x20 CMakeFiles/ounce_master.dir/Z_/Code/Github/Ounce/Hardware/pico-sdk/src/rp2_common/pico_runtime/runtime.c.obj
                0x10001d8c                runtime_run_initializers
 .text.runtime_init_early_resets
                0x10001dac       0x34 CMakeFiles/ounce_master.dir/Z_/Code/Github/Ounce/Hardware/pico-sdk/src/rp2_common/pico_runtime_init/runtime_init.c.obj
                0x10001dac                runtime_init_early_resets
 .text.runtime_init_usb_power_down
                0x10001de0       0x1c CMakeFiles/ounce_master.dir/Z_/Code/Github/Ounce/Hardware/pico-sdk/src/rp2_common/pico_runtime_init/runtime_init.c.obj
                0x10001de0                runtime_init_usb_power_down
 .text.runtime_init_per_core_enable_coprocessors
                0x10001dfc       0x1c CMakeFiles/ounce_master.dir/Z_/Code/Github/Ounce/Hardware/pico-sdk/src/rp2_common/pico_runtime_init/runtime_init.c.obj
                0x10001dfc                runtime_init_per_core_enable_coprocessors
 .text.runtime_init_post_clock_resets
                0x10001e18       0x20 CMakeFiles/ounce_master.dir/Z_/Code/Github/Ounce/Hardware/pico-sdk/src/rp2_common/pico_runtime_init/runtime_init.c.obj
                0x10001e18                runtime_init_post_clock_resets
 .text.runtime_init_bootrom_reset
                0x10001e38       0x14 CMakeFiles/ounce_master.dir/Z_/Code/Github/Ounce/Hardware/pico-sdk/src/rp2_common/pico_runtime_init/runtime_init.c.obj
                0x10001e38                runtime_init_bootrom_reset
 .text.runtime_init_per_core_bootrom_reset
                0x10001e4c       0x14 CMakeFiles/ounce_master.dir/Z_/Code/Github/Ounce/Hardware/pico-sdk/src/rp2_common/pico_runtime_init/runtime_init.c.obj
                0x10001e4c                runtime_init_per_core_bootrom_reset
 .text.runtime_init_spin_locks_reset
                0x10001e60        0x4 CMakeFiles/ounce_master.dir/Z_/Code/Github/Ounce/Hardware/pico-sdk/src/rp2_common/pico_runtime_init/runtime_init.c.obj
                0x10001e60                runtime_init_spin_locks_reset
 .text.runtime_init_install_ram_vector_table
                0x10001e64       0x64 CMakeFiles/ounce_master.dir/Z_/Code/Github/Ounce/Hardware/pico-sdk/src/rp2_common/pico_runtime_init/runtime_init.c.obj
                0x10001e64                runtime_init_install_ram_vector_table
 .text.runtime_init_clocks
                0x10001ec8       0xdc CMakeFiles/ounce_master.dir/Z_/Code/Github/Ounce/Hardware/pico-sdk/src/rp2_common/pico_runtime_init/runtime_init_clocks.c.obj
                0x10001ec8                runtime_init_clocks
 .text.__rp2350_dcp_engaged_state_save_restore
                0x10001fa4       0x3a CMakeFiles/ounce_master.dir/Z_/Code/Github/Ounce/Hardware/pico-sdk/src/rp2_common/pico_double/double_aeabi_dcp.S.obj
 *fill*         0x10001fde        0x2 
 .text.__wrap___aeabi_dadd
                0x10001fe0       0x28 CMakeFiles/ounce_master.dir/Z_/Code/Github/Ounce/Hardware/pico-sdk/src/rp2_common/pico_double/double_aeabi_dcp.S.obj
                0x10001fe8                __wrap___aeabi_dadd
 .text.__wrap___aeabi_dsub
                0x10002008       0x28 CMakeFiles/ounce_master.dir/Z_/Code/Github/Ounce/Hardware/pico-sdk/src/rp2_common/pico_double/double_aeabi_dcp.S.obj
                0x10002010                __wrap___aeabi_dsub
 .text.__wrap___aeabi_dmul
                0x10002030       0x48 CMakeFiles/ounce_master.dir/Z_/Code/Github/Ounce/Hardware/pico-sdk/src/rp2_common/pico_double/double_aeabi_dcp.S.obj
                0x10002038                __wrap___aeabi_dmul
 .text.__wrap___aeabi_ddiv
                0x10002078       0x9c CMakeFiles/ounce_master.dir/Z_/Code/Github/Ounce/Hardware/pico-sdk/src/rp2_common/pico_double/double_aeabi_dcp.S.obj
                0x10002080                __wrap___aeabi_ddiv
 .text.__wrap___aeabi_i2d
                0x10002114       0x24 CMakeFiles/ounce_master.dir/Z_/Code/Github/Ounce/Hardware/pico-sdk/src/rp2_common/pico_double/double_aeabi_dcp.S.obj
                0x1000211c                int2double
                0x1000211c                __wrap___aeabi_i2d
 .text.__wrap___aeabi_ui2d
                0x10002138       0x24 CMakeFiles/ounce_master.dir/Z_/Code/Github/Ounce/Hardware/pico-sdk/src/rp2_common/pico_double/double_aeabi_dcp.S.obj
                0x10002140                uint2double
                0x10002140                __wrap___aeabi_ui2d
 .text.__wrap___aeabi_d2iz
                0x1000215c       0x24 CMakeFiles/ounce_master.dir/Z_/Code/Github/Ounce/Hardware/pico-sdk/src/rp2_common/pico_double/double_aeabi_dcp.S.obj
                0x10002164                double2int_z
                0x10002164                __wrap___aeabi_d2iz
 .text.__wrap___aeabi_d2uiz
                0x10002180       0x24 CMakeFiles/ounce_master.dir/Z_/Code/Github/Ounce/Hardware/pico-sdk/src/rp2_common/pico_double/double_aeabi_dcp.S.obj
                0x10002188                double2uint
                0x10002188                __wrap___aeabi_d2uiz
                0x10002188                double2uint_z
 .text.__wrap___aeabi_dcmpun
                0x100021a4       0x24 CMakeFiles/ounce_master.dir/Z_/Code/Github/Ounce/Hardware/pico-sdk/src/rp2_common/pico_double/double_aeabi_dcp.S.obj
                0x100021ac                __wrap___aeabi_dcmpun
 .text.__wrap___aeabi_dcmplt
                0x100021c8       0x28 CMakeFiles/ounce_master.dir/Z_/Code/Github/Ounce/Hardware/pico-sdk/src/rp2_common/pico_double/double_aeabi_dcp.S.obj
                0x100021d0                __wrap___aeabi_dcmplt
 .text.__wrap___aeabi_dcmpge
                0x100021f0       0x28 CMakeFiles/ounce_master.dir/Z_/Code/Github/Ounce/Hardware/pico-sdk/src/rp2_common/pico_double/double_aeabi_dcp.S.obj
                0x100021f8                __wrap___aeabi_dcmpge
 .text.__wrap___aeabi_dcmpgt
                0x10002218       0x28 CMakeFiles/ounce_master.dir/Z_/Code/Github/Ounce/Hardware/pico-sdk/src/rp2_common/pico_double/double_aeabi_dcp.S.obj
                0x10002220                __wrap___aeabi_dcmpgt
 .text._out_buffer
                0x10002240        0x8 CMakeFiles/ounce_master.dir/Z_/Code/Github/Ounce/Hardware/pico-sdk/src/rp2_common/pico_printf/printf.c.obj
 .text._out_null
                0x10002248        0x4 CMakeFiles/ounce_master.dir/Z_/Code/Github/Ounce/Hardware/pico-sdk/src/rp2_common/pico_printf/printf.c.obj
 .text._out_rev
                0x1000224c       0x9c CMakeFiles/ounce_master.dir/Z_/Code/Github/Ounce/Hardware/pico-sdk/src/rp2_common/pico_printf/printf.c.obj
 .text._ntoa_format
                0x100022e8      0x2a4 CMakeFiles/ounce_master.dir/Z_/Code/Github/Ounce/Hardware/pico-sdk/src/rp2_common/pico_printf/printf.c.obj
 .text._out_char
                0x1000258c        0x8 CMakeFiles/ounce_master.dir/Z_/Code/Github/Ounce/Hardware/pico-sdk/src/rp2_common/pico_printf/printf.c.obj
 *fill*         0x10002594        0x4 
 .text._etoa    0x10002598      0x460 CMakeFiles/ounce_master.dir/Z_/Code/Github/Ounce/Hardware/pico-sdk/src/rp2_common/pico_printf/printf.c.obj
 .text._ftoa    0x100029f8      0x3f4 CMakeFiles/ounce_master.dir/Z_/Code/Github/Ounce/Hardware/pico-sdk/src/rp2_common/pico_printf/printf.c.obj
 .text._vsnprintf
                0x10002dec      0x9e8 CMakeFiles/ounce_master.dir/Z_/Code/Github/Ounce/Hardware/pico-sdk/src/rp2_common/pico_printf/printf.c.obj
 .text.__wrap_vsnprintf
                0x100037d4       0x24 CMakeFiles/ounce_master.dir/Z_/Code/Github/Ounce/Hardware/pico-sdk/src/rp2_common/pico_printf/printf.c.obj
                0x100037d4                __wrap_vsnprintf
 .text.weak_raw_vprintf
                0x100037f8       0x30 CMakeFiles/ounce_master.dir/Z_/Code/Github/Ounce/Hardware/pico-sdk/src/rp2_common/pico_printf/printf.c.obj
                0x100037f8                weak_raw_vprintf
 .text._exit    0x10003828        0x4 CMakeFiles/ounce_master.dir/Z_/Code/Github/Ounce/Hardware/pico-sdk/src/rp2_common/pico_clib_interface/newlib_interface.c.obj
                0x10003828                _exit
 .text._fini    0x1000382c        0x4 CMakeFiles/ounce_master.dir/Z_/Code/Github/Ounce/Hardware/pico-sdk/src/rp2_common/pico_clib_interface/newlib_interface.c.obj
                0x1000382c                _fini
 .text.exit     0x10003830        0x8 CMakeFiles/ounce_master.dir/Z_/Code/Github/Ounce/Hardware/pico-sdk/src/rp2_common/pico_clib_interface/newlib_interface.c.obj
                0x10003830                exit
 .text.runtime_init
                0x10003838       0x24 CMakeFiles/ounce_master.dir/Z_/Code/Github/Ounce/Hardware/pico-sdk/src/rp2_common/pico_clib_interface/newlib_interface.c.obj
                0x10003838                runtime_init
 .text.stdio_out_chars_no_crlf
                0x1000385c        0x8 CMakeFiles/ounce_master.dir/Z_/Code/Github/Ounce/Hardware/pico-sdk/src/rp2_common/pico_stdio/stdio.c.obj
 .text.stdio_out_chars_crlf
                0x10003864       0xac CMakeFiles/ounce_master.dir/Z_/Code/Github/Ounce/Hardware/pico-sdk/src/rp2_common/pico_stdio/stdio.c.obj
 .text.stdio_put_string
                0x10003910       0xf0 CMakeFiles/ounce_master.dir/Z_/Code/Github/Ounce/Hardware/pico-sdk/src/rp2_common/pico_stdio/stdio.c.obj
                0x10003910                stdio_put_string
 .text.stdio_set_driver_enabled
                0x10003a00       0x30 CMakeFiles/ounce_master.dir/Z_/Code/Github/Ounce/Hardware/pico-sdk/src/rp2_common/pico_stdio/stdio.c.obj
                0x10003a00                stdio_set_driver_enabled
 .text.stdio_init_all
                0x10003a30        0x4 CMakeFiles/ounce_master.dir/Z_/Code/Github/Ounce/Hardware/pico-sdk/src/rp2_common/pico_stdio/stdio.c.obj
                0x10003a30                stdio_init_all
 .text.__wrap_putchar
                0x10003a34       0x84 CMakeFiles/ounce_master.dir/Z_/Code/Github/Ounce/Hardware/pico-sdk/src/rp2_common/pico_stdio/stdio.c.obj
                0x10003a34                __wrap_putchar
                0x10003a34                stdio_putchar
 .text.__wrap_puts
                0x10003ab8       0x3c CMakeFiles/ounce_master.dir/Z_/Code/Github/Ounce/Hardware/pico-sdk/src/rp2_common/pico_stdio/stdio.c.obj
                0x10003ab8                stdio_puts
                0x10003ab8                __wrap_puts
 .text.stdio_usb_set_chars_available_callback
                0x10003af4       0x14 CMakeFiles/ounce_master.dir/Z_/Code/Github/Ounce/Hardware/pico-sdk/src/rp2_common/pico_stdio_usb/stdio_usb.c.obj
                0x10003af4                stdio_usb_set_chars_available_callback
 .text.stdio_usb_in_chars
                0x10003b08       0x88 CMakeFiles/ounce_master.dir/Z_/Code/Github/Ounce/Hardware/pico-sdk/src/rp2_common/pico_stdio_usb/stdio_usb.c.obj
                0x10003b08                stdio_usb_in_chars
 .text.stdio_usb_out_flush
                0x10003b90       0x54 CMakeFiles/ounce_master.dir/Z_/Code/Github/Ounce/Hardware/pico-sdk/src/rp2_common/pico_stdio_usb/stdio_usb.c.obj
 .text.stdio_usb_out_chars
                0x10003be4       0xe0 CMakeFiles/ounce_master.dir/Z_/Code/Github/Ounce/Hardware/pico-sdk/src/rp2_common/pico_stdio_usb/stdio_usb.c.obj
 .text.stdio_usb_init
                0x10003cc4       0x48 CMakeFiles/ounce_master.dir/Z_/Code/Github/Ounce/Hardware/pico-sdk/src/rp2_common/pico_stdio_usb/stdio_usb.c.obj
                0x10003cc4                stdio_usb_init
 .text.tud_descriptor_device_cb
                0x10003d0c        0x8 CMakeFiles/ounce_master.dir/Z_/Code/Github/Ounce/Hardware/pico-sdk/src/rp2_common/pico_stdio_usb/stdio_usb_descriptors.c.obj
                0x10003d0c                tud_descriptor_device_cb
 .text.tud_descriptor_configuration_cb
                0x10003d14        0x8 CMakeFiles/ounce_master.dir/Z_/Code/Github/Ounce/Hardware/pico-sdk/src/rp2_common/pico_stdio_usb/stdio_usb_descriptors.c.obj
                0x10003d14                tud_descriptor_configuration_cb
 .text.tud_descriptor_string_cb
                0x10003d1c       0x70 CMakeFiles/ounce_master.dir/Z_/Code/Github/Ounce/Hardware/pico-sdk/src/rp2_common/pico_stdio_usb/stdio_usb_descriptors.c.obj
                0x10003d1c                tud_descriptor_string_cb
 .text.startup._retrieve_unique_id_on_boot
                0x10003d8c       0x30 CMakeFiles/ounce_master.dir/Z_/Code/Github/Ounce/Hardware/pico-sdk/src/rp2_common/pico_unique_id/unique_id.c.obj
 .text.pico_get_unique_board_id_string
                0x10003dbc      0x184 CMakeFiles/ounce_master.dir/Z_/Code/Github/Ounce/Hardware/pico-sdk/src/rp2_common/pico_unique_id/unique_id.c.obj
                0x10003dbc                pico_get_unique_board_id_string
 .text.usb_reset_interface_init
                0x10003f40        0x4 CMakeFiles/ounce_master.dir/Z_/Code/Github/Ounce/Hardware/pico-sdk/src/rp2_common/pico_usb_reset/usb_reset.c.obj
                0x10003f40                usb_reset_interface_init
 .text.usb_reset_interface_reset
                0x10003f44        0xc CMakeFiles/ounce_master.dir/Z_/Code/Github/Ounce/Hardware/pico-sdk/src/rp2_common/pico_usb_reset/usb_reset.c.obj
                0x10003f44                usb_reset_interface_reset
 .text.usb_reset_interface_open
                0x10003f50       0x28 CMakeFiles/ounce_master.dir/Z_/Code/Github/Ounce/Hardware/pico-sdk/src/rp2_common/pico_usb_reset/usb_reset.c.obj
                0x10003f50                usb_reset_interface_open
 .text.usb_reset_interface_xfer_cb
                0x10003f78        0x4 CMakeFiles/ounce_master.dir/Z_/Code/Github/Ounce/Hardware/pico-sdk/src/rp2_common/pico_usb_reset/usb_reset.c.obj
                0x10003f78                usb_reset_interface_xfer_cb
 .text.usb_reset_interface_control_xfer_cb
                0x10003f7c       0x50 CMakeFiles/ounce_master.dir/Z_/Code/Github/Ounce/Hardware/pico-sdk/src/rp2_common/pico_usb_reset/usb_reset.c.obj
                0x10003f7c                usb_reset_interface_control_xfer_cb
 .text.tud_descriptor_bos_cb
                0x10003fcc        0x8 CMakeFiles/ounce_master.dir/Z_/Code/Github/Ounce/Hardware/pico-sdk/src/rp2_common/pico_usb_reset/usb_reset.c.obj
                0x10003fcc                tud_descriptor_bos_cb
 .text.tud_vendor_control_xfer_cb
                0x10003fd4       0x28 CMakeFiles/ounce_master.dir/Z_/Code/Github/Ounce/Hardware/pico-sdk/src/rp2_common/pico_usb_reset/usb_reset.c.obj
                0x10003fd4                tud_vendor_control_xfer_cb
 .text.usbd_app_driver_get_cb
                0x10003ffc       0x10 CMakeFiles/ounce_master.dir/Z_/Code/Github/Ounce/Hardware/pico-sdk/src/rp2_common/pico_usb_reset/usb_reset.c.obj
                0x10003ffc                usbd_app_driver_get_cb
 .text.tud_cdc_line_coding_cb
                0x1000400c       0x18 CMakeFiles/ounce_master.dir/Z_/Code/Github/Ounce/Hardware/pico-sdk/src/rp2_common/pico_usb_reset/usb_reset.c.obj
                0x1000400c                tud_cdc_line_coding_cb
 .text.dcd_init
                0x10004024       0x90 CMakeFiles/ounce_master.dir/Z_/Code/Github/Ounce/Hardware/pico-sdk/lib/tinyusb/src/portable/raspberrypi/rp2040/dcd_rp2040.c.obj
                0x10004024                dcd_init
 .text.dcd_int_enable
                0x100040b4        0x8 CMakeFiles/ounce_master.dir/Z_/Code/Github/Ounce/Hardware/pico-sdk/lib/tinyusb/src/portable/raspberrypi/rp2040/dcd_rp2040.c.obj
                0x100040b4                dcd_int_enable
 .text.dcd_set_address
                0x100040bc       0x10 CMakeFiles/ounce_master.dir/Z_/Code/Github/Ounce/Hardware/pico-sdk/lib/tinyusb/src/portable/raspberrypi/rp2040/dcd_rp2040.c.obj
                0x100040bc                dcd_set_address
 .text.dcd_sof_enable
                0x100040cc       0x1c CMakeFiles/ounce_master.dir/Z_/Code/Github/Ounce/Hardware/pico-sdk/lib/tinyusb/src/portable/raspberrypi/rp2040/dcd_rp2040.c.obj
                0x100040cc                dcd_sof_enable
 .text.dcd_edpt0_status_complete
                0x100040e8       0x1c CMakeFiles/ounce_master.dir/Z_/Code/Github/Ounce/Hardware/pico-sdk/lib/tinyusb/src/portable/raspberrypi/rp2040/dcd_rp2040.c.obj
                0x100040e8                dcd_edpt0_status_complete
 .text.dcd_edpt_open
                0x10004104       0xfc CMakeFiles/ounce_master.dir/Z_/Code/Github/Ounce/Hardware/pico-sdk/lib/tinyusb/src/portable/raspberrypi/rp2040/dcd_rp2040.c.obj
                0x10004104                dcd_edpt_open
 .text.dcd_edpt_close_all
                0x10004200        0x4 CMakeFiles/ounce_master.dir/Z_/Code/Github/Ounce/Hardware/pico-sdk/lib/tinyusb/src/portable/raspberrypi/rp2040/dcd_rp2040.c.obj
                0x10004200                dcd_edpt_close_all
 .text.dcd_edpt_xfer
                0x10004204       0x28 CMakeFiles/ounce_master.dir/Z_/Code/Github/Ounce/Hardware/pico-sdk/lib/tinyusb/src/portable/raspberrypi/rp2040/dcd_rp2040.c.obj
                0x10004204                dcd_edpt_xfer
 .text.dcd_edpt_stall
                0x1000422c       0x2c CMakeFiles/ounce_master.dir/Z_/Code/Github/Ounce/Hardware/pico-sdk/lib/tinyusb/src/portable/raspberrypi/rp2040/dcd_rp2040.c.obj
                0x1000422c                dcd_edpt_stall
 .text.dcd_edpt_clear_stall
                0x10004258       0x2c CMakeFiles/ounce_master.dir/Z_/Code/Github/Ounce/Hardware/pico-sdk/lib/tinyusb/src/portable/raspberrypi/rp2040/dcd_rp2040.c.obj
                0x10004258                dcd_edpt_clear_stall
 .text.rp2040_usb_init
                0x10004284       0x40 CMakeFiles/ounce_master.dir/Z_/Code/Github/Ounce/Hardware/pico-sdk/lib/tinyusb/src/portable/raspberrypi/rp2040/rp2040_usb.c.obj
                0x10004284                rp2040_usb_init
 .text.hw_endpoint_xfer_start
                0x100042c4       0x40 CMakeFiles/ounce_master.dir/Z_/Code/Github/Ounce/Hardware/pico-sdk/lib/tinyusb/src/portable/raspberrypi/rp2040/rp2040_usb.c.obj
                0x100042c4                hw_endpoint_xfer_start
 .text.configuration_reset
                0x10004304       0x8c CMakeFiles/ounce_master.dir/Z_/Code/Github/Ounce/Hardware/pico-sdk/lib/tinyusb/src/device/usbd.c.obj
 .text.tud_event_hook_cb
                0x10004390        0x4 CMakeFiles/ounce_master.dir/Z_/Code/Github/Ounce/Hardware/pico-sdk/lib/tinyusb/src/device/usbd.c.obj
                0x10004390                tud_event_hook_cb
 .text.tud_sof_cb
                0x10004394        0x4 CMakeFiles/ounce_master.dir/Z_/Code/Github/Ounce/Hardware/pico-sdk/lib/tinyusb/src/device/usbd.c.obj
                0x10004394                tud_sof_cb
 .text.tud_descriptor_device_qualifier_cb
                0x10004398        0x4 CMakeFiles/ounce_master.dir/Z_/Code/Github/Ounce/Hardware/pico-sdk/lib/tinyusb/src/device/usbd.c.obj
                0x10004398                tud_descriptor_device_qualifier_cb
 .text.tud_descriptor_other_speed_configuration_cb
                0x1000439c        0x4 CMakeFiles/ounce_master.dir/Z_/Code/Github/Ounce/Hardware/pico-sdk/lib/tinyusb/src/device/usbd.c.obj
                0x1000439c                tud_descriptor_other_speed_configuration_cb
 .text.tud_mount_cb
                0x100043a0        0x4 CMakeFiles/ounce_master.dir/Z_/Code/Github/Ounce/Hardware/pico-sdk/lib/tinyusb/src/device/usbd.c.obj
                0x100043a0                tud_mount_cb
 .text.tud_umount_cb
                0x100043a4        0x4 CMakeFiles/ounce_master.dir/Z_/Code/Github/Ounce/Hardware/pico-sdk/lib/tinyusb/src/device/usbd.c.obj
                0x100043a4                tud_umount_cb
 .text.tud_suspend_cb
                0x100043a8        0x4 CMakeFiles/ounce_master.dir/Z_/Code/Github/Ounce/Hardware/pico-sdk/lib/tinyusb/src/device/usbd.c.obj
                0x100043a8                tud_suspend_cb
 .text.tud_resume_cb
                0x100043ac        0x4 CMakeFiles/ounce_master.dir/Z_/Code/Github/Ounce/Hardware/pico-sdk/lib/tinyusb/src/device/usbd.c.obj
                0x100043ac                tud_resume_cb
 .text.tud_mounted
                0x100043b0       0x10 CMakeFiles/ounce_master.dir/Z_/Code/Github/Ounce/Hardware/pico-sdk/lib/tinyusb/src/device/usbd.c.obj
                0x100043b0                tud_mounted
 .text.tud_suspended
                0x100043c0       0x10 CMakeFiles/ounce_master.dir/Z_/Code/Github/Ounce/Hardware/pico-sdk/lib/tinyusb/src/device/usbd.c.obj
                0x100043c0                tud_suspended
 .text.tud_rhport_init
                0x100043d0       0xf8 CMakeFiles/ounce_master.dir/Z_/Code/Github/Ounce/Hardware/pico-sdk/lib/tinyusb/src/device/usbd.c.obj
                0x100043d0                tud_rhport_init
 .text.tud_task_ext
                0x100044c8      0x760 CMakeFiles/ounce_master.dir/Z_/Code/Github/Ounce/Hardware/pico-sdk/lib/tinyusb/src/device/usbd.c.obj
                0x100044c8                tud_task_ext
 .text.usbd_open_edpt_pair
                0x10004c28       0x9c CMakeFiles/ounce_master.dir/Z_/Code/Github/Ounce/Hardware/pico-sdk/lib/tinyusb/src/device/usbd.c.obj
                0x10004c28                usbd_open_edpt_pair
 .text.usbd_edpt_open
                0x10004cc4       0x44 CMakeFiles/ounce_master.dir/Z_/Code/Github/Ounce/Hardware/pico-sdk/lib/tinyusb/src/device/usbd.c.obj
                0x10004cc4                usbd_edpt_open
 .text.usbd_edpt_claim
                0x10004d08       0x24 CMakeFiles/ounce_master.dir/Z_/Code/Github/Ounce/Hardware/pico-sdk/lib/tinyusb/src/device/usbd.c.obj
                0x10004d08                usbd_edpt_claim
 .text.usbd_edpt_release
                0x10004d2c       0x24 CMakeFiles/ounce_master.dir/Z_/Code/Github/Ounce/Hardware/pico-sdk/lib/tinyusb/src/device/usbd.c.obj
                0x10004d2c                usbd_edpt_release
 .text.usbd_edpt_xfer
                0x10004d50       0x70 CMakeFiles/ounce_master.dir/Z_/Code/Github/Ounce/Hardware/pico-sdk/lib/tinyusb/src/device/usbd.c.obj
                0x10004d50                usbd_edpt_xfer
 .text.tud_control_status
                0x10004dc0       0x34 CMakeFiles/ounce_master.dir/Z_/Code/Github/Ounce/Hardware/pico-sdk/lib/tinyusb/src/device/usbd_control.c.obj
                0x10004dc0                tud_control_status
 .text.tud_control_xfer
                0x10004df4       0xac CMakeFiles/ounce_master.dir/Z_/Code/Github/Ounce/Hardware/pico-sdk/lib/tinyusb/src/device/usbd_control.c.obj
                0x10004df4                tud_control_xfer
 .text.usbd_control_reset
                0x10004ea0       0x14 CMakeFiles/ounce_master.dir/Z_/Code/Github/Ounce/Hardware/pico-sdk/lib/tinyusb/src/device/usbd_control.c.obj
                0x10004ea0                usbd_control_reset
 .text.usbd_control_set_complete_callback
                0x10004eb4        0xc CMakeFiles/ounce_master.dir/Z_/Code/Github/Ounce/Hardware/pico-sdk/lib/tinyusb/src/device/usbd_control.c.obj
                0x10004eb4                usbd_control_set_complete_callback
 .text.usbd_control_set_request
                0x10004ec0       0x1c CMakeFiles/ounce_master.dir/Z_/Code/Github/Ounce/Hardware/pico-sdk/lib/tinyusb/src/device/usbd_control.c.obj
                0x10004ec0                usbd_control_set_request
 .text.usbd_control_xfer_cb
                0x10004edc       0xfc CMakeFiles/ounce_master.dir/Z_/Code/Github/Ounce/Hardware/pico-sdk/lib/tinyusb/src/device/usbd_control.c.obj
                0x10004edc                usbd_control_xfer_cb
 .text._prep_out_transaction.isra.0
                0x10004fd8       0x74 CMakeFiles/ounce_master.dir/Z_/Code/Github/Ounce/Hardware/pico-sdk/lib/tinyusb/src/class/cdc/cdc_device.c.obj
 .text.tud_cdc_n_connected
                0x1000504c       0x2c CMakeFiles/ounce_master.dir/Z_/Code/Github/Ounce/Hardware/pico-sdk/lib/tinyusb/src/class/cdc/cdc_device.c.obj
                0x1000504c                tud_cdc_n_connected
 .text.tud_cdc_n_available
                0x10005078       0x18 CMakeFiles/ounce_master.dir/Z_/Code/Github/Ounce/Hardware/pico-sdk/lib/tinyusb/src/class/cdc/cdc_device.c.obj
                0x10005078                tud_cdc_n_available
 .text.tud_cdc_n_read
                0x10005090       0x8c CMakeFiles/ounce_master.dir/Z_/Code/Github/Ounce/Hardware/pico-sdk/lib/tinyusb/src/class/cdc/cdc_device.c.obj
                0x10005090                tud_cdc_n_read
 .text.tud_cdc_n_write_flush
                0x1000511c       0x8c CMakeFiles/ounce_master.dir/Z_/Code/Github/Ounce/Hardware/pico-sdk/lib/tinyusb/src/class/cdc/cdc_device.c.obj
                0x1000511c                tud_cdc_n_write_flush
 .text.tud_cdc_n_write
                0x100051a8       0x44 CMakeFiles/ounce_master.dir/Z_/Code/Github/Ounce/Hardware/pico-sdk/lib/tinyusb/src/class/cdc/cdc_device.c.obj
                0x100051a8                tud_cdc_n_write
 .text.tud_cdc_n_write_available
                0x100051ec       0x18 CMakeFiles/ounce_master.dir/Z_/Code/Github/Ounce/Hardware/pico-sdk/lib/tinyusb/src/class/cdc/cdc_device.c.obj
                0x100051ec                tud_cdc_n_write_available
 .text.cdcd_init
                0x10005204       0x70 CMakeFiles/ounce_master.dir/Z_/Code/Github/Ounce/Hardware/pico-sdk/lib/tinyusb/src/class/cdc/cdc_device.c.obj
                0x10005204                cdcd_init
 .text.cdcd_deinit
                0x10005274       0x2c CMakeFiles/ounce_master.dir/Z_/Code/Github/Ounce/Hardware/pico-sdk/lib/tinyusb/src/class/cdc/cdc_device.c.obj
                0x10005274                cdcd_deinit
 .text.cdcd_reset
                0x100052a0       0x4c CMakeFiles/ounce_master.dir/Z_/Code/Github/Ounce/Hardware/pico-sdk/lib/tinyusb/src/class/cdc/cdc_device.c.obj
                0x100052a0                cdcd_reset
 .text.cdcd_open
                0x100052ec       0xbc CMakeFiles/ounce_master.dir/Z_/Code/Github/Ounce/Hardware/pico-sdk/lib/tinyusb/src/class/cdc/cdc_device.c.obj
                0x100052ec                cdcd_open
 .text.cdcd_control_xfer_cb
                0x100053a8       0xc0 CMakeFiles/ounce_master.dir/Z_/Code/Github/Ounce/Hardware/pico-sdk/lib/tinyusb/src/class/cdc/cdc_device.c.obj
                0x100053a8                cdcd_control_xfer_cb
 .text.cdcd_xfer_cb
                0x10005468       0xfc CMakeFiles/ounce_master.dir/Z_/Code/Github/Ounce/Hardware/pico-sdk/lib/tinyusb/src/class/cdc/cdc_device.c.obj
                0x10005468                cdcd_xfer_cb
 .text.tusb_rhport_init
                0x10005564       0x60 CMakeFiles/ounce_master.dir/Z_/Code/Github/Ounce/Hardware/pico-sdk/lib/tinyusb/src/tusb.c.obj
                0x10005564                tusb_rhport_init
 .text.tu_edpt_claim
                0x100055c4       0x54 CMakeFiles/ounce_master.dir/Z_/Code/Github/Ounce/Hardware/pico-sdk/lib/tinyusb/src/tusb.c.obj
                0x100055c4                tu_edpt_claim
 .text.tu_edpt_release
                0x10005618       0x38 CMakeFiles/ounce_master.dir/Z_/Code/Github/Ounce/Hardware/pico-sdk/lib/tinyusb/src/tusb.c.obj
                0x10005618                tu_edpt_release
 .text.tu_edpt_validate
                0x10005650       0x64 CMakeFiles/ounce_master.dir/Z_/Code/Github/Ounce/Hardware/pico-sdk/lib/tinyusb/src/tusb.c.obj
                0x10005650                tu_edpt_validate
 .text.tu_edpt_bind_driver
                0x100056b4       0x58 CMakeFiles/ounce_master.dir/Z_/Code/Github/Ounce/Hardware/pico-sdk/lib/tinyusb/src/tusb.c.obj
                0x100056b4                tu_edpt_bind_driver
 .text.tu_fifo_config
                0x1000570c       0x60 CMakeFiles/ounce_master.dir/Z_/Code/Github/Ounce/Hardware/pico-sdk/lib/tinyusb/src/common/tusb_fifo.c.obj
                0x1000570c                tu_fifo_config
 .text.tu_fifo_count
                0x1000576c       0x20 CMakeFiles/ounce_master.dir/Z_/Code/Github/Ounce/Hardware/pico-sdk/lib/tinyusb/src/common/tusb_fifo.c.obj
                0x1000576c                tu_fifo_count
 .text.tu_fifo_empty
                0x1000578c       0x14 CMakeFiles/ounce_master.dir/Z_/Code/Github/Ounce/Hardware/pico-sdk/lib/tinyusb/src/common/tusb_fifo.c.obj
                0x1000578c                tu_fifo_empty
 .text.tu_fifo_remaining
                0x100057a0       0x24 CMakeFiles/ounce_master.dir/Z_/Code/Github/Ounce/Hardware/pico-sdk/lib/tinyusb/src/common/tusb_fifo.c.obj
                0x100057a0                tu_fifo_remaining
 .text.tu_fifo_read
                0x100057c4       0x94 CMakeFiles/ounce_master.dir/Z_/Code/Github/Ounce/Hardware/pico-sdk/lib/tinyusb/src/common/tusb_fifo.c.obj
                0x100057c4                tu_fifo_read
 .text.tu_fifo_read_n
                0x10005858       0xd8 CMakeFiles/ounce_master.dir/Z_/Code/Github/Ounce/Hardware/pico-sdk/lib/tinyusb/src/common/tusb_fifo.c.obj
                0x10005858                tu_fifo_read_n
 .text.tu_fifo_write
                0x10005930       0xa0 CMakeFiles/ounce_master.dir/Z_/Code/Github/Ounce/Hardware/pico-sdk/lib/tinyusb/src/common/tusb_fifo.c.obj
                0x10005930                tu_fifo_write
 .text.tu_fifo_write_n
                0x100059d0      0x158 CMakeFiles/ounce_master.dir/Z_/Code/Github/Ounce/Hardware/pico-sdk/lib/tinyusb/src/common/tusb_fifo.c.obj
                0x100059d0                tu_fifo_write_n
 .text.tu_fifo_clear
                0x10005b28       0x38 CMakeFiles/ounce_master.dir/Z_/Code/Github/Ounce/Hardware/pico-sdk/lib/tinyusb/src/common/tusb_fifo.c.obj
                0x10005b28                tu_fifo_clear
 .text.tu_fifo_set_overwritable
                0x10005b60       0x3c CMakeFiles/ounce_master.dir/Z_/Code/Github/Ounce/Hardware/pico-sdk/lib/tinyusb/src/common/tusb_fifo.c.obj
                0x10005b60                tu_fifo_set_overwritable
 .text.spi_init
                0x10005b9c       0xf4 CMakeFiles/ounce_master.dir/Z_/Code/Github/Ounce/Hardware/pico-sdk/src/rp2_common/hardware_spi/spi.c.obj
                0x10005b9c                spi_init
 .text.strlen   0x10005c90       0x5c C:/PROGRA~2/ARMGNU~1/133167~1.3RE/bin/../lib/gcc/arm-none-eabi/13.3.1/thumb/v8-m.main+fp/softfp\libg.a(libc_a-strlen-stub.o)
                0x10005c90                strlen
 *fill*         0x10005cec        0x4 
 .text.strlen.__stub
                0x10005cf0       0x58 linker stubs
 *(.fini)
 *crtbegin.o(.ctors)
 *crtbegin?.o(.ctors)
 *(EXCLUDE_FILE(*crtend.o *crtend?.o) .ctors)
 *(SORT_BY_NAME(.ctors.*))
 *(.ctors)
 *crtbegin.o(.dtors)
 *crtbegin?.o(.dtors)
 *(EXCLUDE_FILE(*crtend.o *crtend?.o) .dtors)
 *(SORT_BY_NAME(.dtors.*))
 *(.dtors)
                0x10005d48                        . = ALIGN (0x4)
                [!provide]                        PROVIDE (__bothinit_array_start = .)
                0x10005d48                        PROVIDE (__preinit_array_start = .)
 *(SORT_BY_NAME(.preinit_array.*))
 .preinit_array.00050
                0x10005d48        0x4 CMakeFiles/ounce_master.dir/Z_/Code/Github/Ounce/Hardware/pico-sdk/src/rp2_common/pico_runtime_init/runtime_init.c.obj
                0x10005d48                __pre_init_runtime_init_bootrom_reset
 .preinit_array.00100
                0x10005d4c        0x4 CMakeFiles/ounce_master.dir/Z_/Code/Github/Ounce/Hardware/pico-sdk/src/rp2_common/pico_runtime_init/runtime_init.c.obj
                0x10005d4c                __pre_init_runtime_init_early_resets
 .preinit_array.00101
                0x10005d50        0x4 CMakeFiles/ounce_master.dir/Z_/Code/Github/Ounce/Hardware/pico-sdk/src/rp2_common/pico_runtime_init/runtime_init.c.obj
                0x10005d50                __pre_init_runtime_init_usb_power_down
 .preinit_array.00500
                0x10005d54        0x4 CMakeFiles/ounce_master.dir/Z_/Code/Github/Ounce/Hardware/pico-sdk/src/rp2_common/pico_runtime_init/runtime_init.c.obj
                0x10005d54                __pre_init_runtime_init_clocks
 .preinit_array.00600
                0x10005d58        0x4 CMakeFiles/ounce_master.dir/Z_/Code/Github/Ounce/Hardware/pico-sdk/src/rp2_common/pico_runtime_init/runtime_init.c.obj
                0x10005d58                __pre_init_runtime_init_post_clock_resets
 .preinit_array.01000
                0x10005d5c        0x4 CMakeFiles/ounce_master.dir/Z_/Code/Github/Ounce/Hardware/pico-sdk/src/rp2_common/hardware_boot_lock/boot_lock.c.obj
                0x10005d5c                __pre_init_runtime_init_boot_locks_reset
 .preinit_array.01000
                0x10005d60        0x4 CMakeFiles/ounce_master.dir/Z_/Code/Github/Ounce/Hardware/pico-sdk/src/rp2_common/pico_runtime_init/runtime_init.c.obj
                0x10005d60                __pre_init_runtime_init_spin_locks_reset
 .preinit_array.01010
                0x10005d64        0x4 CMakeFiles/ounce_master.dir/Z_/Code/Github/Ounce/Hardware/pico-sdk/src/rp2_common/pico_bootrom/bootrom_lock.c.obj
                0x10005d64                __pre_init_runtime_init_bootrom_locking_enable
 .preinit_array.01100
                0x10005d68        0x4 CMakeFiles/ounce_master.dir/Z_/Code/Github/Ounce/Hardware/pico-sdk/src/common/pico_sync/mutex.c.obj
                0x10005d68                __pre_init_runtime_init_mutex
 .preinit_array.10080
                0x10005d6c        0x4 CMakeFiles/ounce_master.dir/Z_/Code/Github/Ounce/Hardware/pico-sdk/src/rp2_common/pico_runtime_init/runtime_init.c.obj
                0x10005d6c                __pre_init_runtime_init_install_ram_vector_table
 .preinit_array.11000
                0x10005d70        0x4 CMakeFiles/ounce_master.dir/Z_/Code/Github/Ounce/Hardware/pico-sdk/src/common/pico_time/time.c.obj
                0x10005d70                __pre_init_runtime_init_default_alarm_pool
 .preinit_array.YYYYY
                0x10005d74        0x4 CMakeFiles/ounce_master.dir/Z_/Code/Github/Ounce/Hardware/pico-sdk/src/rp2_common/pico_runtime/runtime.c.obj
                0x10005d74                __pre_init_first_per_core_initializer
 .preinit_array.ZZZZZ.00051
                0x10005d78        0x4 CMakeFiles/ounce_master.dir/Z_/Code/Github/Ounce/Hardware/pico-sdk/src/rp2_common/pico_runtime_init/runtime_init.c.obj
                0x10005d78                __pre_init_runtime_init_per_core_bootrom_reset
 .preinit_array.ZZZZZ.00200
                0x10005d7c        0x4 CMakeFiles/ounce_master.dir/Z_/Code/Github/Ounce/Hardware/pico-sdk/src/rp2_common/pico_runtime_init/runtime_init.c.obj
                0x10005d7c                __pre_init_runtime_init_per_core_enable_coprocessors
 .preinit_array.ZZZZZ.01000
                0x10005d80        0x4 CMakeFiles/ounce_master.dir/Z_/Code/Github/Ounce/Hardware/pico-sdk/src/rp2_common/hardware_sync_spin_lock/sync_spin_lock.c.obj
                0x10005d80                __pre_init_spinlock_set_extexclall
 .preinit_array.ZZZZZ.01200
                0x10005d84        0x4 CMakeFiles/ounce_master.dir/Z_/Code/Github/Ounce/Hardware/pico-sdk/src/rp2_common/hardware_irq/irq.c.obj
                0x10005d84                __pre_init_runtime_init_per_core_irq_priorities
 *(.preinit_array)
                0x10005d88                        PROVIDE (__preinit_array_end = .)
                0x10005d88                        . = ALIGN (0x4)
                0x10005d88                        PROVIDE (__init_array_start = .)
 *(SORT_BY_NAME(.init_array.*))
 .init_array.01000
                0x10005d88        0x4 CMakeFiles/ounce_master.dir/Z_/Code/Github/Ounce/Hardware/pico-sdk/src/rp2_common/pico_unique_id/unique_id.c.obj
 *(.init_array)
 .init_array    0x10005d8c        0x4 CMakeFiles/ounce_master.dir/src/main.cpp.obj
                0x10005d90                        PROVIDE (__init_array_end = .)
                [!provide]                        PROVIDE (__bothinit_array_end = .)
                0x10005d90                        . = ALIGN (0x4)
                [!provide]                        PROVIDE (__fini_array_start = .)
 *(SORT_BY_NAME(.fini_array.*))
 *(.fini_array)
                [!provide]                        PROVIDE (__fini_array_end = .)
                [!provide]                        PROVIDE (__dso_handle = 0x0)
 *(.eh_frame*)
                0x10005d90                        . = ALIGN (0x4)

.glue_7         0x10005d90        0x0
 .glue_7        0x10005d90        0x0 linker stubs

.glue_7t        0x10005d90        0x0
 .glue_7t       0x10005d90        0x0 linker stubs

.vfp11_veneer   0x10005d90        0x0
 .vfp11_veneer  0x10005d90        0x0 linker stubs

.v4_bx          0x10005d90        0x0
 .v4_bx         0x10005d90        0x0 linker stubs

.iplt           0x10005d90        0x0
 .iplt          0x10005d90        0x0 CMakeFiles/ounce_master.dir/src/main.cpp.obj

.boot2          0x10005d90        0x0
                0x10005d90                        __boot2_start__ = .
 *(.boot2)
                0x10005d90                        __boot2_end__ = .
                0x00000001                        ASSERT (((__boot2_end__ - __boot2_start__) <= 0x100), ERROR: Pico second stage bootloader must be no more than 256 bytes in size)

.rodata         0x10005d90      0x504
 *(EXCLUDE_FILE(*libm.a: *lib*_a-mem*.o *libc.a: *libgcc.a:) .rodata*)
 .rodata.main.str1.4
                0x10005d90      0x290 CMakeFiles/ounce_master.dir/src/main.cpp.obj
                                0x13b (size before relaxing)
 .rodata.CS_PINS
                0x10006020       0x10 CMakeFiles/ounce_master.dir/src/spi_master.cpp.obj
                0x10006020                CS_PINS
 .rodata        0x10006030       0x14 CMakeFiles/ounce_master.dir/src/spi_master.cpp.obj
 .rodata.panic.str1.4
                0x10006044       0x11 CMakeFiles/ounce_master.dir/Z_/Code/Github/Ounce/Hardware/pico-sdk/src/rp2_common/pico_platform_panic/panic.c.obj
 .rodata.spin_lock_claim_unused.str1.4
                0x10006044       0x1b CMakeFiles/ounce_master.dir/Z_/Code/Github/Ounce/Hardware/pico-sdk/src/rp2_common/hardware_sync/sync.c.obj
 *fill*         0x10006044        0x4 
 .rodata.nil_time
                0x10006048        0x8 CMakeFiles/ounce_master.dir/Z_/Code/Github/Ounce/Hardware/pico-sdk/src/common/pico_time/time.c.obj
                0x10006048                nil_time
 .rodata.timer_hardware_alarm_claim.str1.4
                0x10006050       0x22 CMakeFiles/ounce_master.dir/Z_/Code/Github/Ounce/Hardware/pico-sdk/src/rp2_common/hardware_timer/timer.c.obj
 .rodata.hard_assertion_failure.str1.4
                0x10006050        0xc CMakeFiles/ounce_master.dir/Z_/Code/Github/Ounce/Hardware/pico-sdk/src/rp2_common/pico_runtime/runtime.c.obj
 .rodata.str1.4
                0x10006050       0x44 CMakeFiles/ounce_master.dir/Z_/Code/Github/Ounce/Hardware/pico-sdk/src/rp2_common/pico_standard_binary_info/standard_binary_info.c.obj
 .rodata.__bi_84
                0x10006050        0xc CMakeFiles/ounce_master.dir/Z_/Code/Github/Ounce/Hardware/pico-sdk/src/rp2_common/pico_standard_binary_info/standard_binary_info.c.obj
 .rodata.__bi_78
                0x1000605c        0xc CMakeFiles/ounce_master.dir/Z_/Code/Github/Ounce/Hardware/pico-sdk/src/rp2_common/pico_standard_binary_info/standard_binary_info.c.obj
 .rodata.__bi_54
                0x10006068        0xc CMakeFiles/ounce_master.dir/Z_/Code/Github/Ounce/Hardware/pico-sdk/src/rp2_common/pico_standard_binary_info/standard_binary_info.c.obj
 .rodata.__bi_48
                0x10006074        0xc CMakeFiles/ounce_master.dir/Z_/Code/Github/Ounce/Hardware/pico-sdk/src/rp2_common/pico_standard_binary_info/standard_binary_info.c.obj
 .rodata.__bi_42
                0x10006080        0xc CMakeFiles/ounce_master.dir/Z_/Code/Github/Ounce/Hardware/pico-sdk/src/rp2_common/pico_standard_binary_info/standard_binary_info.c.obj
 .rodata.__bi_34
                0x1000608c        0xc CMakeFiles/ounce_master.dir/Z_/Code/Github/Ounce/Hardware/pico-sdk/src/rp2_common/pico_standard_binary_info/standard_binary_info.c.obj
 .rodata.__bi_26
                0x10006098        0xc CMakeFiles/ounce_master.dir/Z_/Code/Github/Ounce/Hardware/pico-sdk/src/rp2_common/pico_standard_binary_info/standard_binary_info.c.obj
 .rodata._ftoa.str1.4
                0x100060a4       0x15 CMakeFiles/ounce_master.dir/Z_/Code/Github/Ounce/Hardware/pico-sdk/src/rp2_common/pico_printf/printf.c.obj
 *fill*         0x100060a4        0x4 
 .rodata.pow10.0
                0x100060a8       0x50 CMakeFiles/ounce_master.dir/Z_/Code/Github/Ounce/Hardware/pico-sdk/src/rp2_common/pico_printf/printf.c.obj
 .rodata.crlf_str.0
                0x100060f8        0x2 CMakeFiles/ounce_master.dir/Z_/Code/Github/Ounce/Hardware/pico-sdk/src/rp2_common/pico_stdio/stdio.c.obj
 .rodata.str1.4
                0x100060fa       0x13 CMakeFiles/ounce_master.dir/Z_/Code/Github/Ounce/Hardware/pico-sdk/src/rp2_common/pico_stdio_usb/stdio_usb.c.obj
 *fill*         0x100060fa        0x2 
 .rodata.__bi_204.0
                0x100060fc        0xc CMakeFiles/ounce_master.dir/Z_/Code/Github/Ounce/Hardware/pico-sdk/src/rp2_common/pico_stdio_usb/stdio_usb.c.obj
 .rodata.str1.4
                0x10006108       0x2a CMakeFiles/ounce_master.dir/Z_/Code/Github/Ounce/Hardware/pico-sdk/src/rp2_common/pico_stdio_usb/stdio_usb_descriptors.c.obj
 .rodata.usbd_desc_str
                0x10006108       0x18 CMakeFiles/ounce_master.dir/Z_/Code/Github/Ounce/Hardware/pico-sdk/src/rp2_common/pico_stdio_usb/stdio_usb_descriptors.c.obj
 .rodata.usbd_desc_cfg
                0x10006120       0x54 CMakeFiles/ounce_master.dir/Z_/Code/Github/Ounce/Hardware/pico-sdk/src/rp2_common/pico_stdio_usb/stdio_usb_descriptors.c.obj
 .rodata.usbd_desc_device
                0x10006174       0x12 CMakeFiles/ounce_master.dir/Z_/Code/Github/Ounce/Hardware/pico-sdk/src/rp2_common/pico_stdio_usb/stdio_usb_descriptors.c.obj
 *fill*         0x10006186        0x2 
 .rodata.desc_ms_os_20
                0x10006188       0xa6 CMakeFiles/ounce_master.dir/Z_/Code/Github/Ounce/Hardware/pico-sdk/src/rp2_common/pico_usb_reset/usb_reset.c.obj
 *fill*         0x1000622e        0x2 
 .rodata.desc_bos
                0x10006230       0x21 CMakeFiles/ounce_master.dir/Z_/Code/Github/Ounce/Hardware/pico-sdk/src/rp2_common/pico_usb_reset/usb_reset.c.obj
                0x10006230                desc_bos
 *fill*         0x10006251        0x3 
 .rodata.usb_reset_interface_driver
                0x10006254       0x20 CMakeFiles/ounce_master.dir/Z_/Code/Github/Ounce/Hardware/pico-sdk/src/rp2_common/pico_usb_reset/usb_reset.c.obj
 .rodata.str1.4
                0x10006274       0x14 CMakeFiles/ounce_master.dir/Z_/Code/Github/Ounce/Hardware/pico-sdk/lib/tinyusb/src/portable/raspberrypi/rp2040/dcd_rp2040.c.obj
 .rodata.str1.4
                0x10006274       0x48 CMakeFiles/ounce_master.dir/Z_/Code/Github/Ounce/Hardware/pico-sdk/lib/tinyusb/src/portable/raspberrypi/rp2040/rp2040_usb.c.obj
 .rodata._usbd_driver
                0x10006274       0x20 CMakeFiles/ounce_master.dir/Z_/Code/Github/Ounce/Hardware/pico-sdk/lib/tinyusb/src/device/usbd.c.obj
 *(.srodata*)
                0x100062bc                        . = ALIGN (0x4)
 *(SORT_BY_ALIGNMENT(SORT_BY_NAME(.flashdata*)))
                0x100062bc                        . = ALIGN (0x4)

.ARM.extab
 *(.ARM.extab* .gnu.linkonce.armextab.*)
                0x10006294                        __exidx_start = .

.ARM.exidx      0x10006294        0x8
 *(.ARM.exidx* .gnu.linkonce.armexidx.*)
 .ARM.exidx.text.__udivmoddi4
                0x10006294        0x8 C:/PROGRA~2/ARMGNU~1/133167~1.3RE/bin/../lib/gcc/arm-none-eabi/13.3.1/thumb/v8-m.main+fp/softfp\libgcc.a(_udivmoddi4.o)
 .ARM.exidx     0x1000629c        0x0 C:/PROGRA~2/ARMGNU~1/133167~1.3RE/bin/../lib/gcc/arm-none-eabi/13.3.1/thumb/v8-m.main+fp/softfp\libg.a(libc_a-memcpy.o)
                                  0x8 (size before relaxing)
                0x1000629c                        __exidx_end = .
                0x1000629c                        . = ALIGN (0x4)
                0x1000629c                        __binary_info_start = .

.binary_info    0x1000629c       0x20
 *(.binary_info.keep.*)
 .binary_info.keep.__bi_ptr84
                0x1000629c        0x4 CMakeFiles/ounce_master.dir/Z_/Code/Github/Ounce/Hardware/pico-sdk/src/rp2_common/pico_standard_binary_info/standard_binary_info.c.obj
 .binary_info.keep.__bi_ptr78
                0x100062a0        0x4 CMakeFiles/ounce_master.dir/Z_/Code/Github/Ounce/Hardware/pico-sdk/src/rp2_common/pico_standard_binary_info/standard_binary_info.c.obj
 .binary_info.keep.__bi_ptr54
                0x100062a4        0x4 CMakeFiles/ounce_master.dir/Z_/Code/Github/Ounce/Hardware/pico-sdk/src/rp2_common/pico_standard_binary_info/standard_binary_info.c.obj
 .binary_info.keep.__bi_ptr48
                0x100062a8        0x4 CMakeFiles/ounce_master.dir/Z_/Code/Github/Ounce/Hardware/pico-sdk/src/rp2_common/pico_standard_binary_info/standard_binary_info.c.obj
 .binary_info.keep.__bi_ptr42
                0x100062ac        0x4 CMakeFiles/ounce_master.dir/Z_/Code/Github/Ounce/Hardware/pico-sdk/src/rp2_common/pico_standard_binary_info/standard_binary_info.c.obj
 .binary_info.keep.__bi_ptr34
                0x100062b0        0x4 CMakeFiles/ounce_master.dir/Z_/Code/Github/Ounce/Hardware/pico-sdk/src/rp2_common/pico_standard_binary_info/standard_binary_info.c.obj
 .binary_info.keep.__bi_ptr26
                0x100062b4        0x4 CMakeFiles/ounce_master.dir/Z_/Code/Github/Ounce/Hardware/pico-sdk/src/rp2_common/pico_standard_binary_info/standard_binary_info.c.obj
 *(.binary_info.*)
 .binary_info.__bi_ptr204
                0x100062b8        0x4 CMakeFiles/ounce_master.dir/Z_/Code/Github/Ounce/Hardware/pico-sdk/src/rp2_common/pico_stdio_usb/stdio_usb.c.obj
                0x100062bc                        __binary_info_end = .
                0x100062bc                        . = ALIGN (0x4)

.psram_load     0x11000000        0x0 load address 0x100062bc
                0x11000000                        __psram_start__ = .
                0x11000000                        __psram_load_start__ = .
 *(SORT_BY_NAME(.psram_initialised.*))
                0x11000000                        . = ALIGN (0x4)
                0x11000000                        __psram_load_end__ = .
                0x100062bc                        __psram_load_source__ = LOADADDR (.psram_load)

.psram_noload   0x11000000        0x0 load address 0x100062bc
 *(SORT_BY_NAME(.psram_uninitialised.*))
                0x11000000                        . = ALIGN (0x4)
                0x11000000                        __psram_end__ = .

.xip_ram        0x13ffc000        0x0 load address 0x100062bc
                0x13ffc000                        __xip_ram_start__ = .
                0x13ffc000                        . = ALIGN (0x4)
 *(.xip_ram*)
                0x13ffc000                        . = ALIGN (0x4)
                0x13ffc000                        __xip_ram_end__ = .
                0x100062bc                        __xip_ram_source__ = LOADADDR (.xip_ram)

.ram_vector_table
                0x20000000      0x110
 *(.ram_vector_table)
 .ram_vector_table
                0x20000000      0x110 CMakeFiles/ounce_master.dir/Z_/Code/Github/Ounce/Hardware/pico-sdk/src/rp2_common/pico_runtime_init/runtime_init.c.obj
                0x20000000                ram_vector_table

.uninitialized_data
                0x20000110        0x0
                0x20000110                        . = ALIGN (0x4)
 *(.uninitialized_data*)

.data           0x20000110     0x1268 load address 0x100062bc
                0x20000110                        __data_start__ = .
 *(vtable)
 *(.time_critical*)
 .time_critical.mutex_try_enter
                0x20000110       0x50 CMakeFiles/ounce_master.dir/Z_/Code/Github/Ounce/Hardware/pico-sdk/src/common/pico_sync/mutex.c.obj
                0x20000110                mutex_try_enter
 .time_critical.mutex_enter_block_until
                0x20000160       0x94 CMakeFiles/ounce_master.dir/Z_/Code/Github/Ounce/Hardware/pico-sdk/src/common/pico_sync/mutex.c.obj
                0x20000160                mutex_enter_block_until
 .time_critical.mutex_try_enter_block_until
                0x200001f4       0x38 CMakeFiles/ounce_master.dir/Z_/Code/Github/Ounce/Hardware/pico-sdk/src/common/pico_sync/mutex.c.obj
                0x200001f4                mutex_try_enter_block_until
 .time_critical.mutex_enter_timeout_ms
                0x2000022c       0x38 CMakeFiles/ounce_master.dir/Z_/Code/Github/Ounce/Hardware/pico-sdk/src/common/pico_sync/mutex.c.obj
                0x2000022c                mutex_enter_timeout_ms
 .time_critical.mutex_exit
                0x20000264       0x48 CMakeFiles/ounce_master.dir/Z_/Code/Github/Ounce/Hardware/pico-sdk/src/common/pico_sync/mutex.c.obj
                0x20000264                mutex_exit
 .time_critical.reset_non_control_endpoints
                0x200002ac       0x64 CMakeFiles/ounce_master.dir/Z_/Code/Github/Ounce/Hardware/pico-sdk/lib/tinyusb/src/portable/raspberrypi/rp2040/dcd_rp2040.c.obj
 .time_critical.hw_handle_buff_status
                0x20000310       0x94 CMakeFiles/ounce_master.dir/Z_/Code/Github/Ounce/Hardware/pico-sdk/lib/tinyusb/src/portable/raspberrypi/rp2040/dcd_rp2040.c.obj
 .time_critical.dcd_rp2040_irq
                0x200003a4      0x510 CMakeFiles/ounce_master.dir/Z_/Code/Github/Ounce/Hardware/pico-sdk/lib/tinyusb/src/portable/raspberrypi/rp2040/dcd_rp2040.c.obj
 .time_critical.prepare_ep_buffer
                0x200008b4       0xd0 CMakeFiles/ounce_master.dir/Z_/Code/Github/Ounce/Hardware/pico-sdk/lib/tinyusb/src/portable/raspberrypi/rp2040/rp2040_usb.c.obj
 .time_critical.sync_ep_buffer
                0x20000984       0xb8 CMakeFiles/ounce_master.dir/Z_/Code/Github/Ounce/Hardware/pico-sdk/lib/tinyusb/src/portable/raspberrypi/rp2040/rp2040_usb.c.obj
 .time_critical._hw_endpoint_xfer_sync
                0x20000a3c       0x2c CMakeFiles/ounce_master.dir/Z_/Code/Github/Ounce/Hardware/pico-sdk/lib/tinyusb/src/portable/raspberrypi/rp2040/rp2040_usb.c.obj
 .time_critical.e15_is_bulkin_ep
                0x20000a68       0x28 CMakeFiles/ounce_master.dir/Z_/Code/Github/Ounce/Hardware/pico-sdk/lib/tinyusb/src/portable/raspberrypi/rp2040/rp2040_usb.c.obj
 .time_critical.e15_is_critical_frame_period
                0x20000a90       0x28 CMakeFiles/ounce_master.dir/Z_/Code/Github/Ounce/Hardware/pico-sdk/lib/tinyusb/src/portable/raspberrypi/rp2040/rp2040_usb.c.obj
 .time_critical.hw_endpoint_reset_transfer
                0x20000ab8        0xc CMakeFiles/ounce_master.dir/Z_/Code/Github/Ounce/Hardware/pico-sdk/lib/tinyusb/src/portable/raspberrypi/rp2040/rp2040_usb.c.obj
                0x20000ab8                hw_endpoint_reset_transfer
 .time_critical._hw_endpoint_buffer_control_update32
                0x20000ac4       0x44 CMakeFiles/ounce_master.dir/Z_/Code/Github/Ounce/Hardware/pico-sdk/lib/tinyusb/src/portable/raspberrypi/rp2040/rp2040_usb.c.obj
                0x20000ac4                _hw_endpoint_buffer_control_update32
 .time_critical.hw_endpoint_start_next_buffer
                0x20000b08       0x64 CMakeFiles/ounce_master.dir/Z_/Code/Github/Ounce/Hardware/pico-sdk/lib/tinyusb/src/portable/raspberrypi/rp2040/rp2040_usb.c.obj
                0x20000b08                hw_endpoint_start_next_buffer
 .time_critical.hw_endpoint_xfer_continue
                0x20000b6c       0x3c CMakeFiles/ounce_master.dir/Z_/Code/Github/Ounce/Hardware/pico-sdk/lib/tinyusb/src/portable/raspberrypi/rp2040/rp2040_usb.c.obj
                0x20000b6c                hw_endpoint_xfer_continue
 .time_critical.tinyusb
                0x20000ba8      0x218 CMakeFiles/ounce_master.dir/Z_/Code/Github/Ounce/Hardware/pico-sdk/lib/tinyusb/src/device/usbd.c.obj
                0x20000ba8                dcd_event_handler
 *(.text*)
 .text          0x20000dc0       0x30 C:/PROGRA~2/ARMGNU~1/133167~1.3RE/bin/../lib/gcc/arm-none-eabi/13.3.1/thumb/v8-m.main+fp/softfp\libgcc.a(_aeabi_uldivmod.o)
                0x20000dc0                __aeabi_uldivmod
 .text.__udivmoddi4
                0x20000df0      0x300 C:/PROGRA~2/ARMGNU~1/133167~1.3RE/bin/../lib/gcc/arm-none-eabi/13.3.1/thumb/v8-m.main+fp/softfp\libgcc.a(_udivmoddi4.o)
                0x20000df0                __udivmoddi4
 .text          0x200010f0        0x4 C:/PROGRA~2/ARMGNU~1/133167~1.3RE/bin/../lib/gcc/arm-none-eabi/13.3.1/thumb/v8-m.main+fp/softfp\libgcc.a(_dvmd_tls.o)
                0x200010f0                __aeabi_idiv0
                0x200010f0                __aeabi_ldiv0
 .text.memset   0x200010f4       0xa4 C:/PROGRA~2/ARMGNU~1/133167~1.3RE/bin/../lib/gcc/arm-none-eabi/13.3.1/thumb/v8-m.main+fp/softfp\libg.a(libc_a-memset.o)
                0x200010f4                memset
 .text          0x20001198       0xec C:/PROGRA~2/ARMGNU~1/133167~1.3RE/bin/../lib/gcc/arm-none-eabi/13.3.1/thumb/v8-m.main+fp/softfp\libg.a(libc_a-memcpy.o)
                0x20001198                memcpy
 *fill*         0x20001284        0x4 
 .text.__stub   0x20001288       0x28 linker stubs
                0x200012b0                        . = ALIGN (0x4)
 *(.rodata*)
                0x200012b0                        . = ALIGN (0x4)
                0x200012b0                        PROVIDE (__emutls_array_start = .)
 *(.*.__emutls_v.*)
                0x200012b0                        PROVIDE (__emutls_array_end = .)
                0x200012b0                        . = ALIGN (0x4)
 *(.data*)
 .data.striped_spin_lock_num
                0x200012b0        0x1 CMakeFiles/ounce_master.dir/Z_/Code/Github/Ounce/Hardware/pico-sdk/src/rp2_common/hardware_sync/sync.c.obj
 *fill*         0x200012b1        0x3 
 .data          0x200012b4       0x60 CMakeFiles/ounce_master.dir/Z_/Code/Github/Ounce/Hardware/pico-sdk/src/rp2_common/hardware_irq/irq_handler_chain.S.obj
                0x200012b4                irq_handler_chain_slots
                0x200012fc                irq_handler_chain_first_slot
                0x20001306                irq_handler_chain_remove_tail
 *fill*         0x20001314        0x4 
 .data.last_added.0
                0x20001318        0x8 CMakeFiles/ounce_master.dir/Z_/Code/Github/Ounce/Hardware/pico-sdk/src/common/pico_time/time.c.obj
 .data.default_alarm_pool
                0x20001320       0x18 CMakeFiles/ounce_master.dir/Z_/Code/Github/Ounce/Hardware/pico-sdk/src/common/pico_time/time.c.obj
 .data.stdio_usb
                0x20001338       0x18 CMakeFiles/ounce_master.dir/Z_/Code/Github/Ounce/Hardware/pico-sdk/src/rp2_common/pico_stdio_usb/stdio_usb.c.obj
                0x20001338                stdio_usb
 .data._usbd_qdef
                0x20001350       0x1c CMakeFiles/ounce_master.dir/Z_/Code/Github/Ounce/Hardware/pico-sdk/lib/tinyusb/src/device/usbd.c.obj
                0x20001350                _usbd_qdef
 .data._usbd_rhport
                0x2000136c        0x1 CMakeFiles/ounce_master.dir/Z_/Code/Github/Ounce/Hardware/pico-sdk/lib/tinyusb/src/device/usbd.c.obj
 *(.sdata*)
                0x20001370                        . = ALIGN (0x4)
 *fill*         0x2000136d        0x3 
 *(.after_data.*)
                0x20001370                        . = ALIGN (0x4)
                0x20001370                        PROVIDE (__mutex_array_start = .)
 *(SORT_BY_NAME(.mutex_array.*))
 *(.mutex_array)
 .mutex_array   0x20001370        0x8 CMakeFiles/ounce_master.dir/Z_/Code/Github/Ounce/Hardware/pico-sdk/src/rp2_common/pico_stdio/stdio.c.obj
                0x20001378                        PROVIDE (__mutex_array_end = .)
 *(.jcr)
                0x20001378                        . = ALIGN (0x4)

.igot.plt       0x20001378        0x0 load address 0x10007524
 .igot.plt      0x20001378        0x0 CMakeFiles/ounce_master.dir/src/main.cpp.obj

.tdata          0x20001378        0x0 load address 0x10007524
                0x20001378                        . = ALIGN (0x4)
 *(.tdata .tdata.* .gnu.linkonce.td.*)
                0x20001378                        __tdata_end = .
                0x20001378                        PROVIDE (__data_end__ = .)
                0x100062bc                        __etext = LOADADDR (.data)
                0x20001378                        . = ALIGN (0x4)

.tbss           0x20001378        0x0 load address 0x10007524
                0x20001378                        __bss_start__ = .
                0x20001378                        __tls_base = .
 *(.tbss .tbss.* .gnu.linkonce.tb.*)
 *(.tcommon)
                0x20001378                        . = ALIGN (0x4)
                0x20001378                        __tls_end = .

.tbss_space     0x20001378        0x0 load address 0x10007524
                0x20001378                        . = (__bss_start__ + SIZEOF (.tbss))

.bss            0x20001378      0x958 load address 0x10007524
                0x20001378                        . = ALIGN (0x4)
                0x20001378                        __tbss_end = .
 *(SORT_BY_ALIGNMENT(SORT_BY_NAME(.bss*)))
 .bss._cdcd_itf
                0x20001378       0xc8 CMakeFiles/ounce_master.dir/Z_/Code/Github/Ounce/Hardware/pico-sdk/lib/tinyusb/src/class/cdc/cdc_device.c.obj
 .bss.default_alarm_pool_entries
                0x20001440      0x180 CMakeFiles/ounce_master.dir/Z_/Code/Github/Ounce/Hardware/pico-sdk/src/common/pico_time/time.c.obj
 .bss.last_avail_time.1
                0x200015c0        0x8 CMakeFiles/ounce_master.dir/Z_/Code/Github/Ounce/Hardware/pico-sdk/src/rp2_common/pico_stdio_usb/stdio_usb.c.obj
 .bss.spi_pause_until
                0x200015c8        0x8 CMakeFiles/ounce_master.dir/src/main.cpp.obj
                0x200015c8                spi_pause_until
 .bss._app_driver
                0x200015d0        0x4 CMakeFiles/ounce_master.dir/Z_/Code/Github/Ounce/Hardware/pico-sdk/lib/tinyusb/src/device/usbd.c.obj
 .bss._cdcd_epbuf
                0x200015d4       0x80 CMakeFiles/ounce_master.dir/Z_/Code/Github/Ounce/Hardware/pico-sdk/lib/tinyusb/src/class/cdc/cdc_device.c.obj
 .bss._cdcd_fifo_cfg
                0x20001654        0x1 CMakeFiles/ounce_master.dir/Z_/Code/Github/Ounce/Hardware/pico-sdk/lib/tinyusb/src/class/cdc/cdc_device.c.obj
 *fill*         0x20001655        0x3 
 .bss._ctrl_epbuf
                0x20001658       0x40 CMakeFiles/ounce_master.dir/Z_/Code/Github/Ounce/Hardware/pico-sdk/lib/tinyusb/src/device/usbd_control.c.obj
 .bss._ctrl_xfer
                0x20001698       0x14 CMakeFiles/ounce_master.dir/Z_/Code/Github/Ounce/Hardware/pico-sdk/lib/tinyusb/src/device/usbd_control.c.obj
 .bss._sw_spin_locks
                0x200016ac       0x20 CMakeFiles/ounce_master.dir/Z_/Code/Github/Ounce/Hardware/pico-sdk/src/rp2_common/hardware_sync_spin_lock/sync_spin_lock.c.obj
                0x200016ac                _sw_spin_locks
 .bss._tusb_rhport_role
                0x200016cc        0x2 CMakeFiles/ounce_master.dir/Z_/Code/Github/Ounce/Hardware/pico-sdk/lib/tinyusb/src/tusb.c.obj
                0x200016cc                _tusb_rhport_role
 *fill*         0x200016ce        0x2 
 .bss._ubsd_mutexdef
                0x200016d0        0x8 CMakeFiles/ounce_master.dir/Z_/Code/Github/Ounce/Hardware/pico-sdk/lib/tinyusb/src/device/usbd.c.obj
 .bss._usbd_dev
                0x200016d8       0x54 CMakeFiles/ounce_master.dir/Z_/Code/Github/Ounce/Hardware/pico-sdk/lib/tinyusb/src/device/usbd.c.obj
 .bss._usbd_mutex
                0x2000172c        0x4 CMakeFiles/ounce_master.dir/Z_/Code/Github/Ounce/Hardware/pico-sdk/lib/tinyusb/src/device/usbd.c.obj
 .bss._usbd_q   0x20001730        0x4 CMakeFiles/ounce_master.dir/Z_/Code/Github/Ounce/Hardware/pico-sdk/lib/tinyusb/src/device/usbd.c.obj
 .bss._usbd_qdef_buf
                0x20001734       0xc0 CMakeFiles/ounce_master.dir/Z_/Code/Github/Ounce/Hardware/pico-sdk/lib/tinyusb/src/device/usbd.c.obj
                0x20001734                _usbd_qdef_buf
 .bss.chars_available_callback
                0x200017f4        0x4 CMakeFiles/ounce_master.dir/Z_/Code/Github/Ounce/Hardware/pico-sdk/src/rp2_common/pico_stdio_usb/stdio_usb.c.obj
 .bss.chars_available_param
                0x200017f8        0x4 CMakeFiles/ounce_master.dir/Z_/Code/Github/Ounce/Hardware/pico-sdk/src/rp2_common/pico_stdio_usb/stdio_usb.c.obj
 .bss.claimed   0x200017fc        0x4 CMakeFiles/ounce_master.dir/Z_/Code/Github/Ounce/Hardware/pico-sdk/src/rp2_common/hardware_sync/sync.c.obj
 .bss.claimed   0x20001800        0x2 CMakeFiles/ounce_master.dir/Z_/Code/Github/Ounce/Hardware/pico-sdk/src/rp2_common/hardware_timer/timer.c.obj
 *fill*         0x20001802        0x2 
 .bss.configured_freq
                0x20001804       0x28 CMakeFiles/ounce_master.dir/Z_/Code/Github/Ounce/Hardware/pico-sdk/src/rp2_common/hardware_clocks/clocks.c.obj
 .bss.desc_str.0
                0x2000182c       0x28 CMakeFiles/ounce_master.dir/Z_/Code/Github/Ounce/Hardware/pico-sdk/src/rp2_common/pico_stdio_usb/stdio_usb_descriptors.c.obj
 .bss.drivers   0x20001854        0x4 CMakeFiles/ounce_master.dir/Z_/Code/Github/Ounce/Hardware/pico-sdk/src/rp2_common/pico_stdio/stdio.c.obj
 .bss.e15_last_sof
                0x20001858        0x4 CMakeFiles/ounce_master.dir/Z_/Code/Github/Ounce/Hardware/pico-sdk/lib/tinyusb/src/portable/raspberrypi/rp2040/rp2040_usb.c.obj
                0x20001858                e15_last_sof
 .bss.filter    0x2000185c        0x4 CMakeFiles/ounce_master.dir/Z_/Code/Github/Ounce/Hardware/pico-sdk/src/rp2_common/pico_stdio/stdio.c.obj
 .bss.frozen_count_streak
                0x20001860       0x10 CMakeFiles/ounce_master.dir/src/main.cpp.obj
                0x20001860                frozen_count_streak
 .bss.hw_endpoints
                0x20001870      0x400 CMakeFiles/ounce_master.dir/Z_/Code/Github/Ounce/Hardware/pico-sdk/lib/tinyusb/src/portable/raspberrypi/rp2040/dcd_rp2040.c.obj
 .bss.last_seen_count
                0x20001c70        0x8 CMakeFiles/ounce_master.dir/src/main.cpp.obj
                0x20001c70                last_seen_count
 .bss.lazy_vsnprintf
                0x20001c78        0x4 CMakeFiles/ounce_master.dir/Z_/Code/Github/Ounce/Hardware/pico-sdk/src/rp2_common/pico_printf/printf.c.obj
 .bss.load_value
                0x20001c7c        0x4 CMakeFiles/ounce_master.dir/Z_/Code/Github/Ounce/Hardware/pico-sdk/src/rp2_common/hardware_watchdog/watchdog.c.obj
 .bss.next_buffer_ptr
                0x20001c80        0x4 CMakeFiles/ounce_master.dir/Z_/Code/Github/Ounce/Hardware/pico-sdk/lib/tinyusb/src/portable/raspberrypi/rp2040/dcd_rp2040.c.obj
 .bss.pools     0x20001c84       0x20 CMakeFiles/ounce_master.dir/Z_/Code/Github/Ounce/Hardware/pico-sdk/src/common/pico_time/time.c.obj
 .bss.retrieved_id
                0x20001ca4        0x8 CMakeFiles/ounce_master.dir/Z_/Code/Github/Ounce/Hardware/pico-sdk/src/rp2_common/pico_unique_id/unique_id.c.obj
 .bss.sleep_notifier
                0x20001cac        0x4 CMakeFiles/ounce_master.dir/Z_/Code/Github/Ounce/Hardware/pico-sdk/src/common/pico_time/time.c.obj
 .bss.stdio_usb_mutex
                0x20001cb0        0x8 CMakeFiles/ounce_master.dir/Z_/Code/Github/Ounce/Hardware/pico-sdk/src/rp2_common/pico_stdio_usb/stdio_usb.c.obj
 .bss.usbd_serial_str
                0x20001cb8       0x11 CMakeFiles/ounce_master.dir/Z_/Code/Github/Ounce/Hardware/pico-sdk/src/rp2_common/pico_stdio_usb/stdio_usb_descriptors.c.obj
 .bss._app_driver_count
                0x20001cc9        0x1 CMakeFiles/ounce_master.dir/Z_/Code/Github/Ounce/Hardware/pico-sdk/lib/tinyusb/src/device/usbd.c.obj
 .bss._sof_enable
                0x20001cca        0x1 CMakeFiles/ounce_master.dir/Z_/Code/Github/Ounce/Hardware/pico-sdk/lib/tinyusb/src/portable/raspberrypi/rp2040/dcd_rp2040.c.obj
 .bss._usbd_queued_setup
                0x20001ccb        0x1 CMakeFiles/ounce_master.dir/Z_/Code/Github/Ounce/Hardware/pico-sdk/lib/tinyusb/src/device/usbd.c.obj
 .bss.irq_handler_chain_free_slot_head
                0x20001ccc        0x1 CMakeFiles/ounce_master.dir/Z_/Code/Github/Ounce/Hardware/pico-sdk/src/rp2_common/hardware_irq/irq.c.obj
 .bss.itf_num   0x20001ccd        0x1 CMakeFiles/ounce_master.dir/Z_/Code/Github/Ounce/Hardware/pico-sdk/src/rp2_common/pico_usb_reset/usb_reset.c.obj
 .bss.lock_internal_notify_count
                0x20001cce        0x1 CMakeFiles/ounce_master.dir/Z_/Code/Github/Ounce/Hardware/pico-sdk/src/common/pico_sync/lock_core.c.obj
                0x20001cce                lock_internal_notify_count
 *(COMMON)
                [!provide]                        PROVIDE (__global_pointer$ = (. + 0x800))
 *(.sbss*)
                0x20001cd0                        . = ALIGN (0x4)
 *fill*         0x20001ccf        0x1 
                0x20001cd0                        __bss_end__ = .
                [!provide]                        PROVIDE (__tls_start = SIZEOF (.tdata)?ADDR (.tdata):ADDR (.tbss))
                [!provide]                        PROVIDE (__tls_size = (__tls_end - __tls_start))
                [!provide]                        PROVIDE (__tls_align = MAX (ALIGNOF (.tdata), ALIGNOF (.tbss)))
                [!provide]                        PROVIDE (__tls_size_align = ALIGN (__tls_size, __tls_align))
                [!provide]                        PROVIDE (__arm32_tls_tcb_offset = MAX (0x8, __tls_align))
                [!provide]                        PROVIDE (__tdata_size = SIZEOF (.tdata))