Archive member included to satisfy reference by file (symbol)

C:/PROGRA~2/ARMGNU~1/133167~1.3RE/bin/../lib/gcc/arm-none-eabi/13.3.1/thumb/v8-m.main+fp/softfp\libgcc.a(_arm_addsubdf3.o)
                              CMakeFiles/ounce_master.dir/Z_/Code/Github/Ounce/Hardware/pico-sdk/src/rp2_common/pico_float/float_math.c.obj (__aeabi_f2d)
C:/PROGRA~2/ARMGNU~1/133167~1.3RE/bin/../lib/gcc/arm-none-eabi/13.3.1/thumb/v8-m.main+fp/softfp\libgcc.a(_aeabi_ldivmod.o)
                              CMakeFiles/ounce_master.dir/Z_/Code/Github/Ounce/Hardware/pico-sdk/src/common/pico_time/time.c.obj (__aeabi_ldivmod)
C:/PROGRA~2/ARMGNU~1/133167~1.3RE/bin/../lib/gcc/arm-none-eabi/13.3.1/thumb/v8-m.main+fp/softfp\libgcc.a(_aeabi_uldivmod.o)
                              CMakeFiles/ounce_master.dir/src/main.cpp.obj (__aeabi_uldivmod)
C:/PROGRA~2/ARMGNU~1/133167~1.3RE/bin/../lib/gcc/arm-none-eabi/13.3.1/thumb/v8-m.main+fp/softfp\libgcc.a(_udivmoddi4.o)
                              C:/PROGRA~2/ARMGNU~1/133167~1.3RE/bin/../lib/gcc/arm-none-eabi/13.3.1/thumb/v8-m.main+fp/softfp\libgcc.a(_aeabi_ldivmod.o) (__udivmoddi4)
C:/PROGRA~2/ARMGNU~1/133167~1.3RE/bin/../lib/gcc/arm-none-eabi/13.3.1/thumb/v8-m.main+fp/softfp\libgcc.a(_dvmd_tls.o)
                              C:/PROGRA~2/ARMGNU~1/133167~1.3RE/bin/../lib/gcc/arm-none-eabi/13.3.1/thumb/v8-m.main+fp/softfp\libgcc.a(_aeabi_ldivmod.o) (__aeabi_ldiv0)
C:/PROGRA~2/ARMGNU~1/133167~1.3RE/bin/../lib/gcc/arm-none-eabi/13.3.1/thumb/v8-m.main+fp/softfp\libg.a(libc_a-calloc.o)
                              CMakeFiles/ounce_master.dir/Z_/Code/Github/Ounce/Hardware/pico-sdk/src/rp2_common/pico_malloc/malloc.c.obj (calloc)
C:/PROGRA~2/ARMGNU~1/133167~1.3RE/bin/../lib/gcc/arm-none-eabi/13.3.1/thumb/v8-m.main+fp/softfp\libg.a(libc_a-callocr.o)
                              C:/PROGRA~2/ARMGNU~1/133167~1.3RE/bin/../lib/gcc/arm-none-eabi/13.3.1/thumb/v8-m.main+fp/softfp\libg.a(libc_a-calloc.o) (_calloc_r)
C:/PROGRA~2/ARMGNU~1/133167~1.3RE/bin/../lib/gcc/arm-none-eabi/13.3.1/thumb/v8-m.main+fp/softfp\libg.a(libc_a-malloc.o)
                              CMakeFiles/ounce_master.dir/Z_/Code/Github/Ounce/Hardware/pico-sdk/src/rp2_common/pico_malloc/malloc.c.obj (malloc)
C:/PROGRA~2/ARMGNU~1/133167~1.3RE/bin/../lib/gcc/arm-none-eabi/13.3.1/thumb/v8-m.main+fp/softfp\libg.a(libc_a-mallocr.o)
                              C:/PROGRA~2/ARMGNU~1/133167~1.3RE/bin/../lib/gcc/arm-none-eabi/13.3.1/thumb/v8-m.main+fp/softfp\libg.a(libc_a-callocr.o) (_malloc_r)
C:/PROGRA~2/ARMGNU~1/133167~1.3RE/bin/../lib/gcc/arm-none-eabi/13.3.1/thumb/v8-m.main+fp/softfp\libg.a(libc_a-mlock.o)
                              C:/PROGRA~2/ARMGNU~1/133167~1.3RE/bin/../lib/gcc/arm-none-eabi/13.3.1/thumb/v8-m.main+fp/softfp\libg.a(libc_a-mallocr.o) (__malloc_lock)
C:/PROGRA~2/ARMGNU~1/133167~1.3RE/bin/../lib/gcc/arm-none-eabi/13.3.1/thumb/v8-m.main+fp/softfp\libg.a(libc_a-realloc.o)
                              CMakeFiles/ounce_master.dir/Z_/Code/Github/Ounce/Hardware/pico-sdk/src/rp2_common/pico_malloc/malloc.c.obj (realloc)
C:/PROGRA~2/ARMGNU~1/133167~1.3RE/bin/../lib/gcc/arm-none-eabi/13.3.1/thumb/v8-m.main+fp/softfp\libg.a(libc_a-reallocr.o)
                              C:/PROGRA~2/ARMGNU~1/133167~1.3RE/bin/../lib/gcc/arm-none-eabi/13.3.1/thumb/v8-m.main+fp/softfp\libg.a(libc_a-realloc.o) (_realloc_r)
C:/PROGRA~2/ARMGNU~1/133167~1.3RE/bin/../lib/gcc/arm-none-eabi/13.3.1/thumb/v8-m.main+fp/softfp\libg.a(libc_a-fflush.o)
                              CMakeFiles/ounce_master.dir/src/main.cpp.obj (fflush)
C:/PROGRA~2/ARMGNU~1/133167~1.3RE/bin/../lib/gcc/arm-none-eabi/13.3.1/thumb/v8-m.main+fp/softfp\libg.a(libc_a-findfp.o)
                              C:/PROGRA~2/ARMGNU~1/133167~1.3RE/bin/../lib/gcc/arm-none-eabi/13.3.1/thumb/v8-m.main+fp/softfp\libg.a(libc_a-fflush.o) (__sglue)
C:/PROGRA~2/ARMGNU~1/133167~1.3RE/bin/../lib/gcc/arm-none-eabi/13.3.1/thumb/v8-m.main+fp/softfp\libg.a(libc_a-fwalk.o)
                              C:/PROGRA~2/ARMGNU~1/133167~1.3RE/bin/../lib/gcc/arm-none-eabi/13.3.1/thumb/v8-m.main+fp/softfp\libg.a(libc_a-fflush.o) (_fwalk_sglue)
C:/PROGRA~2/ARMGNU~1/133167~1.3RE/bin/../lib/gcc/arm-none-eabi/13.3.1/thumb/v8-m.main+fp/softfp\libg.a(libc_a-stdio.o)
                              C:/PROGRA~2/ARMGNU~1/133167~1.3RE/bin/../lib/gcc/arm-none-eabi/13.3.1/thumb/v8-m.main+fp/softfp\libg.a(libc_a-findfp.o) (__sread)
C:/PROGRA~2/ARMGNU~1/133167~1.3RE/bin/../lib/gcc/arm-none-eabi/13.3.1/thumb/v8-m.main+fp/softfp\libg.a(libc_a-memcmp.o)
                              CMakeFiles/ounce_master.dir/Z_/Code/Github/Ounce/Hardware/pico-sdk/src/rp2_common/pico_atomic/atomic.c.obj (memcmp)
C:/PROGRA~2/ARMGNU~1/133167~1.3RE/bin/../lib/gcc/arm-none-eabi/13.3.1/thumb/v8-m.main+fp/softfp\libg.a(libc_a-memmove.o)
                              C:/PROGRA~2/ARMGNU~1/133167~1.3RE/bin/../lib/gcc/arm-none-eabi/13.3.1/thumb/v8-m.main+fp/softfp\libg.a(libc_a-reallocr.o) (memmove)
[...]
Memory Configuration

Name             Origin             Length             Attributes
FLASH            0x10000000         0x00400000         xr
PSRAM            0x11000000         0x00000000         xrw
XIP_RAM          0x13ffc000         0x00004000         xrw
RAM              0x20000000         0x00080000         xrw
SCRATCH_X        0x20080000         0x00001000         xrw
SCRATCH_Y        0x20081000         0x00001000         xrw
*default*        0x00000000         0xffffffff

Linker script and memory map

                0x20000000                        RAM_ORIGIN_DEFAULT = 0x20000000
                0x00080000                        RAM_LENGTH_DEFAULT = 0x80000
                0x20080000                        SCRATCH_X_ORIGIN_DEFAULT = 0x20080000
                0x00001000                        SCRATCH_X_LENGTH_DEFAULT = 0x1000
                0x20081000                        SCRATCH_Y_ORIGIN_DEFAULT = 0x20081000
                0x00001000                        SCRATCH_Y_LENGTH_DEFAULT = 0x1000
                0x13ffc000                        XIP_RAM_ORIGIN_DEFAULT = 0x13ffc000
                0x00004000                        XIP_RAM_LENGTH_DEFAULT = 0x4000
LOAD CMakeFiles/ounce_master.dir/src/main.cpp.obj
LOAD CMakeFiles/ounce_master.dir/src/spi_master.cpp.obj
LOAD CMakeFiles/ounce_master.dir/Z_/Code/Github/Ounce/Hardware/pico-sdk/src/rp2_common/pico_stdlib/stdlib.c.obj
LOAD CMakeFiles/ounce_master.dir/Z_/Code/Github/Ounce/Hardware/pico-sdk/src/rp2_common/hardware_gpio/gpio.c.obj
LOAD CMakeFiles/ounce_master.dir/Z_/Code/Github/Ounce/Hardware/pico-sdk/src/rp2350/pico_platform/platform.c.obj
LOAD CMakeFiles/ounce_master.dir/Z_/Code/Github/Ounce/Hardware/pico-sdk/src/rp2_common/pico_platform_common/common.c.obj
LOAD CMakeFiles/ounce_master.dir/Z_/Code/Github/Ounce/Hardware/pico-sdk/src/rp2_common/pico_platform_panic/panic.c.obj
LOAD CMakeFiles/ounce_master.dir/Z_/Code/Github/Ounce/Hardware/pico-sdk/src/rp2_common/pico_platform_panic/custom_panic_function.S.obj
LOAD CMakeFiles/ounce_master.dir/Z_/Code/Github/Ounce/Hardware/pico-sdk/src/common/hardware_claim/claim.c.obj
LOAD CMakeFiles/ounce_master.dir/Z_/Code/Github/Ounce/Hardware/pico-sdk/src/rp2_common/hardware_sync/sync.c.obj
LOAD CMakeFiles/ounce_master.dir/Z_/Code/Github/Ounce/Hardware/pico-sdk/src/rp2_common/hardware_sync_spin_lock/sync_spin_lock.c.obj
LOAD CMakeFiles/ounce_master.dir/Z_/Code/Github/Ounce/Hardware/pico-sdk/src/rp2_common/hardware_irq/irq.c.obj
LOAD CMakeFiles/ounce_master.dir/Z_/Code/Github/Ounce/Hardware/pico-sdk/src/rp2_common/hardware_irq/irq_handler_chain.S.obj
LOAD CMakeFiles/ounce_master.dir/Z_/Code/Github/Ounce/Hardware/pico-sdk/src/common/pico_sync/sem.c.obj
LOAD CMakeFiles/ounce_master.dir/Z_/Code/Github/Ounce/Hardware/pico-sdk/src/common/pico_sync/lock_core.c.obj
LOAD CMakeFiles/ounce_master.dir/Z_/Code/Github/Ounce/Hardware/pico-sdk/src/common/pico_sync/mutex.c.obj
LOAD CMakeFiles/ounce_master.dir/Z_/Code/Github/Ounce/Hardware/pico-sdk/src/common/pico_sync/critical_section.c.obj
LOAD CMakeFiles/ounce_master.dir/Z_/Code/Github/Ounce/Hardware/pico-sdk/src/common/pico_time/time.c.obj
LOAD CMakeFiles/ounce_master.dir/Z_/Code/Github/Ounce/Hardware/pico-sdk/src/common/pico_time/timeout_helper.c.obj
LOAD CMakeFiles/ounce_master.dir/Z_/Code/Github/Ounce/Hardware/pico-sdk/src/rp2_common/hardware_timer/timer.c.obj
LOAD CMakeFiles/ounce_master.dir/Z_/Code/Github/Ounce/Hardware/pico-sdk/src/common/pico_util/datetime.c.obj
LOAD CMakeFiles/ounce_master.dir/Z_/Code/Github/Ounce/Hardware/pico-sdk/src/common/pico_util/fixed_bitset.c.obj
LOAD CMakeFiles/ounce_master.dir/Z_/Code/Github/Ounce/Hardware/pico-sdk/src/common/pico_util/pheap.c.obj
LOAD CMakeFiles/ounce_master.dir/Z_/Code/Github/Ounce/Hardware/pico-sdk/src/common/pico_util/queue.c.obj
LOAD CMakeFiles/ounce_master.dir/Z_/Code/Github/Ounce/Hardware/pico-sdk/src/rp2_common/hardware_uart/uart.c.obj
LOAD CMakeFiles/ounce_master.dir/Z_/Code/Github/Ounce/Hardware/pico-sdk/src/rp2_common/hardware_clocks/clocks.c.obj
LOAD CMakeFiles/ounce_master.dir/Z_/Code/Github/Ounce/Hardware/pico-sdk/src/rp2_common/hardware_pll/pll.c.obj
LOAD CMakeFiles/ounce_master.dir/Z_/Code/Github/Ounce/Hardware/pico-sdk/src/rp2_common/hardware_vreg/vreg.c.obj
LOAD CMakeFiles/ounce_master.dir/Z_/Code/Github/Ounce/Hardware/pico-sdk/src/rp2_common/hardware_watchdog/watchdog.c.obj
LOAD CMakeFiles/ounce_master.dir/Z_/Code/Github/Ounce/Hardware/pico-sdk/src/rp2_common/hardware_ticks/ticks.c.obj
LOAD CMakeFiles/ounce_master.dir/Z_/Code/Github/Ounce/Hardware/pico-sdk/src/rp2_common/pico_bootrom/bootrom.c.obj
LOAD CMakeFiles/ounce_master.dir/Z_/Code/Github/Ounce/Hardware/pico-sdk/src/rp2_common/pico_bootrom/bootrom_lock.c.obj
LOAD CMakeFiles/ounce_master.dir/Z_/Code/Github/Ounce/Hardware/pico-sdk/src/rp2_common/hardware_boot_lock/boot_lock.c.obj
LOAD CMakeFiles/ounce_master.dir/Z_/Code/Github/Ounce/Hardware/pico-sdk/src/rp2_common/pico_flash/flash.c.obj
LOAD CMakeFiles/ounce_master.dir/Z_/Code/Github/Ounce/Hardware/pico-sdk/src/rp2_common/hardware_xosc/xosc.c.obj
LOAD CMakeFiles/ounce_master.dir/Z_/Code/Github/Ounce/Hardware/pico-sdk/src/rp2_common/hardware_divider/divider.c.obj
LOAD CMakeFiles/ounce_master.dir/Z_/Code/Github/Ounce/Hardware/pico-sdk/src/rp2_common/pico_runtime/runtime.c.obj
LOAD CMakeFiles/ounce_master.dir/Z_/Code/Github/Ounce/Hardware/pico-sdk/src/rp2_common/pico_runtime_init/runtime_init.c.obj
LOAD CMakeFiles/ounce_master.dir/Z_/Code/Github/Ounce/Hardware/pico-sdk/src/rp2_common/pico_runtime_init/runtime_init_clocks.c.obj
LOAD CMakeFiles/ounce_master.dir/Z_/Code/Github/Ounce/Hardware/pico-sdk/src/rp2_common/pico_runtime_init/runtime_init_stack_guard.c.obj
LOAD CMakeFiles/ounce_master.dir/Z_/Code/Github/Ounce/Hardware/pico-sdk/src/rp2_common/pico_bit_ops/bit_ops_aeabi.S.obj
LOAD CMakeFiles/ounce_master.dir/Z_/Code/Github/Ounce/Hardware/pico-sdk/src/rp2_common/pico_divider/divider_compiler.c.obj
LOAD CMakeFiles/ounce_master.dir/Z_/Code/Github/Ounce/Hardware/pico-sdk/src/rp2_common/pico_double/double_math.c.obj
LOAD CMakeFiles/ounce_master.dir/Z_/Code/Github/Ounce/Hardware/pico-sdk/src/rp2_common/pico_double/double_aeabi_dcp.S.obj
LOAD CMakeFiles/ounce_master.dir/Z_/Code/Github/Ounce/Hardware/pico-sdk/src/rp2_common/pico_double/double_fma_dcp.S.obj
LOAD CMakeFiles/ounce_master.dir/Z_/Code/Github/Ounce/Hardware/pico-sdk/src/rp2_common/pico_double/double_sci_m33.S.obj
LOAD CMakeFiles/ounce_master.dir/Z_/Code/Github/Ounce/Hardware/pico-sdk/src/rp2_common/pico_double/double_conv_m33.S.obj
LOAD CMakeFiles/ounce_master.dir/Z_/Code/Github/Ounce/Hardware/pico-sdk/src/rp2_common/pico_float/float_math.c.obj
LOAD CMakeFiles/ounce_master.dir/Z_/Code/Github/Ounce/Hardware/pico-sdk/src/rp2_common/pico_float/float_conv32_vfp.S.obj
LOAD CMakeFiles/ounce_master.dir/Z_/Code/Github/Ounce/Hardware/pico-sdk/src/rp2_common/pico_float/float_common_m33.S.obj
LOAD CMakeFiles/ounce_master.dir/Z_/Code/Github/Ounce/Hardware/pico-sdk/src/rp2_common/pico_float/float_sci_m33_vfp.S.obj
LOAD CMakeFiles/ounce_master.dir/Z_/Code/Github/Ounce/Hardware/pico-sdk/src/rp2_common/pico_malloc/malloc.c.obj
LOAD CMakeFiles/ounce_master.dir/Z_/Code/Github/Ounce/Hardware/pico-sdk/src/rp2_common/pico_atomic/atomic.c.obj
LOAD CMakeFiles/ounce_master.dir/Z_/Code/Github/Ounce/Hardware/pico-sdk/src/rp2_common/pico_cxx_options/new_delete.cpp.obj
LOAD CMakeFiles/ounce_master.dir/Z_/Code/Github/Ounce/Hardware/pico-sdk/src/rp2_common/pico_standard_binary_info/standard_binary_info.c.obj
LOAD CMakeFiles/ounce_master.dir/Z_/Code/Github/Ounce/Hardware/pico-sdk/src/rp2_common/pico_printf/printf.c.obj
LOAD CMakeFiles/ounce_master.dir/Z_/Code/Github/Ounce/Hardware/pico-sdk/src/rp2_common/pico_crt0/crt0.S.obj
LOAD CMakeFiles/ounce_master.dir/Z_/Code/Github/Ounce/Hardware/pico-sdk/src/rp2_common/pico_clib_interface/newlib_interface.c.obj
LOAD CMakeFiles/ounce_master.dir/Z_/Code/Github/Ounce/Hardware/pico-sdk/src/rp2_common/pico_clib_interface/cxa_guard.c.obj
LOAD CMakeFiles/ounce_master.dir/Z_/Code/Github/Ounce/Hardware/pico-sdk/src/rp2_common/pico_stdio/stdio.c.obj
LOAD CMakeFiles/ounce_master.dir/Z_/Code/Github/Ounce/Hardware/pico-sdk/src/rp2_common/pico_stdio_usb/stdio_usb.c.obj
LOAD CMakeFiles/ounce_master.dir/Z_/Code/Github/Ounce/Hardware/pico-sdk/src/rp2_common/pico_stdio_usb/stdio_usb_descriptors.c.obj
LOAD CMakeFiles/ounce_master.dir/Z_/Code/Github/Ounce/Hardware/pico-sdk/src/rp2_common/pico_unique_id/unique_id.c.obj
LOAD CMakeFiles/ounce_master.dir/Z_/Code/Github/Ounce/Hardware/pico-sdk/src/rp2_common/hardware_flash/flash.c.obj
LOAD CMakeFiles/ounce_master.dir/Z_/Code/Github/Ounce/Hardware/pico-sdk/src/rp2_common/hardware_xip_cache/xip_cache.c.obj
LOAD CMakeFiles/ounce_master.dir/Z_/Code/Github/Ounce/Hardware/pico-sdk/src/rp2_common/pico_usb_reset/usb_reset.c.obj
LOAD CMakeFiles/ounce_master.dir/Z_/Code/Github/Ounce/Hardware/pico-sdk/lib/tinyusb/src/portable/raspberrypi/rp2040/dcd_rp2040.c.obj
LOAD CMakeFiles/ounce_master.dir/Z_/Code/Github/Ounce/Hardware/pico-sdk/lib/tinyusb/src/portable/raspberrypi/rp2040/rp2040_usb.c.obj
LOAD CMakeFiles/ounce_master.dir/Z_/Code/Github/Ounce/Hardware/pico-sdk/lib/tinyusb/src/device/usbd.c.obj
LOAD CMakeFiles/ounce_master.dir/Z_/Code/Github/Ounce/Hardware/pico-sdk/lib/tinyusb/src/device/usbd_control.c.obj
LOAD CMakeFiles/ounce_master.dir/Z_/Code/Github/Ounce/Hardware/pico-sdk/lib/tinyusb/src/class/audio/audio_device.c.obj
LOAD CMakeFiles/ounce_master.dir/Z_/Code/Github/Ounce/Hardware/pico-sdk/lib/tinyusb/src/class/cdc/cdc_device.c.obj
LOAD CMakeFiles/ounce_master.dir/Z_/Code/Github/Ounce/Hardware/pico-sdk/lib/tinyusb/src/class/dfu/dfu_device.c.obj
LOAD CMakeFiles/ounce_master.dir/Z_/Code/Github/Ounce/Hardware/pico-sdk/lib/tinyusb/src/class/dfu/dfu_rt_device.c.obj
LOAD CMakeFiles/ounce_master.dir/Z_/Code/Github/Ounce/Hardware/pico-sdk/lib/tinyusb/src/class/hid/hid_device.c.obj
LOAD CMakeFiles/ounce_master.dir/Z_/Code/Github/Ounce/Hardware/pico-sdk/lib/tinyusb/src/class/midi/midi_device.c.obj
LOAD CMakeFiles/ounce_master.dir/Z_/Code/Github/Ounce/Hardware/pico-sdk/lib/tinyusb/src/class/msc/msc_device.c.obj
LOAD CMakeFiles/ounce_master.dir/Z_/Code/Github/Ounce/Hardware/pico-sdk/lib/tinyusb/src/class/net/ecm_rndis_device.c.obj
LOAD CMakeFiles/ounce_master.dir/Z_/Code/Github/Ounce/Hardware/pico-sdk/lib/tinyusb/src/class/net/ncm_device.c.obj
LOAD CMakeFiles/ounce_master.dir/Z_/Code/Github/Ounce/Hardware/pico-sdk/lib/tinyusb/src/class/usbtmc/usbtmc_device.c.obj
LOAD CMakeFiles/ounce_master.dir/Z_/Code/Github/Ounce/Hardware/pico-sdk/lib/tinyusb/src/class/vendor/vendor_device.c.obj
LOAD CMakeFiles/ounce_master.dir/Z_/Code/Github/Ounce/Hardware/pico-sdk/lib/tinyusb/src/class/video/video_device.c.obj
LOAD CMakeFiles/ounce_master.dir/Z_/Code/Github/Ounce/Hardware/pico-sdk/lib/tinyusb/src/tusb.c.obj
LOAD CMakeFiles/ounce_master.dir/Z_/Code/Github/Ounce/Hardware/pico-sdk/lib/tinyusb/src/common/tusb_fifo.c.obj
LOAD CMakeFiles/ounce_master.dir/Z_/Code/Github/Ounce/Hardware/pico-sdk/src/rp2_common/pico_fix/rp2040_usb_device_enumeration/rp2040_usb_device_enumeration.c.obj
LOAD CMakeFiles/ounce_master.dir/Z_/Code/Github/Ounce/Hardware/pico-sdk/src/rp2_common/pico_thread_local/thread_local.c.obj
LOAD CMakeFiles/ounce_master.dir/Z_/Code/Github/Ounce/Hardware/pico-sdk/src/rp2_common/hardware_spi/spi.c.obj
LOAD pico-sdk\src\rp2350\boot_stage2\CMakeFiles\bs2_default_library.dir\bs2_default_padded.S.obj
LOAD C:/PROGRA~2/ARMGNU~1/133167~1.3RE/bin/../lib/gcc/arm-none-eabi/13.3.1/thumb/v8-m.main+fp/softfp\libstdc++.a
LOAD C:/PROGRA~2/ARMGNU~1/133167~1.3RE/bin/../lib/gcc/arm-none-eabi/13.3.1/thumb/v8-m.main+fp/softfp\libm.a
START GROUP
LOAD C:/PROGRA~2/ARMGNU~1/133167~1.3RE/bin/../lib/gcc/arm-none-eabi/13.3.1/thumb/v8-m.main+fp/softfp\libgcc.a
LOAD C:/PROGRA~2/ARMGNU~1/133167~1.3RE/bin/../lib/gcc/arm-none-eabi/13.3.1/thumb/v8-m.main+fp/softfp\libg.a
LOAD C:/PROGRA~2/ARMGNU~1/133167~1.3RE/bin/../lib/gcc/arm-none-eabi/13.3.1/thumb/v8-m.main+fp/softfp\libc.a
END GROUP
                0x20000000                        PROVIDE (RAM_ORIGIN = RAM_ORIGIN_DEFAULT)
                0x00080000                        PROVIDE (RAM_LENGTH = RAM_LENGTH_DEFAULT)
                0x20080000                        PROVIDE (SCRATCH_X_ORIGIN = SCRATCH_X_ORIGIN_DEFAULT)
                0x00001000                        PROVIDE (SCRATCH_X_LENGTH = SCRATCH_X_LENGTH_DEFAULT)
                0x20081000                        PROVIDE (SCRATCH_Y_ORIGIN = SCRATCH_Y_ORIGIN_DEFAULT)
                0x00001000                        PROVIDE (SCRATCH_Y_LENGTH = SCRATCH_Y_LENGTH_DEFAULT)
                0x13ffc000                        PROVIDE (XIP_RAM_ORIGIN = XIP_RAM_ORIGIN_DEFAULT)
                0x00004000                        PROVIDE (XIP_RAM_LENGTH = XIP_RAM_LENGTH_DEFAULT)
                0x20000000                        RAM_ORIGIN = DEFINED (RAM_ORIGIN)?RAM_ORIGIN:RAM_ORIGIN_DEFAULT
                0x00080000                        RAM_LENGTH = DEFINED (RAM_LENGTH)?RAM_LENGTH:RAM_LENGTH_DEFAULT
                0x20080000                        SCRATCH_X_ORIGIN = DEFINED (SCRATCH_X_ORIGIN)?SCRATCH_X_ORIGIN:SCRATCH_X_ORIGIN_DEFAULT
                0x00001000                        SCRATCH_X_LENGTH = DEFINED (SCRATCH_X_LENGTH)?SCRATCH_X_LENGTH:SCRATCH_X_LENGTH_DEFAULT
                0x20081000                        SCRATCH_Y_ORIGIN = DEFINED (SCRATCH_Y_ORIGIN)?SCRATCH_Y_ORIGIN:SCRATCH_Y_ORIGIN_DEFAULT
                0x00001000                        SCRATCH_Y_LENGTH = DEFINED (SCRATCH_Y_LENGTH)?SCRATCH_Y_LENGTH:SCRATCH_Y_LENGTH_DEFAULT
                0x13ffc000                        XIP_RAM_ORIGIN = DEFINED (XIP_RAM_ORIGIN)?XIP_RAM_ORIGIN:XIP_RAM_ORIGIN_DEFAULT
                0x00004000                        XIP_RAM_LENGTH = DEFINED (XIP_RAM_LENGTH)?XIP_RAM_LENGTH:XIP_RAM_LENGTH_DEFAULT

.flash_begin    0x10000000        0x0
                0x10000000                        __flash_binary_start = .

.text           0x10000000     0x6b6c
                0x10000000                        __logical_binary_start = .
 *(.vectors)
 .vectors       0x10000000      0x124 CMakeFiles/ounce_master.dir/Z_/Code/Github/Ounce/Hardware/pico-sdk/src/rp2_common/pico_crt0/crt0.S.obj
                0x10000000                __VECTOR_TABLE
                0x10000000                __vectors
                0x10000110                __unhandled_user_irq
                0x10000110                isr_irq49
                0x10000110                isr_irq13
                0x10000110                isr_irq43
                0x10000110                isr_irq45
                0x10000110                isr_irq27
                0x10000110                isr_irq32
                0x10000110                isr_irq31
                0x10000110                isr_irq12
                0x10000110                isr_irq5
                0x10000110                isr_irq11
                0x10000110                isr_irq3
                0x10000110                isr_irq23
                0x10000110                isr_usagefault
                0x10000110                isr_irq48
                0x10000110                isr_irq30
                0x10000110                isr_irq18
                0x10000110                isr_irq50
                0x10000110                isr_irq33
                0x10000110                isr_irq40
                0x10000110                isr_irq28
                0x10000110                isr_irq19
                0x10000110                isr_irq36
                0x10000110                isr_irq41
                0x10000110                isr_irq0
                0x10000110                isr_irq6
                0x10000110                isr_irq26
                0x10000110                isr_irq29
                0x10000110                isr_memmanage
                0x10000110                isr_irq37
                0x10000110                isr_irq42
                0x10000110                isr_irq22
                0x10000110                isr_irq35
                0x10000110                isr_irq17
                0x10000110                isr_irq38
                0x10000110                isr_irq14
                0x10000110                __vectors_end
                0x10000110                __default_isrs_start
                0x10000110                isr_irq2
                0x10000110                isr_irq10
                0x10000110                isr_irq8
                0x10000110                isr_debugmonitor
                0x10000110                isr_irq24
                0x10000110                isr_irq46
                0x10000110                isr_irq1
                0x10000110                isr_irq47
                0x10000110                isr_irq51
                0x10000110                isr_irq7
                0x10000110                isr_irq21
                0x10000110                isr_irq39
                0x10000110                isr_irq20
                0x10000110                isr_irq15
                0x10000110                isr_irq25
                0x10000110                isr_irq34
                0x10000110                isr_irq44
                0x10000110                isr_securefault
                0x10000110                isr_irq4
                0x10000110                isr_busfault
                0x10000110                isr_irq16
                0x10000110                isr_irq9
                0x10000116                unhandled_user_irq_num_in_r0
                0x10000118                isr_invalid
                0x1000011a                isr_nmi
                0x1000011c                isr_hardfault
                0x1000011e                isr_svcall
                0x10000120                isr_pendsv
                0x10000122                isr_systick
                0x10000124                __default_isrs_end
 *(.binary_info_header)
 .binary_info_header
                0x10000124       0x14 CMakeFiles/ounce_master.dir/Z_/Code/Github/Ounce/Hardware/pico-sdk/src/rp2_common/pico_crt0/crt0.S.obj
                0x10000138                        __binary_info_header_end = .
 *(.embedded_block)
 .embedded_block
                0x10000138       0x14 CMakeFiles/ounce_master.dir/Z_/Code/Github/Ounce/Hardware/pico-sdk/src/rp2_common/pico_crt0/crt0.S.obj
                0x1000014c                        __embedded_block_end = .
 *(.reset)
 .reset         0x1000014c       0x94 CMakeFiles/ounce_master.dir/Z_/Code/Github/Ounce/Hardware/pico-sdk/src/rp2_common/pico_crt0/crt0.S.obj
                0x1000014c                _entry_point
 *(.init)
 SORT_BY_NAME(REVERSE(*libgcc.a:cmse_nonsecure_call.o))()
 *(EXCLUDE_FILE(*libm.a: *lib*_a-mem*.o *libc.a: *libgcc.a:) .text*)
 .text.startup.main
                0x100001e0      0x474 CMakeFiles/ounce_master.dir/src/main.cpp.obj
                0x100001e0                main
 .text._Z15spi_master_initv
                0x10000654       0xa0 CMakeFiles/ounce_master.dir/src/spi_master.cpp.obj
                0x10000654                spi_master_init()
 .text._Z28spi_master_transceive_packethRK19ControllerSpiPacketR22ControllerSpiAckPacket
                0x100006f4      0x3b0 CMakeFiles/ounce_master.dir/src/spi_master.cpp.obj
                0x100006f4                spi_master_transceive_packet(unsigned char, ControllerSpiPacket const&, ControllerSpiAckPacket&)
 .text.gpio_set_function
                0x10000aa4       0x3c CMakeFiles/ounce_master.dir/Z_/Code/Github/Ounce/Hardware/pico-sdk/src/rp2_common/hardware_gpio/gpio.c.obj
                0x10000aa4                gpio_set_function
 .text.gpio_set_pulls
                0x10000ae0       0x28 CMakeFiles/ounce_master.dir/Z_/Code/Github/Ounce/Hardware/pico-sdk/src/rp2_common/hardware_gpio/gpio.c.obj
                0x10000ae0                gpio_set_pulls
 .text.gpio_init
                0x10000b08       0x48 CMakeFiles/ounce_master.dir/Z_/Code/Github/Ounce/Hardware/pico-sdk/src/rp2_common/hardware_gpio/gpio.c.obj
                0x10000b08                gpio_init
 .text.panic    0x10000b50       0x30 CMakeFiles/ounce_master.dir/Z_/Code/Github/Ounce/Hardware/pico-sdk/src/rp2_common/pico_platform_panic/panic.c.obj
                0x10000b50                panic
 .text.hw_claim_or_assert
                0x10000b80       0x58 CMakeFiles/ounce_master.dir/Z_/Code/Github/Ounce/Hardware/pico-sdk/src/common/hardware_claim/claim.c.obj
                0x10000b80                hw_claim_or_assert
 .text.hw_claim_unused_from_range
                0x10000bd8       0x9c CMakeFiles/ounce_master.dir/Z_/Code/Github/Ounce/Hardware/pico-sdk/src/common/hardware_claim/claim.c.obj
                0x10000bd8                hw_claim_unused_from_range
 .text.next_striped_spin_lock_num
                0x10000c74       0x18 CMakeFiles/ounce_master.dir/Z_/Code/Github/Ounce/Hardware/pico-sdk/src/rp2_common/hardware_sync/sync.c.obj
                0x10000c74                next_striped_spin_lock_num
 .text.spin_lock_claim_unused
                0x10000c8c       0x20 CMakeFiles/ounce_master.dir/Z_/Code/Github/Ounce/Hardware/pico-sdk/src/rp2_common/hardware_sync/sync.c.obj
                0x10000c8c                spin_lock_claim_unused
 .text.spinlock_set_extexclall
                0x10000cac       0x10 CMakeFiles/ounce_master.dir/Z_/Code/Github/Ounce/Hardware/pico-sdk/src/rp2_common/hardware_sync_spin_lock/sync_spin_lock.c.obj
 .text.spin_locks_reset
                0x10000cbc       0x18 CMakeFiles/ounce_master.dir/Z_/Code/Github/Ounce/Hardware/pico-sdk/src/rp2_common/hardware_sync_spin_lock/sync_spin_lock.c.obj
                0x10000cbc                spin_locks_reset
 .text.runtime_init_per_core_irq_priorities
                0x10000cd4       0x40 CMakeFiles/ounce_master.dir/Z_/Code/Github/Ounce/Hardware/pico-sdk/src/rp2_common/hardware_irq/irq.c.obj
                0x10000cd4                runtime_init_per_core_irq_priorities
 .text.irq_set_enabled
                0x10000d14       0x2c CMakeFiles/ounce_master.dir/Z_/Code/Github/Ounce/Hardware/pico-sdk/src/rp2_common/hardware_irq/irq.c.obj
                0x10000d14                irq_set_enabled
 .text.irq_is_enabled
                0x10000d40       0x20 CMakeFiles/ounce_master.dir/Z_/Code/Github/Ounce/Hardware/pico-sdk/src/rp2_common/hardware_irq/irq.c.obj
                0x10000d40                irq_is_enabled
 .text.irq_set_pending
                0x10000d60       0x18 CMakeFiles/ounce_master.dir/Z_/Code/Github/Ounce/Hardware/pico-sdk/src/rp2_common/hardware_irq/irq.c.obj
                0x10000d60                irq_set_pending
 .text.irq_has_shared_handler
                0x10000d78       0x20 CMakeFiles/ounce_master.dir/Z_/Code/Github/Ounce/Hardware/pico-sdk/src/rp2_common/hardware_irq/irq.c.obj
                0x10000d78                irq_has_shared_handler
 .text.irq_set_exclusive_handler
                0x10000d98       0x5c CMakeFiles/ounce_master.dir/Z_/Code/Github/Ounce/Hardware/pico-sdk/src/rp2_common/hardware_irq/irq.c.obj
                0x10000d98                irq_set_exclusive_handler
 .text.irq_add_shared_handler
                0x10000df4      0x1c0 CMakeFiles/ounce_master.dir/Z_/Code/Github/Ounce/Hardware/pico-sdk/src/rp2_common/hardware_irq/irq.c.obj
                0x10000df4                irq_add_shared_handler
 .text.irq_add_tail_to_free_list
                0x10000fb4       0xd4 CMakeFiles/ounce_master.dir/Z_/Code/Github/Ounce/Hardware/pico-sdk/src/rp2_common/hardware_irq/irq.c.obj
                0x10000fb4                irq_add_tail_to_free_list
 .text.user_irq_claim_unused
                0x10001088       0x28 CMakeFiles/ounce_master.dir/Z_/Code/Github/Ounce/Hardware/pico-sdk/src/rp2_common/hardware_irq/irq.c.obj
                0x10001088                user_irq_claim_unused
 .text.lock_init
                0x100010b0        0xc CMakeFiles/ounce_master.dir/Z_/Code/Github/Ounce/Hardware/pico-sdk/src/common/pico_sync/lock_core.c.obj
                0x100010b0                lock_init
 .text.runtime_init_mutex
                0x100010bc       0x4c CMakeFiles/ounce_master.dir/Z_/Code/Github/Ounce/Hardware/pico-sdk/src/common/pico_sync/mutex.c.obj
                0x100010bc                runtime_init_mutex
 .text.mutex_init
                0x10001108       0x1c CMakeFiles/ounce_master.dir/Z_/Code/Github/Ounce/Hardware/pico-sdk/src/common/pico_sync/mutex.c.obj
                0x10001108                mutex_init
 .text.critical_section_init
                0x10001124       0x1c CMakeFiles/ounce_master.dir/Z_/Code/Github/Ounce/Hardware/pico-sdk/src/common/pico_sync/critical_section.c.obj
                0x10001124                critical_section_init
 .text.critical_section_init_with_lock_num
                0x10001140       0x10 CMakeFiles/ounce_master.dir/Z_/Code/Github/Ounce/Hardware/pico-sdk/src/common/pico_sync/critical_section.c.obj
                0x10001140                critical_section_init_with_lock_num
 .text.sleep_until_callback
                0x10001150       0x4c CMakeFiles/ounce_master.dir/Z_/Code/Github/Ounce/Hardware/pico-sdk/src/common/pico_time/time.c.obj
 *fill*         0x1000119c        0x4 
 .text.alarm_pool_irq_handler
                0x100011a0      0x2f0 CMakeFiles/ounce_master.dir/Z_/Code/Github/Ounce/Hardware/pico-sdk/src/common/pico_time/time.c.obj
 .text.runtime_init_default_alarm_pool
                0x10001490      0x100 CMakeFiles/ounce_master.dir/Z_/Code/Github/Ounce/Hardware/pico-sdk/src/common/pico_time/time.c.obj
                0x10001490                runtime_init_default_alarm_pool
 .text.alarm_pool_get_default
                0x10001590        0x8 CMakeFiles/ounce_master.dir/Z_/Code/Github/Ounce/Hardware/pico-sdk/src/common/pico_time/time.c.obj
                0x10001590                alarm_pool_get_default
 .text.alarm_pool_add_alarm_at
                0x10001598       0xdc CMakeFiles/ounce_master.dir/Z_/Code/Github/Ounce/Hardware/pico-sdk/src/common/pico_time/time.c.obj
                0x10001598                alarm_pool_add_alarm_at
 .text.alarm_pool_add_alarm_at_force_in_context
                0x10001674       0xc8 CMakeFiles/ounce_master.dir/Z_/Code/Github/Ounce/Hardware/pico-sdk/src/common/pico_time/time.c.obj
                0x10001674                alarm_pool_add_alarm_at_force_in_context
 .text.alarm_pool_cancel_alarm
                0x1000173c       0x80 CMakeFiles/ounce_master.dir/Z_/Code/Github/Ounce/Hardware/pico-sdk/src/common/pico_time/time.c.obj
                0x1000173c                alarm_pool_cancel_alarm
 .text.alarm_pool_core_num
                0x100017bc        0x4 CMakeFiles/ounce_master.dir/Z_/Code/Github/Ounce/Hardware/pico-sdk/src/common/pico_time/time.c.obj
                0x100017bc                alarm_pool_core_num
 .text.sleep_until
                0x100017c0       0xd4 CMakeFiles/ounce_master.dir/Z_/Code/Github/Ounce/Hardware/pico-sdk/src/common/pico_time/time.c.obj
                0x100017c0                sleep_until
 .text.sleep_us
                0x10001894       0x30 CMakeFiles/ounce_master.dir/Z_/Code/Github/Ounce/Hardware/pico-sdk/src/common/pico_time/time.c.obj
                0x10001894                sleep_us
 .text.sleep_ms
                0x100018c4       0x2c CMakeFiles/ounce_master.dir/Z_/Code/Github/Ounce/Hardware/pico-sdk/src/common/pico_time/time.c.obj
                0x100018c4                sleep_ms
 .text.best_effort_wfe_or_timeout
                0x100018f0       0xd4 CMakeFiles/ounce_master.dir/Z_/Code/Github/Ounce/Hardware/pico-sdk/src/common/pico_time/time.c.obj
                0x100018f0                best_effort_wfe_or_timeout
 .text.timer_hardware_alarm_claim
                0x100019c4       0x24 CMakeFiles/ounce_master.dir/Z_/Code/Github/Ounce/Hardware/pico-sdk/src/rp2_common/hardware_timer/timer.c.obj
                0x100019c4                timer_hardware_alarm_claim
 .text.timer_time_us_64
                0x100019e8       0x10 CMakeFiles/ounce_master.dir/Z_/Code/Github/Ounce/Hardware/pico-sdk/src/rp2_common/hardware_timer/timer.c.obj
                0x100019e8                timer_time_us_64
 .text.time_us_64
                0x100019f8       0x14 CMakeFiles/ounce_master.dir/Z_/Code/Github/Ounce/Hardware/pico-sdk/src/rp2_common/hardware_timer/timer.c.obj
                0x100019f8                time_us_64
 .text.busy_wait_us
                0x10001a0c       0x64 CMakeFiles/ounce_master.dir/Z_/Code/Github/Ounce/Hardware/pico-sdk/src/rp2_common/hardware_timer/timer.c.obj
                0x10001a0c                busy_wait_us
 .text.busy_wait_until
                0x10001a70       0x24 CMakeFiles/ounce_master.dir/Z_/Code/Github/Ounce/Hardware/pico-sdk/src/rp2_common/hardware_timer/timer.c.obj
                0x10001a70                busy_wait_until
 .text.clock_configure_undivided
                0x10001a94       0xd0 CMakeFiles/ounce_master.dir/Z_/Code/Github/Ounce/Hardware/pico-sdk/src/rp2_common/hardware_clocks/clocks.c.obj
                0x10001a94                clock_configure_undivided
 .text.clock_get_hz
                0x10001b64        0xc CMakeFiles/ounce_master.dir/Z_/Code/Github/Ounce/Hardware/pico-sdk/src/rp2_common/hardware_clocks/clocks.c.obj
                0x10001b64                clock_get_hz
 .text.pll_init
                0x10001b70       0x8c CMakeFiles/ounce_master.dir/Z_/Code/Github/Ounce/Hardware/pico-sdk/src/rp2_common/hardware_pll/pll.c.obj
                0x10001b70                pll_init
 .text.watchdog_reboot
                0x10001bfc       0x98 CMakeFiles/ounce_master.dir/Z_/Code/Github/Ounce/Hardware/pico-sdk/src/rp2_common/hardware_watchdog/watchdog.c.obj
                0x10001bfc                watchdog_reboot
 .text.tick_start
                0x10001c94       0x18 CMakeFiles/ounce_master.dir/Z_/Code/Github/Ounce/Hardware/pico-sdk/src/rp2_common/hardware_ticks/ticks.c.obj
                0x10001c94                tick_start
 .text.rom_reboot.constprop.0.isra.0
                0x10001cac       0x34 CMakeFiles/ounce_master.dir/Z_/Code/Github/Ounce/Hardware/pico-sdk/src/rp2_common/pico_bootrom/bootrom.c.obj
 .text.rom_func_lookup
                0x10001ce0       0x18 CMakeFiles/ounce_master.dir/Z_/Code/Github/Ounce/Hardware/pico-sdk/src/rp2_common/pico_bootrom/bootrom.c.obj
                0x10001ce0                rom_func_lookup
 .text.rom_reset_usb_boot_extra
                0x10001cf8       0x30 CMakeFiles/ounce_master.dir/Z_/Code/Github/Ounce/Hardware/pico-sdk/src/rp2_common/pico_bootrom/bootrom.c.obj
                0x10001cf8                rom_reset_usb_boot_extra
 .text.runtime_init_bootrom_locking_enable
                0x10001d28       0x14 CMakeFiles/ounce_master.dir/Z_/Code/Github/Ounce/Hardware/pico-sdk/src/rp2_common/pico_bootrom/bootrom_lock.c.obj
                0x10001d28                runtime_init_bootrom_locking_enable
 .text.runtime_init_boot_locks_reset
                0x10001d3c       0x1c CMakeFiles/ounce_master.dir/Z_/Code/Github/Ounce/Hardware/pico-sdk/src/rp2_common/hardware_boot_lock/boot_lock.c.obj
                0x10001d3c                runtime_init_boot_locks_reset
 .text.xosc_init
                0x10001d58       0x30 CMakeFiles/ounce_master.dir/Z_/Code/Github/Ounce/Hardware/pico-sdk/src/rp2_common/hardware_xosc/xosc.c.obj
                0x10001d58                xosc_init
 .text.first_per_core_initializer
                0x10001d88        0x4 CMakeFiles/ounce_master.dir/Z_/Code/Github/Ounce/Hardware/pico-sdk/src/rp2_common/pico_runtime/runtime.c.obj
 .text.hard_assertion_failure
                0x10001d8c        0xc CMakeFiles/ounce_master.dir/Z_/Code/Github/Ounce/Hardware/pico-sdk/src/rp2_common/pico_runtime/runtime.c.obj
                0x10001d8c                hard_assertion_failure
 .text.runtime_run_initializers
                0x10001d98       0x20 CMakeFiles/ounce_master.dir/Z_/Code/Github/Ounce/Hardware/pico-sdk/src/rp2_common/pico_runtime/runtime.c.obj
                0x10001d98                runtime_run_initializers
 .text.runtime_init_early_resets
                0x10001db8       0x34 CMakeFiles/ounce_master.dir/Z_/Code/Github/Ounce/Hardware/pico-sdk/src/rp2_common/pico_runtime_init/runtime_init.c.obj
                0x10001db8                runtime_init_early_resets
 .text.runtime_init_usb_power_down
                0x10001dec       0x1c CMakeFiles/ounce_master.dir/Z_/Code/Github/Ounce/Hardware/pico-sdk/src/rp2_common/pico_runtime_init/runtime_init.c.obj
                0x10001dec                runtime_init_usb_power_down
 .text.runtime_init_per_core_enable_coprocessors
                0x10001e08       0x1c CMakeFiles/ounce_master.dir/Z_/Code/Github/Ounce/Hardware/pico-sdk/src/rp2_common/pico_runtime_init/runtime_init.c.obj
                0x10001e08                runtime_init_per_core_enable_coprocessors
 .text.runtime_init_post_clock_resets
                0x10001e24       0x20 CMakeFiles/ounce_master.dir/Z_/Code/Github/Ounce/Hardware/pico-sdk/src/rp2_common/pico_runtime_init/runtime_init.c.obj
                0x10001e24                runtime_init_post_clock_resets
 .text.runtime_init_bootrom_reset
                0x10001e44       0x14 CMakeFiles/ounce_master.dir/Z_/Code/Github/Ounce/Hardware/pico-sdk/src/rp2_common/pico_runtime_init/runtime_init.c.obj
                0x10001e44                runtime_init_bootrom_reset
 .text.runtime_init_per_core_bootrom_reset
                0x10001e58       0x14 CMakeFiles/ounce_master.dir/Z_/Code/Github/Ounce/Hardware/pico-sdk/src/rp2_common/pico_runtime_init/runtime_init.c.obj
                0x10001e58                runtime_init_per_core_bootrom_reset
 .text.runtime_init_spin_locks_reset
                0x10001e6c        0x4 CMakeFiles/ounce_master.dir/Z_/Code/Github/Ounce/Hardware/pico-sdk/src/rp2_common/pico_runtime_init/runtime_init.c.obj
                0x10001e6c                runtime_init_spin_locks_reset
 .text.runtime_init_install_ram_vector_table
                0x10001e70       0x64 CMakeFiles/ounce_master.dir/Z_/Code/Github/Ounce/Hardware/pico-sdk/src/rp2_common/pico_runtime_init/runtime_init.c.obj
                0x10001e70                runtime_init_install_ram_vector_table
 .text.runtime_init_clocks
                0x10001ed4       0xdc CMakeFiles/ounce_master.dir/Z_/Code/Github/Ounce/Hardware/pico-sdk/src/rp2_common/pico_runtime_init/runtime_init_clocks.c.obj
                0x10001ed4                runtime_init_clocks
 .text.__rp2350_dcp_engaged_state_save_restore
                0x10001fb0       0x3a CMakeFiles/ounce_master.dir/Z_/Code/Github/Ounce/Hardware/pico-sdk/src/rp2_common/pico_double/double_aeabi_dcp.S.obj
 *fill*         0x10001fea        0x2 
 .text.__wrap___aeabi_dadd
                0x10001fec       0x28 CMakeFiles/ounce_master.dir/Z_/Code/Github/Ounce/Hardware/pico-sdk/src/rp2_common/pico_double/double_aeabi_dcp.S.obj
                0x10001ff4                __wrap___aeabi_dadd
 .text.__wrap___aeabi_dsub
                0x10002014       0x28 CMakeFiles/ounce_master.dir/Z_/Code/Github/Ounce/Hardware/pico-sdk/src/rp2_common/pico_double/double_aeabi_dcp.S.obj
                0x1000201c                __wrap___aeabi_dsub
 .text.__wrap___aeabi_dmul
                0x1000203c       0x48 CMakeFiles/ounce_master.dir/Z_/Code/Github/Ounce/Hardware/pico-sdk/src/rp2_common/pico_double/double_aeabi_dcp.S.obj
                0x10002044                __wrap___aeabi_dmul
 .text.__wrap___aeabi_ddiv
                0x10002084       0x9c CMakeFiles/ounce_master.dir/Z_/Code/Github/Ounce/Hardware/pico-sdk/src/rp2_common/pico_double/double_aeabi_dcp.S.obj
                0x1000208c                __wrap___aeabi_ddiv
 .text.__wrap___aeabi_i2d
                0x10002120       0x24 CMakeFiles/ounce_master.dir/Z_/Code/Github/Ounce/Hardware/pico-sdk/src/rp2_common/pico_double/double_aeabi_dcp.S.obj
                0x10002128                int2double
                0x10002128                __wrap___aeabi_i2d
 .text.__wrap___aeabi_ui2d
                0x10002144       0x24 CMakeFiles/ounce_master.dir/Z_/Code/Github/Ounce/Hardware/pico-sdk/src/rp2_common/pico_double/double_aeabi_dcp.S.obj
                0x1000214c                uint2double
                0x1000214c                __wrap___aeabi_ui2d
 .text.__wrap___aeabi_d2iz
                0x10002168       0x24 CMakeFiles/ounce_master.dir/Z_/Code/Github/Ounce/Hardware/pico-sdk/src/rp2_common/pico_double/double_aeabi_dcp.S.obj
                0x10002170                double2int_z
                0x10002170                __wrap___aeabi_d2iz
 .text.__wrap___aeabi_d2uiz
                0x1000218c       0x24 CMakeFiles/ounce_master.dir/Z_/Code/Github/Ounce/Hardware/pico-sdk/src/rp2_common/pico_double/double_aeabi_dcp.S.obj
                0x10002194                double2uint
                0x10002194                __wrap___aeabi_d2uiz
                0x10002194                double2uint_z
 .text.__wrap___aeabi_dcmpun
                0x100021b0       0x24 CMakeFiles/ounce_master.dir/Z_/Code/Github/Ounce/Hardware/pico-sdk/src/rp2_common/pico_double/double_aeabi_dcp.S.obj
                0x100021b8                __wrap___aeabi_dcmpun
 .text.__wrap___aeabi_dcmplt
                0x100021d4       0x28 CMakeFiles/ounce_master.dir/Z_/Code/Github/Ounce/Hardware/pico-sdk/src/rp2_common/pico_double/double_aeabi_dcp.S.obj
                0x100021dc                __wrap___aeabi_dcmplt
 .text.__wrap___aeabi_dcmpge
                0x100021fc       0x28 CMakeFiles/ounce_master.dir/Z_/Code/Github/Ounce/Hardware/pico-sdk/src/rp2_common/pico_double/double_aeabi_dcp.S.obj
                0x10002204                __wrap___aeabi_dcmpge
 .text.__wrap___aeabi_dcmpgt
                0x10002224       0x28 CMakeFiles/ounce_master.dir/Z_/Code/Github/Ounce/Hardware/pico-sdk/src/rp2_common/pico_double/double_aeabi_dcp.S.obj
                0x1000222c                __wrap___aeabi_dcmpgt
 .text._out_null
                0x1000224c        0x4 CMakeFiles/ounce_master.dir/Z_/Code/Github/Ounce/Hardware/pico-sdk/src/rp2_common/pico_printf/printf.c.obj
 .text._out_rev
                0x10002250       0x9c CMakeFiles/ounce_master.dir/Z_/Code/Github/Ounce/Hardware/pico-sdk/src/rp2_common/pico_printf/printf.c.obj
 .text._ntoa_format
                0x100022ec      0x2a4 CMakeFiles/ounce_master.dir/Z_/Code/Github/Ounce/Hardware/pico-sdk/src/rp2_common/pico_printf/printf.c.obj
 .text._out_char
                0x10002590        0x8 CMakeFiles/ounce_master.dir/Z_/Code/Github/Ounce/Hardware/pico-sdk/src/rp2_common/pico_printf/printf.c.obj
 .text._out_fct
                0x10002598        0xc CMakeFiles/ounce_master.dir/Z_/Code/Github/Ounce/Hardware/pico-sdk/src/rp2_common/pico_printf/printf.c.obj
 *fill*         0x100025a4        0x4 
 .text._etoa    0x100025a8      0x460 CMakeFiles/ounce_master.dir/Z_/Code/Github/Ounce/Hardware/pico-sdk/src/rp2_common/pico_printf/printf.c.obj
 .text._ftoa    0x10002a08      0x3f4 CMakeFiles/ounce_master.dir/Z_/Code/Github/Ounce/Hardware/pico-sdk/src/rp2_common/pico_printf/printf.c.obj
 .text._vsnprintf
                0x10002dfc      0x9e8 CMakeFiles/ounce_master.dir/Z_/Code/Github/Ounce/Hardware/pico-sdk/src/rp2_common/pico_printf/printf.c.obj
 .text.vfctprintf
                0x100037e4       0x28 CMakeFiles/ounce_master.dir/Z_/Code/Github/Ounce/Hardware/pico-sdk/src/rp2_common/pico_printf/printf.c.obj
                0x100037e4                vfctprintf
 .text.weak_raw_vprintf
                0x1000380c       0x30 CMakeFiles/ounce_master.dir/Z_/Code/Github/Ounce/Hardware/pico-sdk/src/rp2_common/pico_printf/printf.c.obj
                0x1000380c                weak_raw_vprintf
 .text._exit    0x1000383c        0x4 CMakeFiles/ounce_master.dir/Z_/Code/Github/Ounce/Hardware/pico-sdk/src/rp2_common/pico_clib_interface/newlib_interface.c.obj
                0x1000383c                _exit
 .text._fini    0x10003840        0x4 CMakeFiles/ounce_master.dir/Z_/Code/Github/Ounce/Hardware/pico-sdk/src/rp2_common/pico_clib_interface/newlib_interface.c.obj
                0x10003840                _fini
 .text._sbrk    0x10003844       0x2c CMakeFiles/ounce_master.dir/Z_/Code/Github/Ounce/Hardware/pico-sdk/src/rp2_common/pico_clib_interface/newlib_interface.c.obj
                0x10003844                _sbrk
 .text._read    0x10003870       0x1c CMakeFiles/ounce_master.dir/Z_/Code/Github/Ounce/Hardware/pico-sdk/src/rp2_common/pico_clib_interface/newlib_interface.c.obj
                0x10003870                _read
 .text._write   0x1000388c       0x20 CMakeFiles/ounce_master.dir/Z_/Code/Github/Ounce/Hardware/pico-sdk/src/rp2_common/pico_clib_interface/newlib_interface.c.obj
                0x1000388c                _write
 .text._close   0x100038ac        0x8 CMakeFiles/ounce_master.dir/Z_/Code/Github/Ounce/Hardware/pico-sdk/src/rp2_common/pico_clib_interface/newlib_interface.c.obj
                0x100038ac                _close
 .text._lseek   0x100038b4        0x8 CMakeFiles/ounce_master.dir/Z_/Code/Github/Ounce/Hardware/pico-sdk/src/rp2_common/pico_clib_interface/newlib_interface.c.obj
                0x100038b4                _lseek
 .text.exit     0x100038bc        0x8 CMakeFiles/ounce_master.dir/Z_/Code/Github/Ounce/Hardware/pico-sdk/src/rp2_common/pico_clib_interface/newlib_interface.c.obj
                0x100038bc                exit
 .text.runtime_init
                0x100038c4       0x24 CMakeFiles/ounce_master.dir/Z_/Code/Github/Ounce/Hardware/pico-sdk/src/rp2_common/pico_clib_interface/newlib_interface.c.obj
                0x100038c4                runtime_init
 .text.stdio_out_chars_no_crlf
                0x100038e8        0x8 CMakeFiles/ounce_master.dir/Z_/Code/Github/Ounce/Hardware/pico-sdk/src/rp2_common/pico_stdio/stdio.c.obj
 .text.stdio_out_chars_crlf
                0x100038f0       0xac CMakeFiles/ounce_master.dir/Z_/Code/Github/Ounce/Hardware/pico-sdk/src/rp2_common/pico_stdio/stdio.c.obj
 .text.stdio_buffered_printer
                0x1000399c       0x50 CMakeFiles/ounce_master.dir/Z_/Code/Github/Ounce/Hardware/pico-sdk/src/rp2_common/pico_stdio/stdio.c.obj
 .text.stdio_put_string
                0x100039ec       0xf0 CMakeFiles/ounce_master.dir/Z_/Code/Github/Ounce/Hardware/pico-sdk/src/rp2_common/pico_stdio/stdio.c.obj
                0x100039ec                stdio_put_string
 .text.stdio_get_until
                0x10003adc       0x7c CMakeFiles/ounce_master.dir/Z_/Code/Github/Ounce/Hardware/pico-sdk/src/rp2_common/pico_stdio/stdio.c.obj
                0x10003adc                stdio_get_until
 .text.stdio_set_driver_enabled
                0x10003b58       0x30 CMakeFiles/ounce_master.dir/Z_/Code/Github/Ounce/Hardware/pico-sdk/src/rp2_common/pico_stdio/stdio.c.obj
                0x10003b58                stdio_set_driver_enabled
 .text.stdio_init_all
                0x10003b88        0x4 CMakeFiles/ounce_master.dir/Z_/Code/Github/Ounce/Hardware/pico-sdk/src/rp2_common/pico_stdio/stdio.c.obj
                0x10003b88                stdio_init_all
 .text.stdio_getchar_timeout_us
                0x10003b8c       0x8c CMakeFiles/ounce_master.dir/Z_/Code/Github/Ounce/Hardware/pico-sdk/src/rp2_common/pico_stdio/stdio.c.obj
                0x10003b8c                stdio_getchar_timeout_us
 .text.__wrap_putchar
                0x10003c18       0x84 CMakeFiles/ounce_master.dir/Z_/Code/Github/Ounce/Hardware/pico-sdk/src/rp2_common/pico_stdio/stdio.c.obj
                0x10003c18                __wrap_putchar
                0x10003c18                stdio_putchar
 .text.__wrap_puts
                0x10003c9c       0x3c CMakeFiles/ounce_master.dir/Z_/Code/Github/Ounce/Hardware/pico-sdk/src/rp2_common/pico_stdio/stdio.c.obj
                0x10003c9c                stdio_puts
                0x10003c9c                __wrap_puts
 .text.__wrap_vprintf
                0x10003cd8       0xc8 CMakeFiles/ounce_master.dir/Z_/Code/Github/Ounce/Hardware/pico-sdk/src/rp2_common/pico_stdio/stdio.c.obj
                0x10003cd8                stdio_vprintf
                0x10003cd8                __wrap_vprintf
 .text.__wrap_printf
                0x10003da0       0x1c CMakeFiles/ounce_master.dir/Z_/Code/Github/Ounce/Hardware/pico-sdk/src/rp2_common/pico_stdio/stdio.c.obj
                0x10003da0                __wrap_printf
                0x10003da0                stdio_printf
 .text.stdio_usb_set_chars_available_callback
                0x10003dbc       0x14 CMakeFiles/ounce_master.dir/Z_/Code/Github/Ounce/Hardware/pico-sdk/src/rp2_common/pico_stdio_usb/stdio_usb.c.obj
                0x10003dbc                stdio_usb_set_chars_available_callback
 .text.timer_task
                0x10003dd0       0x70 CMakeFiles/ounce_master.dir/Z_/Code/Github/Ounce/Hardware/pico-sdk/src/rp2_common/pico_stdio_usb/stdio_usb.c.obj
 .text.usb_irq  0x10003e40        0xc CMakeFiles/ounce_master.dir/Z_/Code/Github/Ounce/Hardware/pico-sdk/src/rp2_common/pico_stdio_usb/stdio_usb.c.obj
 .text.stdio_usb_in_chars
                0x10003e4c       0x88 CMakeFiles/ounce_master.dir/Z_/Code/Github/Ounce/Hardware/pico-sdk/src/rp2_common/pico_stdio_usb/stdio_usb.c.obj
                0x10003e4c                stdio_usb_in_chars
 .text.stdio_usb_out_flush
                0x10003ed4       0x54 CMakeFiles/ounce_master.dir/Z_/Code/Github/Ounce/Hardware/pico-sdk/src/rp2_common/pico_stdio_usb/stdio_usb.c.obj
 .text.stdio_usb_out_chars
                0x10003f28       0xf4 CMakeFiles/ounce_master.dir/Z_/Code/Github/Ounce/Hardware/pico-sdk/src/rp2_common/pico_stdio_usb/stdio_usb.c.obj
 .text.low_priority_worker_irq
                0x1000401c       0xd8 CMakeFiles/ounce_master.dir/Z_/Code/Github/Ounce/Hardware/pico-sdk/src/rp2_common/pico_stdio_usb/stdio_usb.c.obj
 .text.stdio_usb_init
                0x100040f4       0xe8 CMakeFiles/ounce_master.dir/Z_/Code/Github/Ounce/Hardware/pico-sdk/src/rp2_common/pico_stdio_usb/stdio_usb.c.obj
                0x100040f4                stdio_usb_init
 .text.tud_descriptor_device_cb
                0x100041dc        0x8 CMakeFiles/ounce_master.dir/Z_/Code/Github/Ounce/Hardware/pico-sdk/src/rp2_common/pico_stdio_usb/stdio_usb_descriptors.c.obj
                0x100041dc                tud_descriptor_device_cb
 .text.tud_descriptor_configuration_cb
                0x100041e4        0x8 CMakeFiles/ounce_master.dir/Z_/Code/Github/Ounce/Hardware/pico-sdk/src/rp2_common/pico_stdio_usb/stdio_usb_descriptors.c.obj
                0x100041e4                tud_descriptor_configuration_cb
 .text.tud_descriptor_string_cb
                0x100041ec       0x70 CMakeFiles/ounce_master.dir/Z_/Code/Github/Ounce/Hardware/pico-sdk/src/rp2_common/pico_stdio_usb/stdio_usb_descriptors.c.obj
                0x100041ec                tud_descriptor_string_cb
 .text.startup._retrieve_unique_id_on_boot
                0x1000425c       0x30 CMakeFiles/ounce_master.dir/Z_/Code/Github/Ounce/Hardware/pico-sdk/src/rp2_common/pico_unique_id/unique_id.c.obj
 .text.pico_get_unique_board_id_string
                0x1000428c      0x184 CMakeFiles/ounce_master.dir/Z_/Code/Github/Ounce/Hardware/pico-sdk/src/rp2_common/pico_unique_id/unique_id.c.obj
                0x1000428c                pico_get_unique_board_id_string
 .text.usb_reset_interface_init
                0x10004410        0x4 CMakeFiles/ounce_master.dir/Z_/Code/Github/Ounce/Hardware/pico-sdk/src/rp2_common/pico_usb_reset/usb_reset.c.obj
                0x10004410                usb_reset_interface_init
 .text.usb_reset_interface_reset
                0x10004414        0xc CMakeFiles/ounce_master.dir/Z_/Code/Github/Ounce/Hardware/pico-sdk/src/rp2_common/pico_usb_reset/usb_reset.c.obj
                0x10004414                usb_reset_interface_reset
 .text.usb_reset_interface_open
                0x10004420       0x28 CMakeFiles/ounce_master.dir/Z_/Code/Github/Ounce/Hardware/pico-sdk/src/rp2_common/pico_usb_reset/usb_reset.c.obj
                0x10004420                usb_reset_interface_open
 .text.usb_reset_interface_xfer_cb
                0x10004448        0x4 CMakeFiles/ounce_master.dir/Z_/Code/Github/Ounce/Hardware/pico-sdk/src/rp2_common/pico_usb_reset/usb_reset.c.obj
                0x10004448                usb_reset_interface_xfer_cb
 .text.usb_reset_interface_control_xfer_cb
                0x1000444c       0x50 CMakeFiles/ounce_master.dir/Z_/Code/Github/Ounce/Hardware/pico-sdk/src/rp2_common/pico_usb_reset/usb_reset.c.obj
                0x1000444c                usb_reset_interface_control_xfer_cb
 .text.tud_descriptor_bos_cb
                0x1000449c        0x8 CMakeFiles/ounce_master.dir/Z_/Code/Github/Ounce/Hardware/pico-sdk/src/rp2_common/pico_usb_reset/usb_reset.c.obj
                0x1000449c                tud_descriptor_bos_cb
 .text.tud_vendor_control_xfer_cb
                0x100044a4       0x28 CMakeFiles/ounce_master.dir/Z_/Code/Github/Ounce/Hardware/pico-sdk/src/rp2_common/pico_usb_reset/usb_reset.c.obj
                0x100044a4                tud_vendor_control_xfer_cb
 .text.usbd_app_driver_get_cb
                0x100044cc       0x10 CMakeFiles/ounce_master.dir/Z_/Code/Github/Ounce/Hardware/pico-sdk/src/rp2_common/pico_usb_reset/usb_reset.c.obj
                0x100044cc                usbd_app_driver_get_cb
 .text.tud_cdc_line_coding_cb
                0x100044dc       0x18 CMakeFiles/ounce_master.dir/Z_/Code/Github/Ounce/Hardware/pico-sdk/src/rp2_common/pico_usb_reset/usb_reset.c.obj
                0x100044dc                tud_cdc_line_coding_cb
 .text.dcd_init
                0x100044f4       0x90 CMakeFiles/ounce_master.dir/Z_/Code/Github/Ounce/Hardware/pico-sdk/lib/tinyusb/src/portable/raspberrypi/rp2040/dcd_rp2040.c.obj
                0x100044f4                dcd_init
 .text.dcd_int_enable
                0x10004584        0x8 CMakeFiles/ounce_master.dir/Z_/Code/Github/Ounce/Hardware/pico-sdk/lib/tinyusb/src/portable/raspberrypi/rp2040/dcd_rp2040.c.obj
                0x10004584                dcd_int_enable
 .text.dcd_set_address
                0x1000458c       0x10 CMakeFiles/ounce_master.dir/Z_/Code/Github/Ounce/Hardware/pico-sdk/lib/tinyusb/src/portable/raspberrypi/rp2040/dcd_rp2040.c.obj
                0x1000458c                dcd_set_address
 .text.dcd_sof_enable
                0x1000459c       0x1c CMakeFiles/ounce_master.dir/Z_/Code/Github/Ounce/Hardware/pico-sdk/lib/tinyusb/src/portable/raspberrypi/rp2040/dcd_rp2040.c.obj
                0x1000459c                dcd_sof_enable
 .text.dcd_edpt0_status_complete
                0x100045b8       0x1c CMakeFiles/ounce_master.dir/Z_/Code/Github/Ounce/Hardware/pico-sdk/lib/tinyusb/src/portable/raspberrypi/rp2040/dcd_rp2040.c.obj
                0x100045b8                dcd_edpt0_status_complete
 .text.dcd_edpt_open
                0x100045d4       0xfc CMakeFiles/ounce_master.dir/Z_/Code/Github/Ounce/Hardware/pico-sdk/lib/tinyusb/src/portable/raspberrypi/rp2040/dcd_rp2040.c.obj
                0x100045d4                dcd_edpt_open
 .text.dcd_edpt_close_all
                0x100046d0        0x4 CMakeFiles/ounce_master.dir/Z_/Code/Github/Ounce/Hardware/pico-sdk/lib/tinyusb/src/portable/raspberrypi/rp2040/dcd_rp2040.c.obj
                0x100046d0                dcd_edpt_close_all
 .text.dcd_edpt_xfer
                0x100046d4       0x28 CMakeFiles/ounce_master.dir/Z_/Code/Github/Ounce/Hardware/pico-sdk/lib/tinyusb/src/portable/raspberrypi/rp2040/dcd_rp2040.c.obj
                0x100046d4                dcd_edpt_xfer
 .text.dcd_edpt_stall
                0x100046fc       0x2c CMakeFiles/ounce_master.dir/Z_/Code/Github/Ounce/Hardware/pico-sdk/lib/tinyusb/src/portable/raspberrypi/rp2040/dcd_rp2040.c.obj
                0x100046fc                dcd_edpt_stall
 .text.dcd_edpt_clear_stall
                0x10004728       0x2c CMakeFiles/ounce_master.dir/Z_/Code/Github/Ounce/Hardware/pico-sdk/lib/tinyusb/src/portable/raspberrypi/rp2040/dcd_rp2040.c.obj
                0x10004728                dcd_edpt_clear_stall
 .text.rp2040_usb_init
                0x10004754       0x40 CMakeFiles/ounce_master.dir/Z_/Code/Github/Ounce/Hardware/pico-sdk/lib/tinyusb/src/portable/raspberrypi/rp2040/rp2040_usb.c.obj
                0x10004754                rp2040_usb_init
 .text.hw_endpoint_xfer_start
                0x10004794       0x40 CMakeFiles/ounce_master.dir/Z_/Code/Github/Ounce/Hardware/pico-sdk/lib/tinyusb/src/portable/raspberrypi/rp2040/rp2040_usb.c.obj
                0x10004794                hw_endpoint_xfer_start
 .text.configuration_reset
                0x100047d4       0x8c CMakeFiles/ounce_master.dir/Z_/Code/Github/Ounce/Hardware/pico-sdk/lib/tinyusb/src/device/usbd.c.obj
 .text.tud_event_hook_cb
                0x10004860        0x4 CMakeFiles/ounce_master.dir/Z_/Code/Github/Ounce/Hardware/pico-sdk/lib/tinyusb/src/device/usbd.c.obj
                0x10004860                tud_event_hook_cb
 .text.tud_sof_cb
                0x10004864        0x4 CMakeFiles/ounce_master.dir/Z_/Code/Github/Ounce/Hardware/pico-sdk/lib/tinyusb/src/device/usbd.c.obj
                0x10004864                tud_sof_cb
 .text.tud_descriptor_device_qualifier_cb
                0x10004868        0x4 CMakeFiles/ounce_master.dir/Z_/Code/Github/Ounce/Hardware/pico-sdk/lib/tinyusb/src/device/usbd.c.obj
                0x10004868                tud_descriptor_device_qualifier_cb
 .text.tud_descriptor_other_speed_configuration_cb
                0x1000486c        0x4 CMakeFiles/ounce_master.dir/Z_/Code/Github/Ounce/Hardware/pico-sdk/lib/tinyusb/src/device/usbd.c.obj
                0x1000486c                tud_descriptor_other_speed_configuration_cb
 .text.tud_mount_cb
                0x10004870        0x4 CMakeFiles/ounce_master.dir/Z_/Code/Github/Ounce/Hardware/pico-sdk/lib/tinyusb/src/device/usbd.c.obj
                0x10004870                tud_mount_cb
 .text.tud_umount_cb
                0x10004874        0x4 CMakeFiles/ounce_master.dir/Z_/Code/Github/Ounce/Hardware/pico-sdk/lib/tinyusb/src/device/usbd.c.obj
                0x10004874                tud_umount_cb
 .text.tud_suspend_cb
                0x10004878        0x4 CMakeFiles/ounce_master.dir/Z_/Code/Github/Ounce/Hardware/pico-sdk/lib/tinyusb/src/device/usbd.c.obj
                0x10004878                tud_suspend_cb
 .text.tud_resume_cb
                0x1000487c        0x4 CMakeFiles/ounce_master.dir/Z_/Code/Github/Ounce/Hardware/pico-sdk/lib/tinyusb/src/device/usbd.c.obj
                0x1000487c                tud_resume_cb
 .text.tud_mounted
                0x10004880       0x10 CMakeFiles/ounce_master.dir/Z_/Code/Github/Ounce/Hardware/pico-sdk/lib/tinyusb/src/device/usbd.c.obj
                0x10004880                tud_mounted
 .text.tud_suspended
                0x10004890       0x10 CMakeFiles/ounce_master.dir/Z_/Code/Github/Ounce/Hardware/pico-sdk/lib/tinyusb/src/device/usbd.c.obj
                0x10004890                tud_suspended
 .text.tud_rhport_init
                0x100048a0       0xf8 CMakeFiles/ounce_master.dir/Z_/Code/Github/Ounce/Hardware/pico-sdk/lib/tinyusb/src/device/usbd.c.obj
                0x100048a0                tud_rhport_init
 .text.tud_task_ext
                0x10004998      0x760 CMakeFiles/ounce_master.dir/Z_/Code/Github/Ounce/Hardware/pico-sdk/lib/tinyusb/src/device/usbd.c.obj
                0x10004998                tud_task_ext
 .text.usbd_open_edpt_pair
                0x100050f8       0x9c CMakeFiles/ounce_master.dir/Z_/Code/Github/Ounce/Hardware/pico-sdk/lib/tinyusb/src/device/usbd.c.obj
                0x100050f8                usbd_open_edpt_pair
 .text.usbd_edpt_open
                0x10005194       0x44 CMakeFiles/ounce_master.dir/Z_/Code/Github/Ounce/Hardware/pico-sdk/lib/tinyusb/src/device/usbd.c.obj
                0x10005194                usbd_edpt_open
 .text.usbd_edpt_claim
                0x100051d8       0x24 CMakeFiles/ounce_master.dir/Z_/Code/Github/Ounce/Hardware/pico-sdk/lib/tinyusb/src/device/usbd.c.obj
                0x100051d8                usbd_edpt_claim
 .text.usbd_edpt_release
                0x100051fc       0x24 CMakeFiles/ounce_master.dir/Z_/Code/Github/Ounce/Hardware/pico-sdk/lib/tinyusb/src/device/usbd.c.obj
                0x100051fc                usbd_edpt_release
 .text.usbd_edpt_xfer
                0x10005220       0x70 CMakeFiles/ounce_master.dir/Z_/Code/Github/Ounce/Hardware/pico-sdk/lib/tinyusb/src/device/usbd.c.obj
                0x10005220                usbd_edpt_xfer
 .text.tud_control_status
                0x10005290       0x34 CMakeFiles/ounce_master.dir/Z_/Code/Github/Ounce/Hardware/pico-sdk/lib/tinyusb/src/device/usbd_control.c.obj
                0x10005290                tud_control_status
 .text.tud_control_xfer
                0x100052c4       0xac CMakeFiles/ounce_master.dir/Z_/Code/Github/Ounce/Hardware/pico-sdk/lib/tinyusb/src/device/usbd_control.c.obj
                0x100052c4                tud_control_xfer
 .text.usbd_control_reset
                0x10005370       0x14 CMakeFiles/ounce_master.dir/Z_/Code/Github/Ounce/Hardware/pico-sdk/lib/tinyusb/src/device/usbd_control.c.obj
                0x10005370                usbd_control_reset
 .text.usbd_control_set_complete_callback
                0x10005384        0xc CMakeFiles/ounce_master.dir/Z_/Code/Github/Ounce/Hardware/pico-sdk/lib/tinyusb/src/device/usbd_control.c.obj
                0x10005384                usbd_control_set_complete_callback
 .text.usbd_control_set_request
                0x10005390       0x1c CMakeFiles/ounce_master.dir/Z_/Code/Github/Ounce/Hardware/pico-sdk/lib/tinyusb/src/device/usbd_control.c.obj
                0x10005390                usbd_control_set_request
 .text.usbd_control_xfer_cb
                0x100053ac       0xfc CMakeFiles/ounce_master.dir/Z_/Code/Github/Ounce/Hardware/pico-sdk/lib/tinyusb/src/device/usbd_control.c.obj
                0x100053ac                usbd_control_xfer_cb
 .text._prep_out_transaction.isra.0
                0x100054a8       0x74 CMakeFiles/ounce_master.dir/Z_/Code/Github/Ounce/Hardware/pico-sdk/lib/tinyusb/src/class/cdc/cdc_device.c.obj
 .text.tud_cdc_n_connected
                0x1000551c       0x2c CMakeFiles/ounce_master.dir/Z_/Code/Github/Ounce/Hardware/pico-sdk/lib/tinyusb/src/class/cdc/cdc_device.c.obj
                0x1000551c                tud_cdc_n_connected
 .text.tud_cdc_n_available
                0x10005548       0x18 CMakeFiles/ounce_master.dir/Z_/Code/Github/Ounce/Hardware/pico-sdk/lib/tinyusb/src/class/cdc/cdc_device.c.obj
                0x10005548                tud_cdc_n_available
 .text.tud_cdc_n_read
                0x10005560       0x8c CMakeFiles/ounce_master.dir/Z_/Code/Github/Ounce/Hardware/pico-sdk/lib/tinyusb/src/class/cdc/cdc_device.c.obj
                0x10005560                tud_cdc_n_read
 .text.tud_cdc_n_write_flush
                0x100055ec       0x8c CMakeFiles/ounce_master.dir/Z_/Code/Github/Ounce/Hardware/pico-sdk/lib/tinyusb/src/class/cdc/cdc_device.c.obj
                0x100055ec                tud_cdc_n_write_flush
 .text.tud_cdc_n_write
                0x10005678       0x44 CMakeFiles/ounce_master.dir/Z_/Code/Github/Ounce/Hardware/pico-sdk/lib/tinyusb/src/class/cdc/cdc_device.c.obj
                0x10005678                tud_cdc_n_write
 .text.tud_cdc_n_write_available
                0x100056bc       0x18 CMakeFiles/ounce_master.dir/Z_/Code/Github/Ounce/Hardware/pico-sdk/lib/tinyusb/src/class/cdc/cdc_device.c.obj
                0x100056bc                tud_cdc_n_write_available
 .text.cdcd_init
                0x100056d4       0x70 CMakeFiles/ounce_master.dir/Z_/Code/Github/Ounce/Hardware/pico-sdk/lib/tinyusb/src/class/cdc/cdc_device.c.obj
                0x100056d4                cdcd_init
 .text.cdcd_deinit
                0x10005744       0x2c CMakeFiles/ounce_master.dir/Z_/Code/Github/Ounce/Hardware/pico-sdk/lib/tinyusb/src/class/cdc/cdc_device.c.obj
                0x10005744                cdcd_deinit
 .text.cdcd_reset
                0x10005770       0x4c CMakeFiles/ounce_master.dir/Z_/Code/Github/Ounce/Hardware/pico-sdk/lib/tinyusb/src/class/cdc/cdc_device.c.obj
                0x10005770                cdcd_reset
 .text.cdcd_open
                0x100057bc       0xbc CMakeFiles/ounce_master.dir/Z_/Code/Github/Ounce/Hardware/pico-sdk/lib/tinyusb/src/class/cdc/cdc_device.c.obj
                0x100057bc                cdcd_open
 .text.cdcd_control_xfer_cb
                0x10005878       0xc0 CMakeFiles/ounce_master.dir/Z_/Code/Github/Ounce/Hardware/pico-sdk/lib/tinyusb/src/class/cdc/cdc_device.c.obj
                0x10005878                cdcd_control_xfer_cb
 .text.cdcd_xfer_cb
                0x10005938       0xfc CMakeFiles/ounce_master.dir/Z_/Code/Github/Ounce/Hardware/pico-sdk/lib/tinyusb/src/class/cdc/cdc_device.c.obj
                0x10005938                cdcd_xfer_cb
 .text.tusb_rhport_init
                0x10005a34       0x60 CMakeFiles/ounce_master.dir/Z_/Code/Github/Ounce/Hardware/pico-sdk/lib/tinyusb/src/tusb.c.obj
                0x10005a34                tusb_rhport_init
 .text.tu_edpt_claim
                0x10005a94       0x54 CMakeFiles/ounce_master.dir/Z_/Code/Github/Ounce/Hardware/pico-sdk/lib/tinyusb/src/tusb.c.obj
                0x10005a94                tu_edpt_claim
 .text.tu_edpt_release
                0x10005ae8       0x38 CMakeFiles/ounce_master.dir/Z_/Code/Github/Ounce/Hardware/pico-sdk/lib/tinyusb/src/tusb.c.obj
                0x10005ae8                tu_edpt_release
 .text.tu_edpt_validate
                0x10005b20       0x64 CMakeFiles/ounce_master.dir/Z_/Code/Github/Ounce/Hardware/pico-sdk/lib/tinyusb/src/tusb.c.obj
                0x10005b20                tu_edpt_validate
 .text.tu_edpt_bind_driver
                0x10005b84       0x58 CMakeFiles/ounce_master.dir/Z_/Code/Github/Ounce/Hardware/pico-sdk/lib/tinyusb/src/tusb.c.obj
                0x10005b84                tu_edpt_bind_driver
 .text.tu_fifo_config
                0x10005bdc       0x60 CMakeFiles/ounce_master.dir/Z_/Code/Github/Ounce/Hardware/pico-sdk/lib/tinyusb/src/common/tusb_fifo.c.obj
                0x10005bdc                tu_fifo_config
 .text.tu_fifo_count
                0x10005c3c       0x20 CMakeFiles/ounce_master.dir/Z_/Code/Github/Ounce/Hardware/pico-sdk/lib/tinyusb/src/common/tusb_fifo.c.obj
                0x10005c3c                tu_fifo_count
 .text.tu_fifo_empty
                0x10005c5c       0x14 CMakeFiles/ounce_master.dir/Z_/Code/Github/Ounce/Hardware/pico-sdk/lib/tinyusb/src/common/tusb_fifo.c.obj
                0x10005c5c                tu_fifo_empty
 .text.tu_fifo_remaining
                0x10005c70       0x24 CMakeFiles/ounce_master.dir/Z_/Code/Github/Ounce/Hardware/pico-sdk/lib/tinyusb/src/common/tusb_fifo.c.obj
                0x10005c70                tu_fifo_remaining
 .text.tu_fifo_read
                0x10005c94       0x94 CMakeFiles/ounce_master.dir/Z_/Code/Github/Ounce/Hardware/pico-sdk/lib/tinyusb/src/common/tusb_fifo.c.obj
                0x10005c94                tu_fifo_read
 .text.tu_fifo_read_n
                0x10005d28       0xd8 CMakeFiles/ounce_master.dir/Z_/Code/Github/Ounce/Hardware/pico-sdk/lib/tinyusb/src/common/tusb_fifo.c.obj
                0x10005d28                tu_fifo_read_n
 .text.tu_fifo_write
                0x10005e00       0xa0 CMakeFiles/ounce_master.dir/Z_/Code/Github/Ounce/Hardware/pico-sdk/lib/tinyusb/src/common/tusb_fifo.c.obj
                0x10005e00                tu_fifo_write
 .text.tu_fifo_write_n
                0x10005ea0      0x158 CMakeFiles/ounce_master.dir/Z_/Code/Github/Ounce/Hardware/pico-sdk/lib/tinyusb/src/common/tusb_fifo.c.obj
                0x10005ea0                tu_fifo_write_n
 .text.tu_fifo_clear
                0x10005ff8       0x38 CMakeFiles/ounce_master.dir/Z_/Code/Github/Ounce/Hardware/pico-sdk/lib/tinyusb/src/common/tusb_fifo.c.obj
                0x10005ff8                tu_fifo_clear
 .text.tu_fifo_set_overwritable
                0x10006030       0x3c CMakeFiles/ounce_master.dir/Z_/Code/Github/Ounce/Hardware/pico-sdk/lib/tinyusb/src/common/tusb_fifo.c.obj
                0x10006030                tu_fifo_set_overwritable
 .text.spi_init
                0x1000606c       0xf4 CMakeFiles/ounce_master.dir/Z_/Code/Github/Ounce/Hardware/pico-sdk/src/rp2_common/hardware_spi/spi.c.obj
                0x1000606c                spi_init
 .text.__malloc_lock
                0x10006160        0xc C:/PROGRA~2/ARMGNU~1/133167~1.3RE/bin/../lib/gcc/arm-none-eabi/13.3.1/thumb/v8-m.main+fp/softfp\libg.a(libc_a-mlock.o)
                0x10006160                __malloc_lock
 .text.__malloc_unlock
                0x1000616c        0xc C:/PROGRA~2/ARMGNU~1/133167~1.3RE/bin/../lib/gcc/arm-none-eabi/13.3.1/thumb/v8-m.main+fp/softfp\libg.a(libc_a-mlock.o)
                0x1000616c                __malloc_unlock
 .text.__sflush_r
                0x10006178      0x138 C:/PROGRA~2/ARMGNU~1/133167~1.3RE/bin/../lib/gcc/arm-none-eabi/13.3.1/thumb/v8-m.main+fp/softfp\libg.a(libc_a-fflush.o)
                0x10006178                __sflush_r
 .text._fflush_r
                0x100062b0       0x54 C:/PROGRA~2/ARMGNU~1/133167~1.3RE/bin/../lib/gcc/arm-none-eabi/13.3.1/thumb/v8-m.main+fp/softfp\libg.a(libc_a-fflush.o)
                0x100062b0                _fflush_r
 .text.fflush   0x10006304       0x74 C:/PROGRA~2/ARMGNU~1/133167~1.3RE/bin/../lib/gcc/arm-none-eabi/13.3.1/thumb/v8-m.main+fp/softfp\libg.a(libc_a-fflush.o)
                0x10006304                fflush
 .text.stdio_exit_handler
                0x10006378       0x18 C:/PROGRA~2/ARMGNU~1/133167~1.3RE/bin/../lib/gcc/arm-none-eabi/13.3.1/thumb/v8-m.main+fp/softfp\libg.a(libc_a-findfp.o)
 .text.cleanup_stdio
                0x10006390       0x40 C:/PROGRA~2/ARMGNU~1/133167~1.3RE/bin/../lib/gcc/arm-none-eabi/13.3.1/thumb/v8-m.main+fp/softfp\libg.a(libc_a-findfp.o)
 .text.global_stdio_init.part.0
                0x100063d0       0xf0 C:/PROGRA~2/ARMGNU~1/133167~1.3RE/bin/../lib/gcc/arm-none-eabi/13.3.1/thumb/v8-m.main+fp/softfp\libg.a(libc_a-findfp.o)
 .text.__sinit  0x100064c0       0x3c C:/PROGRA~2/ARMGNU~1/133167~1.3RE/bin/../lib/gcc/arm-none-eabi/13.3.1/thumb/v8-m.main+fp/softfp\libg.a(libc_a-findfp.o)
                0x100064c0                __sinit
 .text.__sfp_lock_acquire
                0x100064fc        0xc C:/PROGRA~2/ARMGNU~1/133167~1.3RE/bin/../lib/gcc/arm-none-eabi/13.3.1/thumb/v8-m.main+fp/softfp\libg.a(libc_a-findfp.o)
                0x100064fc                __sfp_lock_acquire
 .text.__sfp_lock_release
                0x10006508        0xc C:/PROGRA~2/ARMGNU~1/133167~1.3RE/bin/../lib/gcc/arm-none-eabi/13.3.1/thumb/v8-m.main+fp/softfp\libg.a(libc_a-findfp.o)
                0x10006508                __sfp_lock_release
 .text._fwalk_sglue
                0x10006514       0x44 C:/PROGRA~2/ARMGNU~1/133167~1.3RE/bin/../lib/gcc/arm-none-eabi/13.3.1/thumb/v8-m.main+fp/softfp\libg.a(libc_a-fwalk.o)
                0x10006514                _fwalk_sglue
 .text.__sread  0x10006558       0x24 C:/PROGRA~2/ARMGNU~1/133167~1.3RE/bin/../lib/gcc/arm-none-eabi/13.3.1/thumb/v8-m.main+fp/softfp\libg.a(libc_a-stdio.o)
                0x10006558                __sread
 .text.__swrite
                0x1000657c       0x40 C:/PROGRA~2/ARMGNU~1/133167~1.3RE/bin/../lib/gcc/arm-none-eabi/13.3.1/thumb/v8-m.main+fp/softfp\libg.a(libc_a-stdio.o)
                0x1000657c                __swrite
 .text.__sseek  0x100065bc       0x28 C:/PROGRA~2/ARMGNU~1/133167~1.3RE/bin/../lib/gcc/arm-none-eabi/13.3.1/thumb/v8-m.main+fp/softfp\libg.a(libc_a-stdio.o)
                0x100065bc                __sseek
 .text.__sclose
                0x100065e4        0x8 C:/PROGRA~2/ARMGNU~1/133167~1.3RE/bin/../lib/gcc/arm-none-eabi/13.3.1/thumb/v8-m.main+fp/softfp\libg.a(libc_a-stdio.o)
                0x100065e4                __sclose
 .text._close_r
                0x100065ec       0x24 C:/PROGRA~2/ARMGNU~1/133167~1.3RE/bin/../lib/gcc/arm-none-eabi/13.3.1/thumb/v8-m.main+fp/softfp\libg.a(libc_a-closer.o)
                0x100065ec                _close_r
 .text._lseek_r
                0x10006610       0x2c C:/PROGRA~2/ARMGNU~1/133167~1.3RE/bin/../lib/gcc/arm-none-eabi/13.3.1/thumb/v8-m.main+fp/softfp\libg.a(libc_a-lseekr.o)
                0x10006610                _lseek_r
 .text._read_r  0x1000663c       0x2c C:/PROGRA~2/ARMGNU~1/133167~1.3RE/bin/../lib/gcc/arm-none-eabi/13.3.1/thumb/v8-m.main+fp/softfp\libg.a(libc_a-readr.o)
                0x1000663c                _read_r
 .text._sbrk_r  0x10006668       0x24 C:/PROGRA~2/ARMGNU~1/133167~1.3RE/bin/../lib/gcc/arm-none-eabi/13.3.1/thumb/v8-m.main+fp/softfp\libg.a(libc_a-sbrkr.o)
                0x10006668                _sbrk_r
 .text._write_r
                0x1000668c       0x2c C:/PROGRA~2/ARMGNU~1/133167~1.3RE/bin/../lib/gcc/arm-none-eabi/13.3.1/thumb/v8-m.main+fp/softfp\libg.a(libc_a-writer.o)
                0x1000668c                _write_r
 .text.__errno  0x100066b8        0xc C:/PROGRA~2/ARMGNU~1/133167~1.3RE/bin/../lib/gcc/arm-none-eabi/13.3.1/thumb/v8-m.main+fp/softfp\libg.a(libc_a-errno.o)
                0x100066b8                __errno
 .text.__retarget_lock_init_recursive
                0x100066c4        0x4 C:/PROGRA~2/ARMGNU~1/133167~1.3RE/bin/../lib/gcc/arm-none-eabi/13.3.1/thumb/v8-m.main+fp/softfp\libg.a(libc_a-lock.o)
                0x100066c4                __retarget_lock_init_recursive
 .text.__retarget_lock_close_recursive
                0x100066c8        0x4 C:/PROGRA~2/ARMGNU~1/133167~1.3RE/bin/../lib/gcc/arm-none-eabi/13.3.1/thumb/v8-m.main+fp/softfp\libg.a(libc_a-lock.o)
                0x100066c8                __retarget_lock_close_recursive
 .text.__retarget_lock_acquire_recursive
                0x100066cc        0x4 C:/PROGRA~2/ARMGNU~1/133167~1.3RE/bin/../lib/gcc/arm-none-eabi/13.3.1/thumb/v8-m.main+fp/softfp\libg.a(libc_a-lock.o)
                0x100066cc                __retarget_lock_acquire_recursive
 .text.__retarget_lock_release_recursive
                0x100066d0        0x4 C:/PROGRA~2/ARMGNU~1/133167~1.3RE/bin/../lib/gcc/arm-none-eabi/13.3.1/thumb/v8-m.main+fp/softfp\libg.a(libc_a-lock.o)
                0x100066d0                __retarget_lock_release_recursive
 .text.sysconf  0x100066d4       0x1c C:/PROGRA~2/ARMGNU~1/133167~1.3RE/bin/../lib/gcc/arm-none-eabi/13.3.1/thumb/v8-m.main+fp/softfp\libg.a(libc_a-sysconf.o)
                0x100066d4                sysconf
 .text.strlen   0x100066f0       0x5c C:/PROGRA~2/ARMGNU~1/133167~1.3RE/bin/../lib/gcc/arm-none-eabi/13.3.1/thumb/v8-m.main+fp/softfp\libg.a(libc_a-strlen-stub.o)
                0x100066f0                strlen
 .text._malloc_trim_r
                0x1000674c       0xb8 C:/PROGRA~2/ARMGNU~1/133167~1.3RE/bin/../lib/gcc/arm-none-eabi/13.3.1/thumb/v8-m.main+fp/softfp\libg.a(libc_a-freer.o)
                0x1000674c                _malloc_trim_r
 .text._free_r  0x10006804      0x1f8 C:/PROGRA~2/ARMGNU~1/133167~1.3RE/bin/../lib/gcc/arm-none-eabi/13.3.1/thumb/v8-m.main+fp/softfp\libg.a(libc_a-freer.o)
                0x10006804                _free_r
 .text._fclose_r
                0x100069fc       0xc0 C:/PROGRA~2/ARMGNU~1/133167~1.3RE/bin/../lib/gcc/arm-none-eabi/13.3.1/thumb/v8-m.main+fp/softfp\libg.a(libc_a-fclose.o)
                0x100069fc                _fclose_r
 *fill*         0x10006abc        0x4 
 .text._fclose_r.__stub
                0x10006ac0       0x68 linker stubs
 *(.fini)
 *crtbegin.o(.ctors)
 *crtbegin?.o(.ctors)
 *(EXCLUDE_FILE(*crtend.o *crtend?.o) .ctors)
 *(SORT_BY_NAME(.ctors.*))
 *(.ctors)
 *crtbegin.o(.dtors)
 *crtbegin?.o(.dtors)
 *(EXCLUDE_FILE(*crtend.o *crtend?.o) .dtors)
 *(SORT_BY_NAME(.dtors.*))
 *(.dtors)
                0x10006b28                        . = ALIGN (0x4)
                [!provide]                        PROVIDE (__bothinit_array_start = .)
                0x10006b28                        PROVIDE (__preinit_array_start = .)
 *(SORT_BY_NAME(.preinit_array.*))
 .preinit_array.00050
                0x10006b28        0x4 CMakeFiles/ounce_master.dir/Z_/Code/Github/Ounce/Hardware/pico-sdk/src/rp2_common/pico_runtime_init/runtime_init.c.obj
                0x10006b28                __pre_init_runtime_init_bootrom_reset
 .preinit_array.00100
                0x10006b2c        0x4 CMakeFiles/ounce_master.dir/Z_/Code/Github/Ounce/Hardware/pico-sdk/src/rp2_common/pico_runtime_init/runtime_init.c.obj
                0x10006b2c                __pre_init_runtime_init_early_resets
 .preinit_array.00101
                0x10006b30        0x4 CMakeFiles/ounce_master.dir/Z_/Code/Github/Ounce/Hardware/pico-sdk/src/rp2_common/pico_runtime_init/runtime_init.c.obj
                0x10006b30                __pre_init_runtime_init_usb_power_down
 .preinit_array.00500
                0x10006b34        0x4 CMakeFiles/ounce_master.dir/Z_/Code/Github/Ounce/Hardware/pico-sdk/src/rp2_common/pico_runtime_init/runtime_init.c.obj
                0x10006b34                __pre_init_runtime_init_clocks
 .preinit_array.00600
                0x10006b38        0x4 CMakeFiles/ounce_master.dir/Z_/Code/Github/Ounce/Hardware/pico-sdk/src/rp2_common/pico_runtime_init/runtime_init.c.obj
                0x10006b38                __pre_init_runtime_init_post_clock_resets
 .preinit_array.01000
                0x10006b3c        0x4 CMakeFiles/ounce_master.dir/Z_/Code/Github/Ounce/Hardware/pico-sdk/src/rp2_common/hardware_boot_lock/boot_lock.c.obj
                0x10006b3c                __pre_init_runtime_init_boot_locks_reset
 .preinit_array.01000
                0x10006b40        0x4 CMakeFiles/ounce_master.dir/Z_/Code/Github/Ounce/Hardware/pico-sdk/src/rp2_common/pico_runtime_init/runtime_init.c.obj
                0x10006b40                __pre_init_runtime_init_spin_locks_reset
 .preinit_array.01010
                0x10006b44        0x4 CMakeFiles/ounce_master.dir/Z_/Code/Github/Ounce/Hardware/pico-sdk/src/rp2_common/pico_bootrom/bootrom_lock.c.obj
                0x10006b44                __pre_init_runtime_init_bootrom_locking_enable
 .preinit_array.01100
                0x10006b48        0x4 CMakeFiles/ounce_master.dir/Z_/Code/Github/Ounce/Hardware/pico-sdk/src/common/pico_sync/mutex.c.obj
                0x10006b48                __pre_init_runtime_init_mutex
 .preinit_array.10080
                0x10006b4c        0x4 CMakeFiles/ounce_master.dir/Z_/Code/Github/Ounce/Hardware/pico-sdk/src/rp2_common/pico_runtime_init/runtime_init.c.obj
                0x10006b4c                __pre_init_runtime_init_install_ram_vector_table
 .preinit_array.11000
                0x10006b50        0x4 CMakeFiles/ounce_master.dir/Z_/Code/Github/Ounce/Hardware/pico-sdk/src/common/pico_time/time.c.obj
                0x10006b50                __pre_init_runtime_init_default_alarm_pool
 .preinit_array.YYYYY
                0x10006b54        0x4 CMakeFiles/ounce_master.dir/Z_/Code/Github/Ounce/Hardware/pico-sdk/src/rp2_common/pico_runtime/runtime.c.obj
                0x10006b54                __pre_init_first_per_core_initializer
 .preinit_array.ZZZZZ.00051
                0x10006b58        0x4 CMakeFiles/ounce_master.dir/Z_/Code/Github/Ounce/Hardware/pico-sdk/src/rp2_common/pico_runtime_init/runtime_init.c.obj
                0x10006b58                __pre_init_runtime_init_per_core_bootrom_reset
 .preinit_array.ZZZZZ.00200
                0x10006b5c        0x4 CMakeFiles/ounce_master.dir/Z_/Code/Github/Ounce/Hardware/pico-sdk/src/rp2_common/pico_runtime_init/runtime_init.c.obj
                0x10006b5c                __pre_init_runtime_init_per_core_enable_coprocessors
 .preinit_array.ZZZZZ.01000
                0x10006b60        0x4 CMakeFiles/ounce_master.dir/Z_/Code/Github/Ounce/Hardware/pico-sdk/src/rp2_common/hardware_sync_spin_lock/sync_spin_lock.c.obj
                0x10006b60                __pre_init_spinlock_set_extexclall
 .preinit_array.ZZZZZ.01200
                0x10006b64        0x4 CMakeFiles/ounce_master.dir/Z_/Code/Github/Ounce/Hardware/pico-sdk/src/rp2_common/hardware_irq/irq.c.obj
                0x10006b64                __pre_init_runtime_init_per_core_irq_priorities
 *(.preinit_array)
                0x10006b68                        PROVIDE (__preinit_array_end = .)
                0x10006b68                        . = ALIGN (0x4)
                0x10006b68                        PROVIDE (__init_array_start = .)
 *(SORT_BY_NAME(.init_array.*))
 .init_array.01000
                0x10006b68        0x4 CMakeFiles/ounce_master.dir/Z_/Code/Github/Ounce/Hardware/pico-sdk/src/rp2_common/pico_unique_id/unique_id.c.obj
 *(.init_array)
                0x10006b6c                        PROVIDE (__init_array_end = .)
                [!provide]                        PROVIDE (__bothinit_array_end = .)
                0x10006b6c                        . = ALIGN (0x4)
                [!provide]                        PROVIDE (__fini_array_start = .)
 *(SORT_BY_NAME(.fini_array.*))
 *(.fini_array)
                [!provide]                        PROVIDE (__fini_array_end = .)
                [!provide]                        PROVIDE (__dso_handle = 0x0)
 *(.eh_frame*)
                0x10006b6c                        . = ALIGN (0x4)

.glue_7         0x10006b6c        0x0
 .glue_7        0x10006b6c        0x0 linker stubs

.glue_7t        0x10006b6c        0x0
 .glue_7t       0x10006b6c        0x0 linker stubs

.vfp11_veneer   0x10006b6c        0x0
 .vfp11_veneer  0x10006b6c        0x0 linker stubs

.v4_bx          0x10006b6c        0x0
 .v4_bx         0x10006b6c        0x0 linker stubs

.iplt           0x10006b6c        0x0
 .iplt          0x10006b6c        0x0 CMakeFiles/ounce_master.dir/src/main.cpp.obj

.boot2          0x10006b6c        0x0
                0x10006b6c                        __boot2_start__ = .
 *(.boot2)
                0x10006b6c                        __boot2_end__ = .
                0x00000001                        ASSERT (((__boot2_end__ - __boot2_start__) <= 0x100), ERROR: Pico second stage bootloader must be no more than 256 bytes in size)

.rodata         0x10006b70      0x49c
 *(EXCLUDE_FILE(*libm.a: *lib*_a-mem*.o *libc.a: *libgcc.a:) .rodata*)
 .rodata.main.str1.4
                0x10006b70      0x228 CMakeFiles/ounce_master.dir/src/main.cpp.obj
                                 0xb8 (size before relaxing)
 .rodata.CS_PINS
                0x10006d98       0x10 CMakeFiles/ounce_master.dir/src/spi_master.cpp.obj
                0x10006d98                CS_PINS
 .rodata        0x10006da8       0x14 CMakeFiles/ounce_master.dir/src/spi_master.cpp.obj
 .rodata.panic.str1.4
                0x10006dbc       0x11 CMakeFiles/ounce_master.dir/Z_/Code/Github/Ounce/Hardware/pico-sdk/src/rp2_common/pico_platform_panic/panic.c.obj
 .rodata.spin_lock_claim_unused.str1.4
                0x10006dbc       0x1b CMakeFiles/ounce_master.dir/Z_/Code/Github/Ounce/Hardware/pico-sdk/src/rp2_common/hardware_sync/sync.c.obj
 .rodata.user_irq_claim_unused.str1.4
                0x10006dbc       0x1b CMakeFiles/ounce_master.dir/Z_/Code/Github/Ounce/Hardware/pico-sdk/src/rp2_common/hardware_irq/irq.c.obj
 *fill*         0x10006dbc        0x4 
 .rodata.at_the_end_of_time
                0x10006dc0        0x8 CMakeFiles/ounce_master.dir/Z_/Code/Github/Ounce/Hardware/pico-sdk/src/common/pico_time/time.c.obj
                0x10006dc0                at_the_end_of_time
 .rodata.timer_hardware_alarm_claim.str1.4
                0x10006dc8       0x22 CMakeFiles/ounce_master.dir/Z_/Code/Github/Ounce/Hardware/pico-sdk/src/rp2_common/hardware_timer/timer.c.obj
 .rodata.hard_assertion_failure.str1.4
                0x10006dc8        0xc CMakeFiles/ounce_master.dir/Z_/Code/Github/Ounce/Hardware/pico-sdk/src/rp2_common/pico_runtime/runtime.c.obj
 .rodata.str1.4
                0x10006dc8       0x44 CMakeFiles/ounce_master.dir/Z_/Code/Github/Ounce/Hardware/pico-sdk/src/rp2_common/pico_standard_binary_info/standard_binary_info.c.obj
 .rodata.__bi_84
                0x10006dc8        0xc CMakeFiles/ounce_master.dir/Z_/Code/Github/Ounce/Hardware/pico-sdk/src/rp2_common/pico_standard_binary_info/standard_binary_info.c.obj
 .rodata.__bi_78
                0x10006dd4        0xc CMakeFiles/ounce_master.dir/Z_/Code/Github/Ounce/Hardware/pico-sdk/src/rp2_common/pico_standard_binary_info/standard_binary_info.c.obj
 .rodata.__bi_54
                0x10006de0        0xc CMakeFiles/ounce_master.dir/Z_/Code/Github/Ounce/Hardware/pico-sdk/src/rp2_common/pico_standard_binary_info/standard_binary_info.c.obj
 .rodata.__bi_48
                0x10006dec        0xc CMakeFiles/ounce_master.dir/Z_/Code/Github/Ounce/Hardware/pico-sdk/src/rp2_common/pico_standard_binary_info/standard_binary_info.c.obj
 .rodata.__bi_42
                0x10006df8        0xc CMakeFiles/ounce_master.dir/Z_/Code/Github/Ounce/Hardware/pico-sdk/src/rp2_common/pico_standard_binary_info/standard_binary_info.c.obj
 .rodata.__bi_34
                0x10006e04        0xc CMakeFiles/ounce_master.dir/Z_/Code/Github/Ounce/Hardware/pico-sdk/src/rp2_common/pico_standard_binary_info/standard_binary_info.c.obj
 .rodata.__bi_26
                0x10006e10        0xc CMakeFiles/ounce_master.dir/Z_/Code/Github/Ounce/Hardware/pico-sdk/src/rp2_common/pico_standard_binary_info/standard_binary_info.c.obj
 .rodata._ftoa.str1.4
                0x10006e1c       0x15 CMakeFiles/ounce_master.dir/Z_/Code/Github/Ounce/Hardware/pico-sdk/src/rp2_common/pico_printf/printf.c.obj
 *fill*         0x10006e1c        0x4 
 .rodata.pow10.0
                0x10006e20       0x50 CMakeFiles/ounce_master.dir/Z_/Code/Github/Ounce/Hardware/pico-sdk/src/rp2_common/pico_printf/printf.c.obj
 .rodata.crlf_str.0
                0x10006e70        0x2 CMakeFiles/ounce_master.dir/Z_/Code/Github/Ounce/Hardware/pico-sdk/src/rp2_common/pico_stdio/stdio.c.obj
 .rodata.str1.4
                0x10006e72       0x13 CMakeFiles/ounce_master.dir/Z_/Code/Github/Ounce/Hardware/pico-sdk/src/rp2_common/pico_stdio_usb/stdio_usb.c.obj
 *fill*         0x10006e72        0x2 
 .rodata.__bi_204.0
                0x10006e74        0xc CMakeFiles/ounce_master.dir/Z_/Code/Github/Ounce/Hardware/pico-sdk/src/rp2_common/pico_stdio_usb/stdio_usb.c.obj
 .rodata.str1.4
                0x10006e80       0x2a CMakeFiles/ounce_master.dir/Z_/Code/Github/Ounce/Hardware/pico-sdk/src/rp2_common/pico_stdio_usb/stdio_usb_descriptors.c.obj
 .rodata.usbd_desc_str
                0x10006e80       0x18 CMakeFiles/ounce_master.dir/Z_/Code/Github/Ounce/Hardware/pico-sdk/src/rp2_common/pico_stdio_usb/stdio_usb_descriptors.c.obj
 .rodata.usbd_desc_cfg
                0x10006e98       0x54 CMakeFiles/ounce_master.dir/Z_/Code/Github/Ounce/Hardware/pico-sdk/src/rp2_common/pico_stdio_usb/stdio_usb_descriptors.c.obj
 .rodata.usbd_desc_device
                0x10006eec       0x12 CMakeFiles/ounce_master.dir/Z_/Code/Github/Ounce/Hardware/pico-sdk/src/rp2_common/pico_stdio_usb/stdio_usb_descriptors.c.obj
 *fill*         0x10006efe        0x2 
 .rodata.desc_ms_os_20
                0x10006f00       0xa6 CMakeFiles/ounce_master.dir/Z_/Code/Github/Ounce/Hardware/pico-sdk/src/rp2_common/pico_usb_reset/usb_reset.c.obj
 *fill*         0x10006fa6        0x2 
 .rodata.desc_bos
                0x10006fa8       0x21 CMakeFiles/ounce_master.dir/Z_/Code/Github/Ounce/Hardware/pico-sdk/src/rp2_common/pico_usb_reset/usb_reset.c.obj
                0x10006fa8                desc_bos
 *fill*         0x10006fc9        0x3 
 .rodata.usb_reset_interface_driver
                0x10006fcc       0x20 CMakeFiles/ounce_master.dir/Z_/Code/Github/Ounce/Hardware/pico-sdk/src/rp2_common/pico_usb_reset/usb_reset.c.obj
 .rodata.str1.4
                0x10006fec       0x14 CMakeFiles/ounce_master.dir/Z_/Code/Github/Ounce/Hardware/pico-sdk/lib/tinyusb/src/portable/raspberrypi/rp2040/dcd_rp2040.c.obj
 .rodata.str1.4
                0x10006fec       0x48 CMakeFiles/ounce_master.dir/Z_/Code/Github/Ounce/Hardware/pico-sdk/lib/tinyusb/src/portable/raspberrypi/rp2040/rp2040_usb.c.obj
 .rodata._usbd_driver
                0x10006fec       0x20 CMakeFiles/ounce_master.dir/Z_/Code/Github/Ounce/Hardware/pico-sdk/lib/tinyusb/src/device/usbd.c.obj
 *(.srodata*)
                0x10007034                        . = ALIGN (0x4)
 *(SORT_BY_ALIGNMENT(SORT_BY_NAME(.flashdata*)))
                0x10007034                        . = ALIGN (0x4)

.ARM.extab
 *(.ARM.extab* .gnu.linkonce.armextab.*)
                0x1000700c                        __exidx_start = .

.ARM.exidx      0x1000700c        0x8
 *(.ARM.exidx* .gnu.linkonce.armexidx.*)
 .ARM.exidx.text.__udivmoddi4
                0x1000700c        0x8 C:/PROGRA~2/ARMGNU~1/133167~1.3RE/bin/../lib/gcc/arm-none-eabi/13.3.1/thumb/v8-m.main+fp/softfp\libgcc.a(_udivmoddi4.o)
 .ARM.exidx     0x10007014        0x0 C:/PROGRA~2/ARMGNU~1/133167~1.3RE/bin/../lib/gcc/arm-none-eabi/13.3.1/thumb/v8-m.main+fp/softfp\libg.a(libc_a-memcpy.o)
                                  0x8 (size before relaxing)
                0x10007014                        __exidx_end = .
                0x10007014                        . = ALIGN (0x4)
                0x10007014                        __binary_info_start = .

.binary_info    0x10007014       0x20
 *(.binary_info.keep.*)
 .binary_info.keep.__bi_ptr84
                0x10007014        0x4 CMakeFiles/ounce_master.dir/Z_/Code/Github/Ounce/Hardware/pico-sdk/src/rp2_common/pico_standard_binary_info/standard_binary_info.c.obj
 .binary_info.keep.__bi_ptr78
                0x10007018        0x4 CMakeFiles/ounce_master.dir/Z_/Code/Github/Ounce/Hardware/pico-sdk/src/rp2_common/pico_standard_binary_info/standard_binary_info.c.obj
 .binary_info.keep.__bi_ptr54
                0x1000701c        0x4 CMakeFiles/ounce_master.dir/Z_/Code/Github/Ounce/Hardware/pico-sdk/src/rp2_common/pico_standard_binary_info/standard_binary_info.c.obj
 .binary_info.keep.__bi_ptr48
                0x10007020        0x4 CMakeFiles/ounce_master.dir/Z_/Code/Github/Ounce/Hardware/pico-sdk/src/rp2_common/pico_standard_binary_info/standard_binary_info.c.obj
 .binary_info.keep.__bi_ptr42
                0x10007024        0x4 CMakeFiles/ounce_master.dir/Z_/Code/Github/Ounce/Hardware/pico-sdk/src/rp2_common/pico_standard_binary_info/standard_binary_info.c.obj
 .binary_info.keep.__bi_ptr34
                0x10007028        0x4 CMakeFiles/ounce_master.dir/Z_/Code/Github/Ounce/Hardware/pico-sdk/src/rp2_common/pico_standard_binary_info/standard_binary_info.c.obj
 .binary_info.keep.__bi_ptr26
                0x1000702c        0x4 CMakeFiles/ounce_master.dir/Z_/Code/Github/Ounce/Hardware/pico-sdk/src/rp2_common/pico_standard_binary_info/standard_binary_info.c.obj
 *(.binary_info.*)
 .binary_info.__bi_ptr204
                0x10007030        0x4 CMakeFiles/ounce_master.dir/Z_/Code/Github/Ounce/Hardware/pico-sdk/src/rp2_common/pico_stdio_usb/stdio_usb.c.obj
                0x10007034                        __binary_info_end = .
                0x10007034                        . = ALIGN (0x4)

.psram_load     0x11000000        0x0 load address 0x10007034
                0x11000000                        __psram_start__ = .
                0x11000000                        __psram_load_start__ = .
 *(SORT_BY_NAME(.psram_initialised.*))
                0x11000000                        . = ALIGN (0x4)
                0x11000000                        __psram_load_end__ = .
                0x10007034                        __psram_load_source__ = LOADADDR (.psram_load)

.psram_noload   0x11000000        0x0 load address 0x10007034
 *(SORT_BY_NAME(.psram_uninitialised.*))
                0x11000000                        . = ALIGN (0x4)
                0x11000000                        __psram_end__ = .

.xip_ram        0x13ffc000        0x0 load address 0x10007034
                0x13ffc000                        __xip_ram_start__ = .
                0x13ffc000                        . = ALIGN (0x4)
 *(.xip_ram*)
                0x13ffc000                        . = ALIGN (0x4)
                0x13ffc000                        __xip_ram_end__ = .
                0x10007034                        __xip_ram_source__ = LOADADDR (.xip_ram)

.ram_vector_table
                0x20000000      0x110
 *(.ram_vector_table)
 .ram_vector_table
                0x20000000      0x110 CMakeFiles/ounce_master.dir/Z_/Code/Github/Ounce/Hardware/pico-sdk/src/rp2_common/pico_runtime_init/runtime_init.c.obj
                0x20000000                ram_vector_table

.uninitialized_data
                0x20000110        0x0
                0x20000110                        . = ALIGN (0x4)
 *(.uninitialized_data*)

.data           0x20000110     0x1830 load address 0x10007034
                0x20000110                        __data_start__ = .
 *(vtable)
 *(.time_critical*)
 .time_critical.mutex_try_enter
                0x20000110       0x50 CMakeFiles/ounce_master.dir/Z_/Code/Github/Ounce/Hardware/pico-sdk/src/common/pico_sync/mutex.c.obj
                0x20000110                mutex_try_enter
 .time_critical.mutex_enter_block_until
                0x20000160       0x94 CMakeFiles/ounce_master.dir/Z_/Code/Github/Ounce/Hardware/pico-sdk/src/common/pico_sync/mutex.c.obj
                0x20000160                mutex_enter_block_until
 .time_critical.mutex_try_enter_block_until
                0x200001f4       0x38 CMakeFiles/ounce_master.dir/Z_/Code/Github/Ounce/Hardware/pico-sdk/src/common/pico_sync/mutex.c.obj
                0x200001f4                mutex_try_enter_block_until
 .time_critical.mutex_enter_timeout_ms
                0x2000022c       0x38 CMakeFiles/ounce_master.dir/Z_/Code/Github/Ounce/Hardware/pico-sdk/src/common/pico_sync/mutex.c.obj
                0x2000022c                mutex_enter_timeout_ms
 .time_critical.mutex_exit
                0x20000264       0x48 CMakeFiles/ounce_master.dir/Z_/Code/Github/Ounce/Hardware/pico-sdk/src/common/pico_sync/mutex.c.obj
                0x20000264                mutex_exit
 .time_critical.reset_non_control_endpoints
                0x200002ac       0x64 CMakeFiles/ounce_master.dir/Z_/Code/Github/Ounce/Hardware/pico-sdk/lib/tinyusb/src/portable/raspberrypi/rp2040/dcd_rp2040.c.obj
 .time_critical.hw_handle_buff_status
                0x20000310       0x94 CMakeFiles/ounce_master.dir/Z_/Code/Github/Ounce/Hardware/pico-sdk/lib/tinyusb/src/portable/raspberrypi/rp2040/dcd_rp2040.c.obj
 .time_critical.dcd_rp2040_irq
                0x200003a4      0x510 CMakeFiles/ounce_master.dir/Z_/Code/Github/Ounce/Hardware/pico-sdk/lib/tinyusb/src/portable/raspberrypi/rp2040/dcd_rp2040.c.obj
 .time_critical.prepare_ep_buffer
                0x200008b4       0xd0 CMakeFiles/ounce_master.dir/Z_/Code/Github/Ounce/Hardware/pico-sdk/lib/tinyusb/src/portable/raspberrypi/rp2040/rp2040_usb.c.obj
 .time_critical.sync_ep_buffer
                0x20000984       0xb8 CMakeFiles/ounce_master.dir/Z_/Code/Github/Ounce/Hardware/pico-sdk/lib/tinyusb/src/portable/raspberrypi/rp2040/rp2040_usb.c.obj
 .time_critical._hw_endpoint_xfer_sync
                0x20000a3c       0x2c CMakeFiles/ounce_master.dir/Z_/Code/Github/Ounce/Hardware/pico-sdk/lib/tinyusb/src/portable/raspberrypi/rp2040/rp2040_usb.c.obj
 .time_critical.e15_is_bulkin_ep
                0x20000a68       0x28 CMakeFiles/ounce_master.dir/Z_/Code/Github/Ounce/Hardware/pico-sdk/lib/tinyusb/src/portable/raspberrypi/rp2040/rp2040_usb.c.obj
 .time_critical.e15_is_critical_frame_period
                0x20000a90       0x28 CMakeFiles/ounce_master.dir/Z_/Code/Github/Ounce/Hardware/pico-sdk/lib/tinyusb/src/portable/raspberrypi/rp2040/rp2040_usb.c.obj
 .time_critical.hw_endpoint_reset_transfer
                0x20000ab8        0xc CMakeFiles/ounce_master.dir/Z_/Code/Github/Ounce/Hardware/pico-sdk/lib/tinyusb/src/portable/raspberrypi/rp2040/rp2040_usb.c.obj
                0x20000ab8                hw_endpoint_reset_transfer
 .time_critical._hw_endpoint_buffer_control_update32
                0x20000ac4       0x44 CMakeFiles/ounce_master.dir/Z_/Code/Github/Ounce/Hardware/pico-sdk/lib/tinyusb/src/portable/raspberrypi/rp2040/rp2040_usb.c.obj
                0x20000ac4                _hw_endpoint_buffer_control_update32
 .time_critical.hw_endpoint_start_next_buffer
                0x20000b08       0x64 CMakeFiles/ounce_master.dir/Z_/Code/Github/Ounce/Hardware/pico-sdk/lib/tinyusb/src/portable/raspberrypi/rp2040/rp2040_usb.c.obj
                0x20000b08                hw_endpoint_start_next_buffer
 .time_critical.hw_endpoint_xfer_continue
                0x20000b6c       0x3c CMakeFiles/ounce_master.dir/Z_/Code/Github/Ounce/Hardware/pico-sdk/lib/tinyusb/src/portable/raspberrypi/rp2040/rp2040_usb.c.obj
                0x20000b6c                hw_endpoint_xfer_continue
 .time_critical.tinyusb
                0x20000ba8      0x218 CMakeFiles/ounce_master.dir/Z_/Code/Github/Ounce/Hardware/pico-sdk/lib/tinyusb/src/device/usbd.c.obj
                0x20000ba8                dcd_event_handler
 .time_critical.spi_write_read_blocking
                0x20000dc0       0x68 CMakeFiles/ounce_master.dir/Z_/Code/Github/Ounce/Hardware/pico-sdk/src/rp2_common/hardware_spi/spi.c.obj
                0x20000dc0                spi_write_read_blocking
 *(.text*)
 .text          0x20000e28       0x30 C:/PROGRA~2/ARMGNU~1/133167~1.3RE/bin/../lib/gcc/arm-none-eabi/13.3.1/thumb/v8-m.main+fp/softfp\libgcc.a(_aeabi_uldivmod.o)
                0x20000e28                __aeabi_uldivmod
 .text.__udivmoddi4
                0x20000e58      0x300 C:/PROGRA~2/ARMGNU~1/133167~1.3RE/bin/../lib/gcc/arm-none-eabi/13.3.1/thumb/v8-m.main+fp/softfp\libgcc.a(_udivmoddi4.o)
                0x20000e58                __udivmoddi4
 .text          0x20001158        0x4 C:/PROGRA~2/ARMGNU~1/133167~1.3RE/bin/../lib/gcc/arm-none-eabi/13.3.1/thumb/v8-m.main+fp/softfp\libgcc.a(_dvmd_tls.o)
                0x20001158                __aeabi_idiv0
                0x20001158                __aeabi_ldiv0
 .text.memset   0x2000115c       0xa4 C:/PROGRA~2/ARMGNU~1/133167~1.3RE/bin/../lib/gcc/arm-none-eabi/13.3.1/thumb/v8-m.main+fp/softfp\libg.a(libc_a-memset.o)
                0x2000115c                memset
 .text          0x20001200       0xec C:/PROGRA~2/ARMGNU~1/133167~1.3RE/bin/../lib/gcc/arm-none-eabi/13.3.1/thumb/v8-m.main+fp/softfp\libg.a(libc_a-memcpy.o)
                0x20001200                memcpy
 *fill*         0x200012ec        0x4 
 .text.__stub   0x200012f0       0x28 linker stubs
                0x20001318                        . = ALIGN (0x4)
 *(.rodata*)
                0x20001318                        . = ALIGN (0x4)
                0x20001318                        PROVIDE (__emutls_array_start = .)
 *(.*.__emutls_v.*)
                0x20001318                        PROVIDE (__emutls_array_end = .)
                0x20001318                        . = ALIGN (0x4)
 *(.data*)
 .data.striped_spin_lock_num
                0x20001318        0x1 CMakeFiles/ounce_master.dir/Z_/Code/Github/Ounce/Hardware/pico-sdk/src/rp2_common/hardware_sync/sync.c.obj