Archive member included to satisfy reference by file (symbol)

C:/PROGRA~2/ARMGNU~1/133167~1.3RE/bin/../lib/gcc/arm-none-eabi/13.3.1/thumb/v6-m/nofp\libgcc.a(_dvmd_tls.o)
                              CMakeFiles/ounce_master.dir/Z_/Code/Github/Ounce/Hardware/pico-sdk/src/rp2_common/pico_divider/divider_hardware.S.obj (__aeabi_idiv0)
C:/PROGRA~2/ARMGNU~1/133167~1.3RE/bin/../lib/gcc/arm-none-eabi/13.3.1/thumb/v6-m/nofp\libg.a(libc_a-calloc.o)
                              CMakeFiles/ounce_master.dir/Z_/Code/Github/Ounce/Hardware/pico-sdk/src/rp2_common/pico_malloc/malloc.c.obj (calloc)
C:/PROGRA~2/ARMGNU~1/133167~1.3RE/bin/../lib/gcc/arm-none-eabi/13.3.1/thumb/v6-m/nofp\libg.a(libc_a-callocr.o)
                              C:/PROGRA~2/ARMGNU~1/133167~1.3RE/bin/../lib/gcc/arm-none-eabi/13.3.1/thumb/v6-m/nofp\libg.a(libc_a-calloc.o) (_calloc_r)
C:/PROGRA~2/ARMGNU~1/133167~1.3RE/bin/../lib/gcc/arm-none-eabi/13.3.1/thumb/v6-m/nofp\libg.a(libc_a-malloc.o)
                              CMakeFiles/ounce_master.dir/Z_/Code/Github/Ounce/Hardware/pico-sdk/src/rp2_common/pico_malloc/malloc.c.obj (malloc)
C:/PROGRA~2/ARMGNU~1/133167~1.3RE/bin/../lib/gcc/arm-none-eabi/13.3.1/thumb/v6-m/nofp\libg.a(libc_a-mallocr.o)
                              C:/PROGRA~2/ARMGNU~1/133167~1.3RE/bin/../lib/gcc/arm-none-eabi/13.3.1/thumb/v6-m/nofp\libg.a(libc_a-callocr.o) (_malloc_r)
C:/PROGRA~2/ARMGNU~1/133167~1.3RE/bin/../lib/gcc/arm-none-eabi/13.3.1/thumb/v6-m/nofp\libg.a(libc_a-mlock.o)
                              C:/PROGRA~2/ARMGNU~1/133167~1.3RE/bin/../lib/gcc/arm-none-eabi/13.3.1/thumb/v6-m/nofp\libg.a(libc_a-mallocr.o) (__malloc_lock)
C:/PROGRA~2/ARMGNU~1/133167~1.3RE/bin/../lib/gcc/arm-none-eabi/13.3.1/thumb/v6-m/nofp\libg.a(libc_a-realloc.o)
                              CMakeFiles/ounce_master.dir/Z_/Code/Github/Ounce/Hardware/pico-sdk/src/rp2_common/pico_malloc/malloc.c.obj (realloc)
C:/PROGRA~2/ARMGNU~1/133167~1.3RE/bin/../lib/gcc/arm-none-eabi/13.3.1/thumb/v6-m/nofp\libg.a(libc_a-reallocr.o)
                              C:/PROGRA~2/ARMGNU~1/133167~1.3RE/bin/../lib/gcc/arm-none-eabi/13.3.1/thumb/v6-m/nofp\libg.a(libc_a-realloc.o) (_realloc_r)
C:/PROGRA~2/ARMGNU~1/133167~1.3RE/bin/../lib/gcc/arm-none-eabi/13.3.1/thumb/v6-m/nofp\libg.a(libc_a-fflush.o)
                              CMakeFiles/ounce_master.dir/src/main.cpp.obj (fflush)
C:/PROGRA~2/ARMGNU~1/133167~1.3RE/bin/../lib/gcc/arm-none-eabi/13.3.1/thumb/v6-m/nofp\libg.a(libc_a-findfp.o)
                              C:/PROGRA~2/ARMGNU~1/133167~1.3RE/bin/../lib/gcc/arm-none-eabi/13.3.1/thumb/v6-m/nofp\libg.a(libc_a-fflush.o) (__sglue)
C:/PROGRA~2/ARMGNU~1/133167~1.3RE/bin/../lib/gcc/arm-none-eabi/13.3.1/thumb/v6-m/nofp\libg.a(libc_a-fwalk.o)
                              C:/PROGRA~2/ARMGNU~1/133167~1.3RE/bin/../lib/gcc/arm-none-eabi/13.3.1/thumb/v6-m/nofp\libg.a(libc_a-fflush.o) (_fwalk_sglue)
C:/PROGRA~2/ARMGNU~1/133167~1.3RE/bin/../lib/gcc/arm-none-eabi/13.3.1/thumb/v6-m/nofp\libg.a(libc_a-stdio.o)
                              C:/PROGRA~2/ARMGNU~1/133167~1.3RE/bin/../lib/gcc/arm-none-eabi/13.3.1/thumb/v6-m/nofp\libg.a(libc_a-findfp.o) (__sread)
C:/PROGRA~2/ARMGNU~1/133167~1.3RE/bin/../lib/gcc/arm-none-eabi/13.3.1/thumb/v6-m/nofp\libg.a(libc_a-memcmp.o)
                              CMakeFiles/ounce_master.dir/Z_/Code/Github/Ounce/Hardware/pico-sdk/src/rp2_common/pico_atomic/atomic.c.obj (memcmp)
C:/PROGRA~2/ARMGNU~1/133167~1.3RE/bin/../lib/gcc/arm-none-eabi/13.3.1/thumb/v6-m/nofp\libg.a(libc_a-memmove.o)
                              C:/PROGRA~2/ARMGNU~1/133167~1.3RE/bin/../lib/gcc/arm-none-eabi/13.3.1/thumb/v6-m/nofp\libg.a(libc_a-reallocr.o) (memmove)
C:/PROGRA~2/ARMGNU~1/133167~1.3RE/bin/../lib/gcc/arm-none-eabi/13.3.1/thumb/v6-m/nofp\libg.a(libc_a-lcltime_r.o)
                              CMakeFiles/ounce_master.dir/Z_/Code/Github/Ounce/Hardware/pico-sdk/src/common/pico_util/datetime.c.obj (localtime_r)
C:/PROGRA~2/ARMGNU~1/133167~1.3RE/bin/../lib/gcc/arm-none-eabi/13.3.1/thumb/v6-m/nofp\libg.a(libc_a-mktime.o)
                              CMakeFiles/ounce_master.dir/Z_/Code/Github/Ounce/Hardware/pico-sdk/src/common/pico_util/datetime.c.obj (mktime)
C:/PROGRA~2/ARMGNU~1/133167~1.3RE/bin/../lib/gcc/arm-none-eabi/13.3.1/thumb/v6-m/nofp\libg.a(libc_a-month_lengths.o)
                              C:/PROGRA~2/ARMGNU~1/133167~1.3RE/bin/../lib/gcc/arm-none-eabi/13.3.1/thumb/v6-m/nofp\libg.a(libc_a-lcltime_r.o) (__month_lengths)
C:/PROGRA~2/ARMGNU~1/133167~1.3RE/bin/../lib/gcc/arm-none-eabi/13.3.1/thumb/v6-m/nofp\libg.a(libc_a-tzcalc_limits.o)
                              C:/PROGRA~2/ARMGNU~1/133167~1.3RE/bin/../lib/gcc/arm-none-eabi/13.3.1/thumb/v6-m/nofp\libg.a(libc_a-lcltime_r.o) (__tzcalc_limits)
C:/PROGRA~2/ARMGNU~1/133167~1.3RE/bin/../lib/gcc/arm-none-eabi/13.3.1/thumb/v6-m/nofp\libg.a(libc_a-tzlock.o)
                              C:/PROGRA~2/ARMGNU~1/133167~1.3RE/bin/../lib/gcc/arm-none-eabi/13.3.1/thumb/v6-m/nofp\libg.a(libc_a-lcltime_r.o) (__tz_lock)
[...]
Memory Configuration

Name             Origin             Length             Attributes
FLASH            0x10000000         0x00200000         xr
XIP_RAM          0x15000000         0x00004000         xrw
RAM              0x20000000         0x00040000         xrw
SCRATCH_X        0x20040000         0x00001000         xrw
SCRATCH_Y        0x20041000         0x00001000         xrw
*default*        0x00000000         0xffffffff

Linker script and memory map

                0x20000000                        RAM_ORIGIN_DEFAULT = 0x20000000
                0x00040000                        RAM_LENGTH_DEFAULT = 0x40000
                0x20040000                        SCRATCH_X_ORIGIN_DEFAULT = 0x20040000
                0x00001000                        SCRATCH_X_LENGTH_DEFAULT = 0x1000
                0x20041000                        SCRATCH_Y_ORIGIN_DEFAULT = 0x20041000
                0x00001000                        SCRATCH_Y_LENGTH_DEFAULT = 0x1000
                0x15000000                        XIP_RAM_ORIGIN_DEFAULT = 0x15000000
                0x00004000                        XIP_RAM_LENGTH_DEFAULT = 0x4000
LOAD CMakeFiles/ounce_master.dir/src/main.cpp.obj
LOAD CMakeFiles/ounce_master.dir/src/spi_master.cpp.obj
LOAD CMakeFiles/ounce_master.dir/Z_/Code/Github/Ounce/Hardware/pico-sdk/src/rp2_common/pico_stdlib/stdlib.c.obj
LOAD CMakeFiles/ounce_master.dir/Z_/Code/Github/Ounce/Hardware/pico-sdk/src/rp2_common/hardware_gpio/gpio.c.obj
LOAD CMakeFiles/ounce_master.dir/Z_/Code/Github/Ounce/Hardware/pico-sdk/src/rp2040/pico_platform/platform.c.obj
LOAD CMakeFiles/ounce_master.dir/Z_/Code/Github/Ounce/Hardware/pico-sdk/src/rp2_common/pico_platform_common/common.c.obj
LOAD CMakeFiles/ounce_master.dir/Z_/Code/Github/Ounce/Hardware/pico-sdk/src/rp2_common/pico_platform_panic/panic.c.obj
LOAD CMakeFiles/ounce_master.dir/Z_/Code/Github/Ounce/Hardware/pico-sdk/src/rp2_common/pico_platform_panic/custom_panic_function.S.obj
LOAD CMakeFiles/ounce_master.dir/Z_/Code/Github/Ounce/Hardware/pico-sdk/src/common/hardware_claim/claim.c.obj
LOAD CMakeFiles/ounce_master.dir/Z_/Code/Github/Ounce/Hardware/pico-sdk/src/rp2_common/hardware_sync/sync.c.obj
LOAD CMakeFiles/ounce_master.dir/Z_/Code/Github/Ounce/Hardware/pico-sdk/src/rp2_common/hardware_sync_spin_lock/sync_spin_lock.c.obj
LOAD CMakeFiles/ounce_master.dir/Z_/Code/Github/Ounce/Hardware/pico-sdk/src/rp2_common/hardware_irq/irq.c.obj
LOAD CMakeFiles/ounce_master.dir/Z_/Code/Github/Ounce/Hardware/pico-sdk/src/rp2_common/hardware_irq/irq_handler_chain.S.obj
LOAD CMakeFiles/ounce_master.dir/Z_/Code/Github/Ounce/Hardware/pico-sdk/src/common/pico_sync/sem.c.obj
LOAD CMakeFiles/ounce_master.dir/Z_/Code/Github/Ounce/Hardware/pico-sdk/src/common/pico_sync/lock_core.c.obj
LOAD CMakeFiles/ounce_master.dir/Z_/Code/Github/Ounce/Hardware/pico-sdk/src/common/pico_sync/mutex.c.obj
LOAD CMakeFiles/ounce_master.dir/Z_/Code/Github/Ounce/Hardware/pico-sdk/src/common/pico_sync/critical_section.c.obj
LOAD CMakeFiles/ounce_master.dir/Z_/Code/Github/Ounce/Hardware/pico-sdk/src/common/pico_time/time.c.obj
LOAD CMakeFiles/ounce_master.dir/Z_/Code/Github/Ounce/Hardware/pico-sdk/src/common/pico_time/timeout_helper.c.obj
LOAD CMakeFiles/ounce_master.dir/Z_/Code/Github/Ounce/Hardware/pico-sdk/src/rp2_common/hardware_timer/timer.c.obj
LOAD CMakeFiles/ounce_master.dir/Z_/Code/Github/Ounce/Hardware/pico-sdk/src/common/pico_util/datetime.c.obj
LOAD CMakeFiles/ounce_master.dir/Z_/Code/Github/Ounce/Hardware/pico-sdk/src/common/pico_util/fixed_bitset.c.obj
LOAD CMakeFiles/ounce_master.dir/Z_/Code/Github/Ounce/Hardware/pico-sdk/src/common/pico_util/pheap.c.obj
LOAD CMakeFiles/ounce_master.dir/Z_/Code/Github/Ounce/Hardware/pico-sdk/src/common/pico_util/queue.c.obj
LOAD CMakeFiles/ounce_master.dir/Z_/Code/Github/Ounce/Hardware/pico-sdk/src/rp2_common/hardware_uart/uart.c.obj
LOAD CMakeFiles/ounce_master.dir/Z_/Code/Github/Ounce/Hardware/pico-sdk/src/rp2_common/hardware_clocks/clocks.c.obj
LOAD CMakeFiles/ounce_master.dir/Z_/Code/Github/Ounce/Hardware/pico-sdk/src/rp2_common/hardware_pll/pll.c.obj
LOAD CMakeFiles/ounce_master.dir/Z_/Code/Github/Ounce/Hardware/pico-sdk/src/rp2_common/hardware_vreg/vreg.c.obj
LOAD CMakeFiles/ounce_master.dir/Z_/Code/Github/Ounce/Hardware/pico-sdk/src/rp2_common/hardware_watchdog/watchdog.c.obj
LOAD CMakeFiles/ounce_master.dir/Z_/Code/Github/Ounce/Hardware/pico-sdk/src/rp2_common/hardware_ticks/ticks.c.obj
LOAD CMakeFiles/ounce_master.dir/Z_/Code/Github/Ounce/Hardware/pico-sdk/src/rp2_common/pico_bootrom/bootrom.c.obj
LOAD CMakeFiles/ounce_master.dir/Z_/Code/Github/Ounce/Hardware/pico-sdk/src/rp2_common/pico_bootrom/bootrom_lock.c.obj
LOAD CMakeFiles/ounce_master.dir/Z_/Code/Github/Ounce/Hardware/pico-sdk/src/rp2_common/hardware_boot_lock/boot_lock.c.obj
LOAD CMakeFiles/ounce_master.dir/Z_/Code/Github/Ounce/Hardware/pico-sdk/src/rp2_common/pico_flash/flash.c.obj
LOAD CMakeFiles/ounce_master.dir/Z_/Code/Github/Ounce/Hardware/pico-sdk/src/rp2_common/hardware_xosc/xosc.c.obj
LOAD CMakeFiles/ounce_master.dir/Z_/Code/Github/Ounce/Hardware/pico-sdk/src/rp2_common/hardware_divider/divider.S.obj
LOAD CMakeFiles/ounce_master.dir/Z_/Code/Github/Ounce/Hardware/pico-sdk/src/rp2_common/pico_runtime/runtime.c.obj
LOAD CMakeFiles/ounce_master.dir/Z_/Code/Github/Ounce/Hardware/pico-sdk/src/rp2_common/pico_runtime_init/runtime_init.c.obj
LOAD CMakeFiles/ounce_master.dir/Z_/Code/Github/Ounce/Hardware/pico-sdk/src/rp2_common/pico_runtime_init/runtime_init_clocks.c.obj
LOAD CMakeFiles/ounce_master.dir/Z_/Code/Github/Ounce/Hardware/pico-sdk/src/rp2_common/pico_runtime_init/runtime_init_stack_guard.c.obj
LOAD CMakeFiles/ounce_master.dir/Z_/Code/Github/Ounce/Hardware/pico-sdk/src/rp2_common/hardware_rtc/rtc.c.obj
LOAD CMakeFiles/ounce_master.dir/Z_/Code/Github/Ounce/Hardware/pico-sdk/src/rp2_common/pico_bit_ops/bit_ops_aeabi.S.obj
LOAD CMakeFiles/ounce_master.dir/Z_/Code/Github/Ounce/Hardware/pico-sdk/src/rp2_common/pico_divider/divider_hardware.S.obj
LOAD CMakeFiles/ounce_master.dir/Z_/Code/Github/Ounce/Hardware/pico-sdk/src/rp2_common/pico_double/double_aeabi_rp2040.S.obj
LOAD CMakeFiles/ounce_master.dir/Z_/Code/Github/Ounce/Hardware/pico-sdk/src/rp2_common/pico_double/double_init_rom_rp2040.c.obj
LOAD CMakeFiles/ounce_master.dir/Z_/Code/Github/Ounce/Hardware/pico-sdk/src/rp2_common/pico_double/double_math.c.obj
LOAD CMakeFiles/ounce_master.dir/Z_/Code/Github/Ounce/Hardware/pico-sdk/src/rp2_common/pico_double/double_v1_rom_shim_rp2040.S.obj
LOAD CMakeFiles/ounce_master.dir/Z_/Code/Github/Ounce/Hardware/pico-sdk/src/rp2_common/pico_int64_ops/pico_int64_ops_aeabi.S.obj
LOAD CMakeFiles/ounce_master.dir/Z_/Code/Github/Ounce/Hardware/pico-sdk/src/rp2_common/pico_float/float_aeabi_rp2040.S.obj
LOAD CMakeFiles/ounce_master.dir/Z_/Code/Github/Ounce/Hardware/pico-sdk/src/rp2_common/pico_float/float_init_rom_rp2040.c.obj
LOAD CMakeFiles/ounce_master.dir/Z_/Code/Github/Ounce/Hardware/pico-sdk/src/rp2_common/pico_float/float_math.c.obj
LOAD CMakeFiles/ounce_master.dir/Z_/Code/Github/Ounce/Hardware/pico-sdk/src/rp2_common/pico_float/float_v1_rom_shim_rp2040.S.obj
LOAD CMakeFiles/ounce_master.dir/Z_/Code/Github/Ounce/Hardware/pico-sdk/src/rp2_common/pico_malloc/malloc.c.obj
LOAD CMakeFiles/ounce_master.dir/Z_/Code/Github/Ounce/Hardware/pico-sdk/src/rp2_common/pico_mem_ops/mem_ops_aeabi.S.obj
LOAD CMakeFiles/ounce_master.dir/Z_/Code/Github/Ounce/Hardware/pico-sdk/src/rp2_common/pico_atomic/atomic.c.obj
LOAD CMakeFiles/ounce_master.dir/Z_/Code/Github/Ounce/Hardware/pico-sdk/src/rp2_common/pico_cxx_options/new_delete.cpp.obj
LOAD CMakeFiles/ounce_master.dir/Z_/Code/Github/Ounce/Hardware/pico-sdk/src/rp2_common/pico_standard_binary_info/standard_binary_info.c.obj
LOAD CMakeFiles/ounce_master.dir/Z_/Code/Github/Ounce/Hardware/pico-sdk/src/rp2_common/pico_printf/printf.c.obj
LOAD CMakeFiles/ounce_master.dir/Z_/Code/Github/Ounce/Hardware/pico-sdk/src/rp2_common/pico_crt0/crt0.S.obj
LOAD CMakeFiles/ounce_master.dir/Z_/Code/Github/Ounce/Hardware/pico-sdk/src/rp2_common/pico_clib_interface/newlib_interface.c.obj
LOAD CMakeFiles/ounce_master.dir/Z_/Code/Github/Ounce/Hardware/pico-sdk/src/rp2_common/pico_clib_interface/cxa_guard.c.obj
LOAD CMakeFiles/ounce_master.dir/Z_/Code/Github/Ounce/Hardware/pico-sdk/src/rp2_common/pico_stdio/stdio.c.obj
LOAD CMakeFiles/ounce_master.dir/Z_/Code/Github/Ounce/Hardware/pico-sdk/src/rp2_common/pico_stdio_usb/stdio_usb.c.obj
LOAD CMakeFiles/ounce_master.dir/Z_/Code/Github/Ounce/Hardware/pico-sdk/src/rp2_common/pico_stdio_usb/stdio_usb_descriptors.c.obj
LOAD CMakeFiles/ounce_master.dir/Z_/Code/Github/Ounce/Hardware/pico-sdk/src/rp2_common/pico_unique_id/unique_id.c.obj
LOAD CMakeFiles/ounce_master.dir/Z_/Code/Github/Ounce/Hardware/pico-sdk/src/rp2_common/hardware_flash/flash.c.obj
LOAD CMakeFiles/ounce_master.dir/Z_/Code/Github/Ounce/Hardware/pico-sdk/src/rp2_common/hardware_xip_cache/xip_cache.c.obj
LOAD CMakeFiles/ounce_master.dir/Z_/Code/Github/Ounce/Hardware/pico-sdk/src/rp2_common/pico_usb_reset/usb_reset.c.obj
LOAD CMakeFiles/ounce_master.dir/Z_/Code/Github/Ounce/Hardware/pico-sdk/lib/tinyusb/src/portable/raspberrypi/rp2040/dcd_rp2040.c.obj
LOAD CMakeFiles/ounce_master.dir/Z_/Code/Github/Ounce/Hardware/pico-sdk/lib/tinyusb/src/portable/raspberrypi/rp2040/rp2040_usb.c.obj
LOAD CMakeFiles/ounce_master.dir/Z_/Code/Github/Ounce/Hardware/pico-sdk/lib/tinyusb/src/device/usbd.c.obj
LOAD CMakeFiles/ounce_master.dir/Z_/Code/Github/Ounce/Hardware/pico-sdk/lib/tinyusb/src/device/usbd_control.c.obj
LOAD CMakeFiles/ounce_master.dir/Z_/Code/Github/Ounce/Hardware/pico-sdk/lib/tinyusb/src/class/audio/audio_device.c.obj
LOAD CMakeFiles/ounce_master.dir/Z_/Code/Github/Ounce/Hardware/pico-sdk/lib/tinyusb/src/class/cdc/cdc_device.c.obj
LOAD CMakeFiles/ounce_master.dir/Z_/Code/Github/Ounce/Hardware/pico-sdk/lib/tinyusb/src/class/dfu/dfu_device.c.obj
LOAD CMakeFiles/ounce_master.dir/Z_/Code/Github/Ounce/Hardware/pico-sdk/lib/tinyusb/src/class/dfu/dfu_rt_device.c.obj
LOAD CMakeFiles/ounce_master.dir/Z_/Code/Github/Ounce/Hardware/pico-sdk/lib/tinyusb/src/class/hid/hid_device.c.obj
LOAD CMakeFiles/ounce_master.dir/Z_/Code/Github/Ounce/Hardware/pico-sdk/lib/tinyusb/src/class/midi/midi_device.c.obj
LOAD CMakeFiles/ounce_master.dir/Z_/Code/Github/Ounce/Hardware/pico-sdk/lib/tinyusb/src/class/msc/msc_device.c.obj
LOAD CMakeFiles/ounce_master.dir/Z_/Code/Github/Ounce/Hardware/pico-sdk/lib/tinyusb/src/class/net/ecm_rndis_device.c.obj
LOAD CMakeFiles/ounce_master.dir/Z_/Code/Github/Ounce/Hardware/pico-sdk/lib/tinyusb/src/class/net/ncm_device.c.obj
LOAD CMakeFiles/ounce_master.dir/Z_/Code/Github/Ounce/Hardware/pico-sdk/lib/tinyusb/src/class/usbtmc/usbtmc_device.c.obj
LOAD CMakeFiles/ounce_master.dir/Z_/Code/Github/Ounce/Hardware/pico-sdk/lib/tinyusb/src/class/vendor/vendor_device.c.obj
LOAD CMakeFiles/ounce_master.dir/Z_/Code/Github/Ounce/Hardware/pico-sdk/lib/tinyusb/src/class/video/video_device.c.obj
LOAD CMakeFiles/ounce_master.dir/Z_/Code/Github/Ounce/Hardware/pico-sdk/lib/tinyusb/src/tusb.c.obj
LOAD CMakeFiles/ounce_master.dir/Z_/Code/Github/Ounce/Hardware/pico-sdk/lib/tinyusb/src/common/tusb_fifo.c.obj
LOAD CMakeFiles/ounce_master.dir/Z_/Code/Github/Ounce/Hardware/pico-sdk/src/rp2_common/pico_fix/rp2040_usb_device_enumeration/rp2040_usb_device_enumeration.c.obj
LOAD CMakeFiles/ounce_master.dir/Z_/Code/Github/Ounce/Hardware/pico-sdk/src/rp2_common/pico_thread_local/thread_local.c.obj
LOAD CMakeFiles/ounce_master.dir/Z_/Code/Github/Ounce/Hardware/pico-sdk/src/rp2_common/hardware_spi/spi.c.obj
LOAD pico-sdk\src\rp2040\boot_stage2\CMakeFiles\bs2_default_library.dir\bs2_default_padded_checksummed.S.obj
LOAD C:/PROGRA~2/ARMGNU~1/133167~1.3RE/bin/../lib/gcc/arm-none-eabi/13.3.1/thumb/v6-m/nofp\libstdc++.a
LOAD C:/PROGRA~2/ARMGNU~1/133167~1.3RE/bin/../lib/gcc/arm-none-eabi/13.3.1/thumb/v6-m/nofp\libm.a
START GROUP
LOAD C:/PROGRA~2/ARMGNU~1/133167~1.3RE/bin/../lib/gcc/arm-none-eabi/13.3.1/thumb/v6-m/nofp\libgcc.a
LOAD C:/PROGRA~2/ARMGNU~1/133167~1.3RE/bin/../lib/gcc/arm-none-eabi/13.3.1/thumb/v6-m/nofp\libg.a
LOAD C:/PROGRA~2/ARMGNU~1/133167~1.3RE/bin/../lib/gcc/arm-none-eabi/13.3.1/thumb/v6-m/nofp\libc.a
END GROUP
                0x20000000                        PROVIDE (RAM_ORIGIN = RAM_ORIGIN_DEFAULT)
                0x00040000                        PROVIDE (RAM_LENGTH = RAM_LENGTH_DEFAULT)
                0x20040000                        PROVIDE (SCRATCH_X_ORIGIN = SCRATCH_X_ORIGIN_DEFAULT)
                0x00001000                        PROVIDE (SCRATCH_X_LENGTH = SCRATCH_X_LENGTH_DEFAULT)
                0x20041000                        PROVIDE (SCRATCH_Y_ORIGIN = SCRATCH_Y_ORIGIN_DEFAULT)
                0x00001000                        PROVIDE (SCRATCH_Y_LENGTH = SCRATCH_Y_LENGTH_DEFAULT)
                0x15000000                        PROVIDE (XIP_RAM_ORIGIN = XIP_RAM_ORIGIN_DEFAULT)
                0x00004000                        PROVIDE (XIP_RAM_LENGTH = XIP_RAM_LENGTH_DEFAULT)
                0x20000000                        RAM_ORIGIN = DEFINED (RAM_ORIGIN)?RAM_ORIGIN:RAM_ORIGIN_DEFAULT
                0x00040000                        RAM_LENGTH = DEFINED (RAM_LENGTH)?RAM_LENGTH:RAM_LENGTH_DEFAULT
                0x20040000                        SCRATCH_X_ORIGIN = DEFINED (SCRATCH_X_ORIGIN)?SCRATCH_X_ORIGIN:SCRATCH_X_ORIGIN_DEFAULT
                0x00001000                        SCRATCH_X_LENGTH = DEFINED (SCRATCH_X_LENGTH)?SCRATCH_X_LENGTH:SCRATCH_X_LENGTH_DEFAULT
                0x20041000                        SCRATCH_Y_ORIGIN = DEFINED (SCRATCH_Y_ORIGIN)?SCRATCH_Y_ORIGIN:SCRATCH_Y_ORIGIN_DEFAULT
                0x00001000                        SCRATCH_Y_LENGTH = DEFINED (SCRATCH_Y_LENGTH)?SCRATCH_Y_LENGTH:SCRATCH_Y_LENGTH_DEFAULT
                0x15000000                        XIP_RAM_ORIGIN = DEFINED (XIP_RAM_ORIGIN)?XIP_RAM_ORIGIN:XIP_RAM_ORIGIN_DEFAULT
                0x00004000                        XIP_RAM_LENGTH = DEFINED (XIP_RAM_LENGTH)?XIP_RAM_LENGTH:XIP_RAM_LENGTH_DEFAULT

.flash_begin    0x10000000        0x0
                0x10000000                        __flash_binary_start = .

.boot2          0x10000000      0x100
                0x10000000                        __boot2_start__ = .
 *(.boot2)
 .boot2         0x10000000      0x100 pico-sdk\src\rp2040\boot_stage2\CMakeFiles\bs2_default_library.dir\bs2_default_padded_checksummed.S.obj
                0x10000100                        __boot2_end__ = .
                0x00000001                        ASSERT (((__boot2_end__ - __boot2_start__) == 0x100), ERROR: Pico second stage bootloader must be exactly 256 bytes in size for RP2040)

.text           0x10000100     0x7998
                0x10000100                        __logical_binary_start = .
 *(.vectors)
 .vectors       0x10000100       0xd4 CMakeFiles/ounce_master.dir/Z_/Code/Github/Ounce/Hardware/pico-sdk/src/rp2_common/pico_crt0/crt0.S.obj
                0x10000100                __VECTOR_TABLE
                0x10000100                __vectors
                0x100001c0                isr_irq13
                0x100001c0                isr_irq27
                0x100001c0                isr_irq31
                0x100001c0                isr_irq12
                0x100001c0                isr_irq5
                0x100001c0                isr_irq11
                0x100001c0                isr_irq3
                0x100001c0                isr_irq23
                0x100001c0                __unhandled_user_irq
                0x100001c0                isr_irq26
                0x100001c0                isr_irq28
                0x100001c0                isr_irq19
                0x100001c0                isr_irq0
                0x100001c0                isr_irq6
                0x100001c0                isr_irq29
                0x100001c0                isr_irq16
                0x100001c0                isr_irq22
                0x100001c0                isr_irq18
                0x100001c0                isr_irq17
                0x100001c0                isr_irq14
                0x100001c0                __vectors_end
                0x100001c0                __default_isrs_start
                0x100001c0                isr_irq2
                0x100001c0                isr_irq10
                0x100001c0                isr_irq8
                0x100001c0                isr_irq24
                0x100001c0                isr_irq1
                0x100001c0                isr_irq7
                0x100001c0                isr_irq21
                0x100001c0                isr_irq20
                0x100001c0                isr_irq15
                0x100001c0                isr_irq25
                0x100001c0                isr_irq4
                0x100001c0                isr_irq30
                0x100001c0                isr_irq9
                0x100001c6                unhandled_user_irq_num_in_r0
                0x100001c8                isr_invalid
                0x100001ca                isr_nmi
                0x100001cc                isr_hardfault
                0x100001ce                isr_svcall
                0x100001d0                isr_pendsv
                0x100001d2                isr_systick
                0x100001d4                __default_isrs_end
 *(.binary_info_header)
 .binary_info_header
                0x100001d4       0x14 CMakeFiles/ounce_master.dir/Z_/Code/Github/Ounce/Hardware/pico-sdk/src/rp2_common/pico_crt0/crt0.S.obj
                0x100001e8                        __binary_info_header_end = .
 *(.embedded_block)
                0x100001e8                        __embedded_block_end = .
 *(.reset)
 .reset         0x100001e8       0x98 CMakeFiles/ounce_master.dir/Z_/Code/Github/Ounce/Hardware/pico-sdk/src/rp2_common/pico_crt0/crt0.S.obj
                0x100001e8                _entry_point
 *(.init)
 SORT_BY_NAME(REVERSE(*libgcc.a:cmse_nonsecure_call.o))()
 *(EXCLUDE_FILE(*libm.a: *lib*_a-mem*.o *libc.a: *libgcc.a:) .text*)
 .text.startup.main
                0x10000280      0x49c CMakeFiles/ounce_master.dir/src/main.cpp.obj
                0x10000280                main
 .text._Z15spi_master_initv
                0x1000071c       0xa4 CMakeFiles/ounce_master.dir/src/spi_master.cpp.obj
                0x1000071c                spi_master_init()
 .text._Z28spi_master_transceive_packethRK19ControllerSpiPacketR22ControllerSpiAckPacket
                0x100007c0      0x340 CMakeFiles/ounce_master.dir/src/spi_master.cpp.obj
                0x100007c0                spi_master_transceive_packet(unsigned char, ControllerSpiPacket const&, ControllerSpiAckPacket&)
 .text.gpio_set_function
                0x10000b00       0x34 CMakeFiles/ounce_master.dir/Z_/Code/Github/Ounce/Hardware/pico-sdk/src/rp2_common/hardware_gpio/gpio.c.obj
                0x10000b00                gpio_set_function
 .text.gpio_set_pulls
                0x10000b34       0x28 CMakeFiles/ounce_master.dir/Z_/Code/Github/Ounce/Hardware/pico-sdk/src/rp2_common/hardware_gpio/gpio.c.obj
                0x10000b34                gpio_set_pulls
 .text.gpio_init
                0x10000b5c       0x40 CMakeFiles/ounce_master.dir/Z_/Code/Github/Ounce/Hardware/pico-sdk/src/rp2_common/hardware_gpio/gpio.c.obj
                0x10000b5c                gpio_init
 .text.rp2040_chip_version
                0x10000b9c        0xc CMakeFiles/ounce_master.dir/Z_/Code/Github/Ounce/Hardware/pico-sdk/src/rp2040/pico_platform/platform.c.obj
                0x10000b9c                rp2040_chip_version
 .text.panic    0x10000ba8       0x30 CMakeFiles/ounce_master.dir/Z_/Code/Github/Ounce/Hardware/pico-sdk/src/rp2_common/pico_platform_panic/panic.c.obj
                0x10000ba8                panic
 .text.hw_claim_or_assert
                0x10000bd8       0x44 CMakeFiles/ounce_master.dir/Z_/Code/Github/Ounce/Hardware/pico-sdk/src/common/hardware_claim/claim.c.obj
                0x10000bd8                hw_claim_or_assert
 .text.hw_claim_unused_from_range
                0x10000c1c       0x9c CMakeFiles/ounce_master.dir/Z_/Code/Github/Ounce/Hardware/pico-sdk/src/common/hardware_claim/claim.c.obj
                0x10000c1c                hw_claim_unused_from_range
 .text.next_striped_spin_lock_num
                0x10000cb8       0x18 CMakeFiles/ounce_master.dir/Z_/Code/Github/Ounce/Hardware/pico-sdk/src/rp2_common/hardware_sync/sync.c.obj
                0x10000cb8                next_striped_spin_lock_num
 .text.spin_lock_claim_unused
                0x10000cd0       0x24 CMakeFiles/ounce_master.dir/Z_/Code/Github/Ounce/Hardware/pico-sdk/src/rp2_common/hardware_sync/sync.c.obj
                0x10000cd0                spin_lock_claim_unused
 .text.spin_locks_reset
                0x10000cf4       0x1c CMakeFiles/ounce_master.dir/Z_/Code/Github/Ounce/Hardware/pico-sdk/src/rp2_common/hardware_sync_spin_lock/sync_spin_lock.c.obj
                0x10000cf4                spin_locks_reset
 .text.runtime_init_per_core_irq_priorities
                0x10000d10       0x24 CMakeFiles/ounce_master.dir/Z_/Code/Github/Ounce/Hardware/pico-sdk/src/rp2_common/hardware_irq/irq.c.obj
                0x10000d10                runtime_init_per_core_irq_priorities
 .text.irq_set_enabled
                0x10000d34       0x24 CMakeFiles/ounce_master.dir/Z_/Code/Github/Ounce/Hardware/pico-sdk/src/rp2_common/hardware_irq/irq.c.obj
                0x10000d34                irq_set_enabled
 .text.irq_is_enabled
                0x10000d58       0x18 CMakeFiles/ounce_master.dir/Z_/Code/Github/Ounce/Hardware/pico-sdk/src/rp2_common/hardware_irq/irq.c.obj
                0x10000d58                irq_is_enabled
 .text.irq_set_pending
                0x10000d70       0x10 CMakeFiles/ounce_master.dir/Z_/Code/Github/Ounce/Hardware/pico-sdk/src/rp2_common/hardware_irq/irq.c.obj
                0x10000d70                irq_set_pending
 .text.irq_has_shared_handler
                0x10000d80       0x24 CMakeFiles/ounce_master.dir/Z_/Code/Github/Ounce/Hardware/pico-sdk/src/rp2_common/hardware_irq/irq.c.obj
                0x10000d80                irq_has_shared_handler
 .text.irq_set_exclusive_handler
                0x10000da4       0x54 CMakeFiles/ounce_master.dir/Z_/Code/Github/Ounce/Hardware/pico-sdk/src/rp2_common/hardware_irq/irq.c.obj
                0x10000da4                irq_set_exclusive_handler
 .text.irq_add_shared_handler
                0x10000df8      0x1d8 CMakeFiles/ounce_master.dir/Z_/Code/Github/Ounce/Hardware/pico-sdk/src/rp2_common/hardware_irq/irq.c.obj
                0x10000df8                irq_add_shared_handler
 .text.irq_add_tail_to_free_list
                0x10000fd0       0xcc CMakeFiles/ounce_master.dir/Z_/Code/Github/Ounce/Hardware/pico-sdk/src/rp2_common/hardware_irq/irq.c.obj
                0x10000fd0                irq_add_tail_to_free_list
 .text.user_irq_claim_unused
                0x1000109c       0x2c CMakeFiles/ounce_master.dir/Z_/Code/Github/Ounce/Hardware/pico-sdk/src/rp2_common/hardware_irq/irq.c.obj
                0x1000109c                user_irq_claim_unused
 .text.lock_init
                0x100010c8       0x10 CMakeFiles/ounce_master.dir/Z_/Code/Github/Ounce/Hardware/pico-sdk/src/common/pico_sync/lock_core.c.obj
                0x100010c8                lock_init
 .text.runtime_init_mutex
                0x100010d8       0x50 CMakeFiles/ounce_master.dir/Z_/Code/Github/Ounce/Hardware/pico-sdk/src/common/pico_sync/mutex.c.obj
                0x100010d8                runtime_init_mutex
 .text.mutex_init
                0x10001128       0x1c CMakeFiles/ounce_master.dir/Z_/Code/Github/Ounce/Hardware/pico-sdk/src/common/pico_sync/mutex.c.obj
                0x10001128                mutex_init
 .text.critical_section_init
                0x10001144       0x1c CMakeFiles/ounce_master.dir/Z_/Code/Github/Ounce/Hardware/pico-sdk/src/common/pico_sync/critical_section.c.obj
                0x10001144                critical_section_init
 .text.critical_section_init_with_lock_num
                0x10001160       0x14 CMakeFiles/ounce_master.dir/Z_/Code/Github/Ounce/Hardware/pico-sdk/src/common/pico_sync/critical_section.c.obj
                0x10001160                critical_section_init_with_lock_num
 .text.sleep_until_callback
                0x10001174       0x30 CMakeFiles/ounce_master.dir/Z_/Code/Github/Ounce/Hardware/pico-sdk/src/common/pico_time/time.c.obj
 .text.alarm_pool_irq_handler
                0x100011a4      0x2fc CMakeFiles/ounce_master.dir/Z_/Code/Github/Ounce/Hardware/pico-sdk/src/common/pico_time/time.c.obj
 .text.runtime_init_default_alarm_pool
                0x100014a0       0xdc CMakeFiles/ounce_master.dir/Z_/Code/Github/Ounce/Hardware/pico-sdk/src/common/pico_time/time.c.obj
                0x100014a0                runtime_init_default_alarm_pool
 .text.alarm_pool_get_default
                0x1000157c        0x8 CMakeFiles/ounce_master.dir/Z_/Code/Github/Ounce/Hardware/pico-sdk/src/common/pico_time/time.c.obj
                0x1000157c                alarm_pool_get_default
 .text.alarm_pool_add_alarm_at
                0x10001584       0xd4 CMakeFiles/ounce_master.dir/Z_/Code/Github/Ounce/Hardware/pico-sdk/src/common/pico_time/time.c.obj
                0x10001584                alarm_pool_add_alarm_at
 .text.alarm_pool_add_alarm_at_force_in_context
                0x10001658       0xb0 CMakeFiles/ounce_master.dir/Z_/Code/Github/Ounce/Hardware/pico-sdk/src/common/pico_time/time.c.obj
                0x10001658                alarm_pool_add_alarm_at_force_in_context
 .text.alarm_pool_cancel_alarm
                0x10001708       0x74 CMakeFiles/ounce_master.dir/Z_/Code/Github/Ounce/Hardware/pico-sdk/src/common/pico_time/time.c.obj
                0x10001708                alarm_pool_cancel_alarm
 .text.alarm_pool_core_num
                0x1000177c        0x4 CMakeFiles/ounce_master.dir/Z_/Code/Github/Ounce/Hardware/pico-sdk/src/common/pico_time/time.c.obj
                0x1000177c                alarm_pool_core_num
 .text.sleep_until
                0x10001780       0xd8 CMakeFiles/ounce_master.dir/Z_/Code/Github/Ounce/Hardware/pico-sdk/src/common/pico_time/time.c.obj
                0x10001780                sleep_until
 .text.sleep_us
                0x10001858       0x28 CMakeFiles/ounce_master.dir/Z_/Code/Github/Ounce/Hardware/pico-sdk/src/common/pico_time/time.c.obj
                0x10001858                sleep_us
 .text.sleep_ms
                0x10001880       0x38 CMakeFiles/ounce_master.dir/Z_/Code/Github/Ounce/Hardware/pico-sdk/src/common/pico_time/time.c.obj
                0x10001880                sleep_ms
 .text.best_effort_wfe_or_timeout
                0x100018b8      0x118 CMakeFiles/ounce_master.dir/Z_/Code/Github/Ounce/Hardware/pico-sdk/src/common/pico_time/time.c.obj
                0x100018b8                best_effort_wfe_or_timeout
 .text.timer_hardware_alarm_claim
                0x100019d0       0x14 CMakeFiles/ounce_master.dir/Z_/Code/Github/Ounce/Hardware/pico-sdk/src/rp2_common/hardware_timer/timer.c.obj
                0x100019d0                timer_hardware_alarm_claim
 .text.timer_time_us_64
                0x100019e4       0x10 CMakeFiles/ounce_master.dir/Z_/Code/Github/Ounce/Hardware/pico-sdk/src/rp2_common/hardware_timer/timer.c.obj
                0x100019e4                timer_time_us_64
 .text.time_us_64
                0x100019f4       0x14 CMakeFiles/ounce_master.dir/Z_/Code/Github/Ounce/Hardware/pico-sdk/src/rp2_common/hardware_timer/timer.c.obj
                0x100019f4                time_us_64
 .text.busy_wait_us
                0x10001a08       0x68 CMakeFiles/ounce_master.dir/Z_/Code/Github/Ounce/Hardware/pico-sdk/src/rp2_common/hardware_timer/timer.c.obj
                0x10001a08                busy_wait_us
 .text.busy_wait_until
                0x10001a70       0x20 CMakeFiles/ounce_master.dir/Z_/Code/Github/Ounce/Hardware/pico-sdk/src/rp2_common/hardware_timer/timer.c.obj
                0x10001a70                busy_wait_until
 .text.clock_configure_int_divider
                0x10001a90       0xf4 CMakeFiles/ounce_master.dir/Z_/Code/Github/Ounce/Hardware/pico-sdk/src/rp2_common/hardware_clocks/clocks.c.obj
                0x10001a90                clock_configure_int_divider
 .text.clock_configure_undivided
                0x10001b84       0xe8 CMakeFiles/ounce_master.dir/Z_/Code/Github/Ounce/Hardware/pico-sdk/src/rp2_common/hardware_clocks/clocks.c.obj
                0x10001b84                clock_configure_undivided
 .text.clock_get_hz
                0x10001c6c        0xc CMakeFiles/ounce_master.dir/Z_/Code/Github/Ounce/Hardware/pico-sdk/src/rp2_common/hardware_clocks/clocks.c.obj
                0x10001c6c                clock_get_hz
 .text.pll_init
                0x10001c78       0xa4 CMakeFiles/ounce_master.dir/Z_/Code/Github/Ounce/Hardware/pico-sdk/src/rp2_common/hardware_pll/pll.c.obj
                0x10001c78                pll_init
 .text.watchdog_reboot
                0x10001d1c       0x9c CMakeFiles/ounce_master.dir/Z_/Code/Github/Ounce/Hardware/pico-sdk/src/rp2_common/hardware_watchdog/watchdog.c.obj
                0x10001d1c                watchdog_reboot
 .text.tick_start
                0x10001db8       0x10 CMakeFiles/ounce_master.dir/Z_/Code/Github/Ounce/Hardware/pico-sdk/src/rp2_common/hardware_ticks/ticks.c.obj
                0x10001db8                tick_start
 .text.rom_func_lookup
                0x10001dc8       0x10 CMakeFiles/ounce_master.dir/Z_/Code/Github/Ounce/Hardware/pico-sdk/src/rp2_common/pico_bootrom/bootrom.c.obj
                0x10001dc8                rom_func_lookup
 .text.rom_data_lookup
                0x10001dd8       0x10 CMakeFiles/ounce_master.dir/Z_/Code/Github/Ounce/Hardware/pico-sdk/src/rp2_common/pico_bootrom/bootrom.c.obj
                0x10001dd8                rom_data_lookup
 .text.rom_funcs_lookup
                0x10001de8       0x44 CMakeFiles/ounce_master.dir/Z_/Code/Github/Ounce/Hardware/pico-sdk/src/rp2_common/pico_bootrom/bootrom.c.obj
                0x10001de8                rom_funcs_lookup
 .text.rom_reset_usb_boot_extra
                0x10001e2c       0x28 CMakeFiles/ounce_master.dir/Z_/Code/Github/Ounce/Hardware/pico-sdk/src/rp2_common/pico_bootrom/bootrom.c.obj
                0x10001e2c                rom_reset_usb_boot_extra
 .text.xosc_init
                0x10001e54       0x28 CMakeFiles/ounce_master.dir/Z_/Code/Github/Ounce/Hardware/pico-sdk/src/rp2_common/hardware_xosc/xosc.c.obj
                0x10001e54                xosc_init
 .text.first_per_core_initializer
                0x10001e7c        0x4 CMakeFiles/ounce_master.dir/Z_/Code/Github/Ounce/Hardware/pico-sdk/src/rp2_common/pico_runtime/runtime.c.obj
 .text.hard_assertion_failure
                0x10001e80        0xc CMakeFiles/ounce_master.dir/Z_/Code/Github/Ounce/Hardware/pico-sdk/src/rp2_common/pico_runtime/runtime.c.obj
                0x10001e80                hard_assertion_failure
 .text.runtime_run_initializers
                0x10001e8c       0x28 CMakeFiles/ounce_master.dir/Z_/Code/Github/Ounce/Hardware/pico-sdk/src/rp2_common/pico_runtime/runtime.c.obj
                0x10001e8c                runtime_run_initializers
 .text.runtime_init_early_resets
                0x10001eb4       0x2c CMakeFiles/ounce_master.dir/Z_/Code/Github/Ounce/Hardware/pico-sdk/src/rp2_common/pico_runtime_init/runtime_init.c.obj
                0x10001eb4                runtime_init_early_resets
 .text.runtime_init_usb_power_down
                0x10001ee0       0x1c CMakeFiles/ounce_master.dir/Z_/Code/Github/Ounce/Hardware/pico-sdk/src/rp2_common/pico_runtime_init/runtime_init.c.obj
                0x10001ee0                runtime_init_usb_power_down
 .text.runtime_init_post_clock_resets
                0x10001efc       0x20 CMakeFiles/ounce_master.dir/Z_/Code/Github/Ounce/Hardware/pico-sdk/src/rp2_common/pico_runtime_init/runtime_init.c.obj
                0x10001efc                runtime_init_post_clock_resets
 .text.runtime_init_rp2040_gpio_ie_disable
                0x10001f1c       0x14 CMakeFiles/ounce_master.dir/Z_/Code/Github/Ounce/Hardware/pico-sdk/src/rp2_common/pico_runtime_init/runtime_init.c.obj
                0x10001f1c                runtime_init_rp2040_gpio_ie_disable
 .text.runtime_init_spin_locks_reset
                0x10001f30        0x8 CMakeFiles/ounce_master.dir/Z_/Code/Github/Ounce/Hardware/pico-sdk/src/rp2_common/pico_runtime_init/runtime_init.c.obj
                0x10001f30                runtime_init_spin_locks_reset
 .text.runtime_init_install_ram_vector_table
                0x10001f38       0xb4 CMakeFiles/ounce_master.dir/Z_/Code/Github/Ounce/Hardware/pico-sdk/src/rp2_common/pico_runtime_init/runtime_init.c.obj
                0x10001f38                runtime_init_install_ram_vector_table
 .text.runtime_init_clocks
                0x10001fec       0xd8 CMakeFiles/ounce_master.dir/Z_/Code/Github/Ounce/Hardware/pico-sdk/src/rp2_common/pico_runtime_init/runtime_init_clocks.c.obj
                0x10001fec                runtime_init_clocks
 .text          0x100020c4       0x10 CMakeFiles/ounce_master.dir/Z_/Code/Github/Ounce/Hardware/pico-sdk/src/rp2_common/pico_bit_ops/bit_ops_aeabi.S.obj
 .text.__wrap___aeabi_idiv
                0x100020d4       0x50 CMakeFiles/ounce_master.dir/Z_/Code/Github/Ounce/Hardware/pico-sdk/src/rp2_common/pico_divider/divider_hardware.S.obj
                0x100020d4                __wrap___aeabi_idivmod
                0x100020d4                divmod_s32s32
                0x100020d4                div_s32s32
                0x100020d4                __wrap___aeabi_idiv
                0x10002108                divmod_s32s32_savestate
 .text.__wrap___aeabi_uidiv
                0x10002124       0x4c CMakeFiles/ounce_master.dir/Z_/Code/Github/Ounce/Hardware/pico-sdk/src/rp2_common/pico_divider/divider_hardware.S.obj
                0x10002124                __wrap___aeabi_uidivmod
                0x10002124                div_u32u32
                0x10002124                divmod_u32u32
                0x10002124                __wrap___aeabi_uidiv
                0x10002154                divmod_u32u32_savestate
 .text.__wrap___aeabi_ldiv
                0x10002170      0x424 CMakeFiles/ounce_master.dir/Z_/Code/Github/Ounce/Hardware/pico-sdk/src/rp2_common/pico_divider/divider_hardware.S.obj
                0x10002170                div_s64s64
                0x10002170                divmod_s64s64
                0x10002170                __wrap___aeabi_ldivmod
                0x100021a0                divmod_u64u64
                0x100021a0                div_u64u64
                0x100021a0                __wrap___aeabi_uldivmod
                0x100021b0                divmod_u64u64_savestate
                0x100021d0                divmod_s64s64_unsafe
                0x10002258                divmod_u64u64_unsafe
 .text.__wrap___aeabi_darithmetic
                0x10002594       0x80 CMakeFiles/ounce_master.dir/Z_/Code/Github/Ounce/Hardware/pico-sdk/src/rp2_common/pico_double/double_aeabi_rp2040.S.obj
                0x10002594                __wrap___aeabi_drsub
                0x1000259a                __wrap___aeabi_dsub
                0x100025ac                __wrap___aeabi_dadd
                0x100025be                __wrap___aeabi_ddiv
                0x100025fa                __wrap___aeabi_dmul
 .text.__wrap___aeabi_cdcmple
                0x10002614       0x6c CMakeFiles/ounce_master.dir/Z_/Code/Github/Ounce/Hardware/pico-sdk/src/rp2_common/pico_double/double_aeabi_rp2040.S.obj
                0x10002614                __wrap___aeabi_cdrcmple
                0x10002624                __wrap___aeabi_cdcmpeq
                0x10002624                __wrap___aeabi_cdcmple
 .text.__wrap___aeabi_dcmplt
                0x10002680        0xc CMakeFiles/ounce_master.dir/Z_/Code/Github/Ounce/Hardware/pico-sdk/src/rp2_common/pico_double/double_aeabi_rp2040.S.obj
                0x10002680                __wrap___aeabi_dcmplt
 .text.__wrap___aeabi_dcmpge
                0x1000268c       0x10 CMakeFiles/ounce_master.dir/Z_/Code/Github/Ounce/Hardware/pico-sdk/src/rp2_common/pico_double/double_aeabi_rp2040.S.obj
                0x1000268c                __wrap___aeabi_dcmpge
 .text.__wrap___aeabi_dcmpgt
                0x1000269c        0xa CMakeFiles/ounce_master.dir/Z_/Code/Github/Ounce/Hardware/pico-sdk/src/rp2_common/pico_double/double_aeabi_rp2040.S.obj
                0x1000269c                __wrap___aeabi_dcmpgt
 .text.__wrap___aeabi_dcmpun
                0x100026a6       0x18 CMakeFiles/ounce_master.dir/Z_/Code/Github/Ounce/Hardware/pico-sdk/src/rp2_common/pico_double/double_aeabi_rp2040.S.obj
                0x100026a6                __wrap___aeabi_dcmpun
 *fill*         0x100026be        0x2 
 .text.__wrap___aeabi_i2d
                0x100026c0       0x38 CMakeFiles/ounce_master.dir/Z_/Code/Github/Ounce/Hardware/pico-sdk/src/rp2_common/pico_double/double_aeabi_rp2040.S.obj
                0x100026c0                uint2double
                0x100026c0                __wrap___aeabi_ui2d
                0x100026c8                int2double
                0x100026c8                __wrap___aeabi_i2d
 .text.__wrap___aeabi_d2iz
                0x100026f8       0x48 CMakeFiles/ounce_master.dir/Z_/Code/Github/Ounce/Hardware/pico-sdk/src/rp2_common/pico_double/double_aeabi_rp2040.S.obj
                0x100026f8                double2int_z
                0x100026f8                __wrap___aeabi_d2iz
 .text.__wrap___aeabi_d2uiz
                0x10002740       0x18 CMakeFiles/ounce_master.dir/Z_/Code/Github/Ounce/Hardware/pico-sdk/src/rp2_common/pico_double/double_aeabi_rp2040.S.obj
                0x10002740                double2uint
                0x10002740                __wrap___aeabi_d2uiz
                0x10002740                double2uint_z
 .text.__aeabi_double_init
                0x10002758       0xa4 CMakeFiles/ounce_master.dir/Z_/Code/Github/Ounce/Hardware/pico-sdk/src/rp2_common/pico_double/double_init_rom_rp2040.c.obj
                0x10002758                __aeabi_double_init
 .text.double_table_shim_on_use_helper
                0x100027fc       0x2c CMakeFiles/ounce_master.dir/Z_/Code/Github/Ounce/Hardware/pico-sdk/src/rp2_common/pico_double/double_v1_rom_shim_rp2040.S.obj
                0x100027fc                double_table_shim_on_use_helper
 .text.__wrap___aeabi_dsub
                0x10002828       0x10 CMakeFiles/ounce_master.dir/Z_/Code/Github/Ounce/Hardware/pico-sdk/src/rp2_common/pico_double/double_v1_rom_shim_rp2040.S.obj
                0x10002828                drsub_shim
                0x1000282e                dsub_shim
 .text.dadd_shim
                0x10002838      0x15c CMakeFiles/ounce_master.dir/Z_/Code/Github/Ounce/Hardware/pico-sdk/src/rp2_common/pico_double/double_v1_rom_shim_rp2040.S.obj
                0x10002838                dadd_shim
 .text.dmul_shim
                0x10002994      0x15c CMakeFiles/ounce_master.dir/Z_/Code/Github/Ounce/Hardware/pico-sdk/src/rp2_common/pico_double/double_v1_rom_shim_rp2040.S.obj
                0x10002994                dmul_shim
 .text.ddiv_shim
                0x10002af0      0x1b0 CMakeFiles/ounce_master.dir/Z_/Code/Github/Ounce/Hardware/pico-sdk/src/rp2_common/pico_double/double_v1_rom_shim_rp2040.S.obj
                0x10002af0                ddiv_shim
 .text.double2uint_shim
                0x10002ca0        0xe CMakeFiles/ounce_master.dir/Z_/Code/Github/Ounce/Hardware/pico-sdk/src/rp2_common/pico_double/double_v1_rom_shim_rp2040.S.obj
                0x10002ca0                double2uint_shim
                0x10002ca2                double2ufix_shim
 *fill*         0x10002cae        0x2 
 .text.double2uint64_shim
                0x10002cb0       0x70 CMakeFiles/ounce_master.dir/Z_/Code/Github/Ounce/Hardware/pico-sdk/src/rp2_common/pico_double/double_v1_rom_shim_rp2040.S.obj
                0x10002cb0                double2uint64_shim
                0x10002cb2                double2ufix64_shim
                0x10002cd2                d2fix_a
 .text.dunpacks
                0x10002d20       0x3c CMakeFiles/ounce_master.dir/Z_/Code/Github/Ounce/Hardware/pico-sdk/src/rp2_common/pico_double/double_v1_rom_shim_rp2040.S.obj
                0x10002d20                dunpacks
 .text.__aeabi_lmul
                0x10002d5c       0x32 CMakeFiles/ounce_master.dir/Z_/Code/Github/Ounce/Hardware/pico-sdk/src/rp2_common/pico_int64_ops/pico_int64_ops_aeabi.S.obj
                0x10002d5c                __wrap___aeabi_lmul
 *fill*         0x10002d8e        0x2 
 .text.__aeabi_float_init
                0x10002d90       0x64 CMakeFiles/ounce_master.dir/Z_/Code/Github/Ounce/Hardware/pico-sdk/src/rp2_common/pico_float/float_init_rom_rp2040.c.obj
                0x10002d90                __aeabi_float_init
 .text.float_table_shim_on_use_helper
                0x10002df4       0x2c CMakeFiles/ounce_master.dir/Z_/Code/Github/Ounce/Hardware/pico-sdk/src/rp2_common/pico_float/float_v1_rom_shim_rp2040.S.obj
                0x10002df4                float_table_shim_on_use_helper
 .text          0x10002e20       0x10 CMakeFiles/ounce_master.dir/Z_/Code/Github/Ounce/Hardware/pico-sdk/src/rp2_common/pico_mem_ops/mem_ops_aeabi.S.obj
                0x10002e20                __aeabi_mem_init
 .text.memset   0x10002e30        0xc CMakeFiles/ounce_master.dir/Z_/Code/Github/Ounce/Hardware/pico-sdk/src/rp2_common/pico_mem_ops/mem_ops_aeabi.S.obj
                0x10002e30                __wrap_memset
 .text.memcpy   0x10002e3c        0xc CMakeFiles/ounce_master.dir/Z_/Code/Github/Ounce/Hardware/pico-sdk/src/rp2_common/pico_mem_ops/mem_ops_aeabi.S.obj
                0x10002e3c                __wrap_memcpy
                0x10002e3c                __wrap___aeabi_memcpy
 .text._out_null
                0x10002e48        0x4 CMakeFiles/ounce_master.dir/Z_/Code/Github/Ounce/Hardware/pico-sdk/src/rp2_common/pico_printf/printf.c.obj
 .text._out_rev
                0x10002e4c       0xac CMakeFiles/ounce_master.dir/Z_/Code/Github/Ounce/Hardware/pico-sdk/src/rp2_common/pico_printf/printf.c.obj
 .text._ntoa_format
                0x10002ef8      0x250 CMakeFiles/ounce_master.dir/Z_/Code/Github/Ounce/Hardware/pico-sdk/src/rp2_common/pico_printf/printf.c.obj
 .text._out_char
                0x10003148       0x10 CMakeFiles/ounce_master.dir/Z_/Code/Github/Ounce/Hardware/pico-sdk/src/rp2_common/pico_printf/printf.c.obj
 .text._out_fct
                0x10003158       0x10 CMakeFiles/ounce_master.dir/Z_/Code/Github/Ounce/Hardware/pico-sdk/src/rp2_common/pico_printf/printf.c.obj
 .text._etoa    0x10003168      0x464 CMakeFiles/ounce_master.dir/Z_/Code/Github/Ounce/Hardware/pico-sdk/src/rp2_common/pico_printf/printf.c.obj
 .text._ftoa    0x100035cc      0x3c0 CMakeFiles/ounce_master.dir/Z_/Code/Github/Ounce/Hardware/pico-sdk/src/rp2_common/pico_printf/printf.c.obj
 .text._vsnprintf
                0x1000398c      0xbc8 CMakeFiles/ounce_master.dir/Z_/Code/Github/Ounce/Hardware/pico-sdk/src/rp2_common/pico_printf/printf.c.obj
 .text.vfctprintf
                0x10004554       0x20 CMakeFiles/ounce_master.dir/Z_/Code/Github/Ounce/Hardware/pico-sdk/src/rp2_common/pico_printf/printf.c.obj
                0x10004554                vfctprintf
 .text.weak_raw_vprintf
                0x10004574       0x30 CMakeFiles/ounce_master.dir/Z_/Code/Github/Ounce/Hardware/pico-sdk/src/rp2_common/pico_printf/printf.c.obj
                0x10004574                weak_raw_vprintf
 .text._exit    0x100045a4        0x4 CMakeFiles/ounce_master.dir/Z_/Code/Github/Ounce/Hardware/pico-sdk/src/rp2_common/pico_clib_interface/newlib_interface.c.obj
                0x100045a4                _exit
 .text._fini    0x100045a8        0x4 CMakeFiles/ounce_master.dir/Z_/Code/Github/Ounce/Hardware/pico-sdk/src/rp2_common/pico_clib_interface/newlib_interface.c.obj
                0x100045a8                _fini
 .text._sbrk    0x100045ac       0x34 CMakeFiles/ounce_master.dir/Z_/Code/Github/Ounce/Hardware/pico-sdk/src/rp2_common/pico_clib_interface/newlib_interface.c.obj
                0x100045ac                _sbrk
 .text._read    0x100045e0       0x24 CMakeFiles/ounce_master.dir/Z_/Code/Github/Ounce/Hardware/pico-sdk/src/rp2_common/pico_clib_interface/newlib_interface.c.obj
                0x100045e0                _read
 .text._write   0x10004604       0x24 CMakeFiles/ounce_master.dir/Z_/Code/Github/Ounce/Hardware/pico-sdk/src/rp2_common/pico_clib_interface/newlib_interface.c.obj
                0x10004604                _write
 .text._close   0x10004628        0x8 CMakeFiles/ounce_master.dir/Z_/Code/Github/Ounce/Hardware/pico-sdk/src/rp2_common/pico_clib_interface/newlib_interface.c.obj
                0x10004628                _close
 .text._lseek   0x10004630        0x8 CMakeFiles/ounce_master.dir/Z_/Code/Github/Ounce/Hardware/pico-sdk/src/rp2_common/pico_clib_interface/newlib_interface.c.obj
                0x10004630                _lseek
 .text.exit     0x10004638        0x8 CMakeFiles/ounce_master.dir/Z_/Code/Github/Ounce/Hardware/pico-sdk/src/rp2_common/pico_clib_interface/newlib_interface.c.obj
                0x10004638                exit
 .text.runtime_init
                0x10004640       0x2c CMakeFiles/ounce_master.dir/Z_/Code/Github/Ounce/Hardware/pico-sdk/src/rp2_common/pico_clib_interface/newlib_interface.c.obj
                0x10004640                runtime_init
 .text.stdio_out_chars_no_crlf
                0x1000466c       0x10 CMakeFiles/ounce_master.dir/Z_/Code/Github/Ounce/Hardware/pico-sdk/src/rp2_common/pico_stdio/stdio.c.obj
 .text.stdio_out_chars_crlf
                0x1000467c       0x94 CMakeFiles/ounce_master.dir/Z_/Code/Github/Ounce/Hardware/pico-sdk/src/rp2_common/pico_stdio/stdio.c.obj
 .text.stdio_buffered_printer
                0x10004710       0x58 CMakeFiles/ounce_master.dir/Z_/Code/Github/Ounce/Hardware/pico-sdk/src/rp2_common/pico_stdio/stdio.c.obj
 .text.stdio_put_string
                0x10004768      0x100 CMakeFiles/ounce_master.dir/Z_/Code/Github/Ounce/Hardware/pico-sdk/src/rp2_common/pico_stdio/stdio.c.obj
                0x10004768                stdio_put_string
 .text.stdio_get_until
                0x10004868       0x84 CMakeFiles/ounce_master.dir/Z_/Code/Github/Ounce/Hardware/pico-sdk/src/rp2_common/pico_stdio/stdio.c.obj
                0x10004868                stdio_get_until
 .text.stdio_set_driver_enabled
                0x100048ec       0x30 CMakeFiles/ounce_master.dir/Z_/Code/Github/Ounce/Hardware/pico-sdk/src/rp2_common/pico_stdio/stdio.c.obj
                0x100048ec                stdio_set_driver_enabled
 .text.stdio_init_all
                0x1000491c        0x8 CMakeFiles/ounce_master.dir/Z_/Code/Github/Ounce/Hardware/pico-sdk/src/rp2_common/pico_stdio/stdio.c.obj
                0x1000491c                stdio_init_all
 .text.stdio_getchar_timeout_us
                0x10004924       0x98 CMakeFiles/ounce_master.dir/Z_/Code/Github/Ounce/Hardware/pico-sdk/src/rp2_common/pico_stdio/stdio.c.obj
                0x10004924                stdio_getchar_timeout_us
 .text.__wrap_putchar
                0x100049bc       0x98 CMakeFiles/ounce_master.dir/Z_/Code/Github/Ounce/Hardware/pico-sdk/src/rp2_common/pico_stdio/stdio.c.obj
                0x100049bc                __wrap_putchar
                0x100049bc                stdio_putchar
 .text.__wrap_puts
                0x10004a54       0x3c CMakeFiles/ounce_master.dir/Z_/Code/Github/Ounce/Hardware/pico-sdk/src/rp2_common/pico_stdio/stdio.c.obj
                0x10004a54                stdio_puts
                0x10004a54                __wrap_puts
 .text.__wrap_vprintf
                0x10004a90       0xd4 CMakeFiles/ounce_master.dir/Z_/Code/Github/Ounce/Hardware/pico-sdk/src/rp2_common/pico_stdio/stdio.c.obj
                0x10004a90                stdio_vprintf
                0x10004a90                __wrap_vprintf
 .text.__wrap_printf
                0x10004b64       0x18 CMakeFiles/ounce_master.dir/Z_/Code/Github/Ounce/Hardware/pico-sdk/src/rp2_common/pico_stdio/stdio.c.obj
                0x10004b64                __wrap_printf
                0x10004b64                stdio_printf
 .text.stdio_usb_set_chars_available_callback
                0x10004b7c       0x14 CMakeFiles/ounce_master.dir/Z_/Code/Github/Ounce/Hardware/pico-sdk/src/rp2_common/pico_stdio_usb/stdio_usb.c.obj
                0x10004b7c                stdio_usb_set_chars_available_callback
 .text.usb_irq  0x10004b90       0x10 CMakeFiles/ounce_master.dir/Z_/Code/Github/Ounce/Hardware/pico-sdk/src/rp2_common/pico_stdio_usb/stdio_usb.c.obj
 .text.timer_task
                0x10004ba0       0x64 CMakeFiles/ounce_master.dir/Z_/Code/Github/Ounce/Hardware/pico-sdk/src/rp2_common/pico_stdio_usb/stdio_usb.c.obj
 .text.stdio_usb_in_chars
                0x10004c04       0x90 CMakeFiles/ounce_master.dir/Z_/Code/Github/Ounce/Hardware/pico-sdk/src/rp2_common/pico_stdio_usb/stdio_usb.c.obj
                0x10004c04                stdio_usb_in_chars
 .text.stdio_usb_out_flush
                0x10004c94       0x50 CMakeFiles/ounce_master.dir/Z_/Code/Github/Ounce/Hardware/pico-sdk/src/rp2_common/pico_stdio_usb/stdio_usb.c.obj
 .text.stdio_usb_out_chars
                0x10004ce4      0x104 CMakeFiles/ounce_master.dir/Z_/Code/Github/Ounce/Hardware/pico-sdk/src/rp2_common/pico_stdio_usb/stdio_usb.c.obj
 .text.low_priority_worker_irq
                0x10004de8       0xcc CMakeFiles/ounce_master.dir/Z_/Code/Github/Ounce/Hardware/pico-sdk/src/rp2_common/pico_stdio_usb/stdio_usb.c.obj
 .text.stdio_usb_init
                0x10004eb4       0xec CMakeFiles/ounce_master.dir/Z_/Code/Github/Ounce/Hardware/pico-sdk/src/rp2_common/pico_stdio_usb/stdio_usb.c.obj
                0x10004eb4                stdio_usb_init
 .text.tud_descriptor_device_cb
                0x10004fa0        0x8 CMakeFiles/ounce_master.dir/Z_/Code/Github/Ounce/Hardware/pico-sdk/src/rp2_common/pico_stdio_usb/stdio_usb_descriptors.c.obj
                0x10004fa0                tud_descriptor_device_cb
 .text.tud_descriptor_configuration_cb
                0x10004fa8        0x8 CMakeFiles/ounce_master.dir/Z_/Code/Github/Ounce/Hardware/pico-sdk/src/rp2_common/pico_stdio_usb/stdio_usb_descriptors.c.obj
                0x10004fa8                tud_descriptor_configuration_cb
 .text.tud_descriptor_string_cb
                0x10004fb0       0x78 CMakeFiles/ounce_master.dir/Z_/Code/Github/Ounce/Hardware/pico-sdk/src/rp2_common/pico_stdio_usb/stdio_usb_descriptors.c.obj
                0x10004fb0                tud_descriptor_string_cb
 .text.startup._retrieve_unique_id_on_boot
                0x10005028       0x10 CMakeFiles/ounce_master.dir/Z_/Code/Github/Ounce/Hardware/pico-sdk/src/rp2_common/pico_unique_id/unique_id.c.obj
 .text.pico_get_unique_board_id_string
                0x10005038      0x1a8 CMakeFiles/ounce_master.dir/Z_/Code/Github/Ounce/Hardware/pico-sdk/src/rp2_common/pico_unique_id/unique_id.c.obj
                0x10005038                pico_get_unique_board_id_string
 .text.flash_get_unique_id
                0x100051e0       0x3c CMakeFiles/ounce_master.dir/Z_/Code/Github/Ounce/Hardware/pico-sdk/src/rp2_common/hardware_flash/flash.c.obj
                0x100051e0                flash_get_unique_id
 .text.usb_reset_interface_init
                0x1000521c        0x4 CMakeFiles/ounce_master.dir/Z_/Code/Github/Ounce/Hardware/pico-sdk/src/rp2_common/pico_usb_reset/usb_reset.c.obj
                0x1000521c                usb_reset_interface_init
 .text.usb_reset_interface_reset
                0x10005220        0xc CMakeFiles/ounce_master.dir/Z_/Code/Github/Ounce/Hardware/pico-sdk/src/rp2_common/pico_usb_reset/usb_reset.c.obj
                0x10005220                usb_reset_interface_reset
 .text.usb_reset_interface_open
                0x1000522c       0x28 CMakeFiles/ounce_master.dir/Z_/Code/Github/Ounce/Hardware/pico-sdk/src/rp2_common/pico_usb_reset/usb_reset.c.obj
                0x1000522c                usb_reset_interface_open
 .text.usb_reset_interface_xfer_cb
                0x10005254        0x4 CMakeFiles/ounce_master.dir/Z_/Code/Github/Ounce/Hardware/pico-sdk/src/rp2_common/pico_usb_reset/usb_reset.c.obj
                0x10005254                usb_reset_interface_xfer_cb
 .text.usb_reset_interface_control_xfer_cb
                0x10005258       0x60 CMakeFiles/ounce_master.dir/Z_/Code/Github/Ounce/Hardware/pico-sdk/src/rp2_common/pico_usb_reset/usb_reset.c.obj
                0x10005258                usb_reset_interface_control_xfer_cb
 .text.tud_descriptor_bos_cb
                0x100052b8        0x8 CMakeFiles/ounce_master.dir/Z_/Code/Github/Ounce/Hardware/pico-sdk/src/rp2_common/pico_usb_reset/usb_reset.c.obj
                0x100052b8                tud_descriptor_bos_cb
 .text.tud_vendor_control_xfer_cb
                0x100052c0       0x34 CMakeFiles/ounce_master.dir/Z_/Code/Github/Ounce/Hardware/pico-sdk/src/rp2_common/pico_usb_reset/usb_reset.c.obj
                0x100052c0                tud_vendor_control_xfer_cb
 .text.usbd_app_driver_get_cb
                0x100052f4        0xc CMakeFiles/ounce_master.dir/Z_/Code/Github/Ounce/Hardware/pico-sdk/src/rp2_common/pico_usb_reset/usb_reset.c.obj
                0x100052f4                usbd_app_driver_get_cb
 .text.tud_cdc_line_coding_cb
                0x10005300       0x2c CMakeFiles/ounce_master.dir/Z_/Code/Github/Ounce/Hardware/pico-sdk/src/rp2_common/pico_usb_reset/usb_reset.c.obj
                0x10005300                tud_cdc_line_coding_cb
 .text.dcd_init
                0x1000532c       0x90 CMakeFiles/ounce_master.dir/Z_/Code/Github/Ounce/Hardware/pico-sdk/lib/tinyusb/src/portable/raspberrypi/rp2040/dcd_rp2040.c.obj
                0x1000532c                dcd_init
 .text.dcd_int_enable
                0x100053bc        0xc CMakeFiles/ounce_master.dir/Z_/Code/Github/Ounce/Hardware/pico-sdk/lib/tinyusb/src/portable/raspberrypi/rp2040/dcd_rp2040.c.obj
                0x100053bc                dcd_int_enable
 .text.dcd_set_address
                0x100053c8       0x14 CMakeFiles/ounce_master.dir/Z_/Code/Github/Ounce/Hardware/pico-sdk/lib/tinyusb/src/portable/raspberrypi/rp2040/dcd_rp2040.c.obj
                0x100053c8                dcd_set_address
 .text.dcd_sof_enable
                0x100053dc       0x1c CMakeFiles/ounce_master.dir/Z_/Code/Github/Ounce/Hardware/pico-sdk/lib/tinyusb/src/portable/raspberrypi/rp2040/dcd_rp2040.c.obj
                0x100053dc                dcd_sof_enable
 .text.dcd_edpt0_status_complete
                0x100053f8       0x1c CMakeFiles/ounce_master.dir/Z_/Code/Github/Ounce/Hardware/pico-sdk/lib/tinyusb/src/portable/raspberrypi/rp2040/dcd_rp2040.c.obj
                0x100053f8                dcd_edpt0_status_complete
 .text.dcd_edpt_open
                0x10005414       0xf8 CMakeFiles/ounce_master.dir/Z_/Code/Github/Ounce/Hardware/pico-sdk/lib/tinyusb/src/portable/raspberrypi/rp2040/dcd_rp2040.c.obj
                0x10005414                dcd_edpt_open
 .text.dcd_edpt_close_all
                0x1000550c        0x8 CMakeFiles/ounce_master.dir/Z_/Code/Github/Ounce/Hardware/pico-sdk/lib/tinyusb/src/portable/raspberrypi/rp2040/dcd_rp2040.c.obj
                0x1000550c                dcd_edpt_close_all
 .text.dcd_edpt_xfer
                0x10005514       0x24 CMakeFiles/ounce_master.dir/Z_/Code/Github/Ounce/Hardware/pico-sdk/lib/tinyusb/src/portable/raspberrypi/rp2040/dcd_rp2040.c.obj
                0x10005514                dcd_edpt_xfer
 .text.dcd_edpt_stall
                0x10005538       0x34 CMakeFiles/ounce_master.dir/Z_/Code/Github/Ounce/Hardware/pico-sdk/lib/tinyusb/src/portable/raspberrypi/rp2040/dcd_rp2040.c.obj
                0x10005538                dcd_edpt_stall
 .text.dcd_edpt_clear_stall
                0x1000556c       0x30 CMakeFiles/ounce_master.dir/Z_/Code/Github/Ounce/Hardware/pico-sdk/lib/tinyusb/src/portable/raspberrypi/rp2040/dcd_rp2040.c.obj
                0x1000556c                dcd_edpt_clear_stall
 .text.rp2040_usb_init
                0x1000559c       0x40 CMakeFiles/ounce_master.dir/Z_/Code/Github/Ounce/Hardware/pico-sdk/lib/tinyusb/src/portable/raspberrypi/rp2040/rp2040_usb.c.obj
                0x1000559c                rp2040_usb_init
 .text.hw_endpoint_xfer_start
                0x100055dc       0x40 CMakeFiles/ounce_master.dir/Z_/Code/Github/Ounce/Hardware/pico-sdk/lib/tinyusb/src/portable/raspberrypi/rp2040/rp2040_usb.c.obj
                0x100055dc                hw_endpoint_xfer_start
 .text.tud_event_hook_cb
                0x1000561c        0x4 CMakeFiles/ounce_master.dir/Z_/Code/Github/Ounce/Hardware/pico-sdk/lib/tinyusb/src/device/usbd.c.obj
                0x1000561c                tud_event_hook_cb
 .text.tud_sof_cb
                0x10005620        0x4 CMakeFiles/ounce_master.dir/Z_/Code/Github/Ounce/Hardware/pico-sdk/lib/tinyusb/src/device/usbd.c.obj
                0x10005620                tud_sof_cb
 .text.tud_descriptor_device_qualifier_cb
                0x10005624        0x4 CMakeFiles/ounce_master.dir/Z_/Code/Github/Ounce/Hardware/pico-sdk/lib/tinyusb/src/device/usbd.c.obj
                0x10005624                tud_descriptor_device_qualifier_cb
 .text.tud_descriptor_other_speed_configuration_cb
                0x10005628        0x4 CMakeFiles/ounce_master.dir/Z_/Code/Github/Ounce/Hardware/pico-sdk/lib/tinyusb/src/device/usbd.c.obj
                0x10005628                tud_descriptor_other_speed_configuration_cb
 .text.tud_mount_cb
                0x1000562c        0x4 CMakeFiles/ounce_master.dir/Z_/Code/Github/Ounce/Hardware/pico-sdk/lib/tinyusb/src/device/usbd.c.obj
                0x1000562c                tud_mount_cb
 .text.tud_umount_cb
                0x10005630        0x4 CMakeFiles/ounce_master.dir/Z_/Code/Github/Ounce/Hardware/pico-sdk/lib/tinyusb/src/device/usbd.c.obj
                0x10005630                tud_umount_cb
 .text.tud_suspend_cb
                0x10005634        0x4 CMakeFiles/ounce_master.dir/Z_/Code/Github/Ounce/Hardware/pico-sdk/lib/tinyusb/src/device/usbd.c.obj
                0x10005634                tud_suspend_cb
 .text.tud_resume_cb
                0x10005638        0x4 CMakeFiles/ounce_master.dir/Z_/Code/Github/Ounce/Hardware/pico-sdk/lib/tinyusb/src/device/usbd.c.obj
                0x10005638                tud_resume_cb
 .text.tud_mounted
                0x1000563c       0x10 CMakeFiles/ounce_master.dir/Z_/Code/Github/Ounce/Hardware/pico-sdk/lib/tinyusb/src/device/usbd.c.obj
                0x1000563c                tud_mounted
 .text.tud_suspended
                0x1000564c       0x10 CMakeFiles/ounce_master.dir/Z_/Code/Github/Ounce/Hardware/pico-sdk/lib/tinyusb/src/device/usbd.c.obj
                0x1000564c                tud_suspended
 .text.tud_rhport_init
                0x1000565c       0xf4 CMakeFiles/ounce_master.dir/Z_/Code/Github/Ounce/Hardware/pico-sdk/lib/tinyusb/src/device/usbd.c.obj
                0x1000565c                tud_rhport_init
 .text.tud_task_ext
                0x10005750      0x7d8 CMakeFiles/ounce_master.dir/Z_/Code/Github/Ounce/Hardware/pico-sdk/lib/tinyusb/src/device/usbd.c.obj
                0x10005750                tud_task_ext
 .text.usbd_open_edpt_pair
                0x10005f28       0x9c CMakeFiles/ounce_master.dir/Z_/Code/Github/Ounce/Hardware/pico-sdk/lib/tinyusb/src/device/usbd.c.obj
                0x10005f28                usbd_open_edpt_pair
 .text.usbd_edpt_open
                0x10005fc4       0x34 CMakeFiles/ounce_master.dir/Z_/Code/Github/Ounce/Hardware/pico-sdk/lib/tinyusb/src/device/usbd.c.obj
                0x10005fc4                usbd_edpt_open
 .text.usbd_edpt_claim
                0x10005ff8       0x28 CMakeFiles/ounce_master.dir/Z_/Code/Github/Ounce/Hardware/pico-sdk/lib/tinyusb/src/device/usbd.c.obj
                0x10005ff8                usbd_edpt_claim
 .text.usbd_edpt_release
                0x10006020       0x28 CMakeFiles/ounce_master.dir/Z_/Code/Github/Ounce/Hardware/pico-sdk/lib/tinyusb/src/device/usbd.c.obj
                0x10006020                usbd_edpt_release
 .text.usbd_edpt_xfer
                0x10006048       0x4c CMakeFiles/ounce_master.dir/Z_/Code/Github/Ounce/Hardware/pico-sdk/lib/tinyusb/src/device/usbd.c.obj
                0x10006048                usbd_edpt_xfer
 .text.tud_control_status
                0x10006094       0x2c CMakeFiles/ounce_master.dir/Z_/Code/Github/Ounce/Hardware/pico-sdk/lib/tinyusb/src/device/usbd_control.c.obj
                0x10006094                tud_control_status
 .text.tud_control_xfer
                0x100060c0       0xac CMakeFiles/ounce_master.dir/Z_/Code/Github/Ounce/Hardware/pico-sdk/lib/tinyusb/src/device/usbd_control.c.obj
                0x100060c0                tud_control_xfer
 .text.usbd_control_reset
                0x1000616c       0x14 CMakeFiles/ounce_master.dir/Z_/Code/Github/Ounce/Hardware/pico-sdk/lib/tinyusb/src/device/usbd_control.c.obj
                0x1000616c                usbd_control_reset
 .text.usbd_control_set_complete_callback
                0x10006180        0xc CMakeFiles/ounce_master.dir/Z_/Code/Github/Ounce/Hardware/pico-sdk/lib/tinyusb/src/device/usbd_control.c.obj
                0x10006180                usbd_control_set_complete_callback
 .text.usbd_control_set_request
                0x1000618c       0x1c CMakeFiles/ounce_master.dir/Z_/Code/Github/Ounce/Hardware/pico-sdk/lib/tinyusb/src/device/usbd_control.c.obj
                0x1000618c                usbd_control_set_request
 .text.usbd_control_xfer_cb
                0x100061a8       0xec CMakeFiles/ounce_master.dir/Z_/Code/Github/Ounce/Hardware/pico-sdk/lib/tinyusb/src/device/usbd_control.c.obj
                0x100061a8                usbd_control_xfer_cb
 .text._prep_out_transaction.isra.0
                0x10006294       0x6c CMakeFiles/ounce_master.dir/Z_/Code/Github/Ounce/Hardware/pico-sdk/lib/tinyusb/src/class/cdc/cdc_device.c.obj
 .text.tud_cdc_n_connected
                0x10006300       0x2c CMakeFiles/ounce_master.dir/Z_/Code/Github/Ounce/Hardware/pico-sdk/lib/tinyusb/src/class/cdc/cdc_device.c.obj
                0x10006300                tud_cdc_n_connected
 .text.tud_cdc_n_available
                0x1000632c       0x14 CMakeFiles/ounce_master.dir/Z_/Code/Github/Ounce/Hardware/pico-sdk/lib/tinyusb/src/class/cdc/cdc_device.c.obj
                0x1000632c                tud_cdc_n_available
 .text.tud_cdc_n_read
                0x10006340       0x94 CMakeFiles/ounce_master.dir/Z_/Code/Github/Ounce/Hardware/pico-sdk/lib/tinyusb/src/class/cdc/cdc_device.c.obj
                0x10006340                tud_cdc_n_read
 .text.tud_cdc_n_write_flush
                0x100063d4       0x74 CMakeFiles/ounce_master.dir/Z_/Code/Github/Ounce/Hardware/pico-sdk/lib/tinyusb/src/class/cdc/cdc_device.c.obj
                0x100063d4                tud_cdc_n_write_flush
 .text.tud_cdc_n_write
                0x10006448       0x40 CMakeFiles/ounce_master.dir/Z_/Code/Github/Ounce/Hardware/pico-sdk/lib/tinyusb/src/class/cdc/cdc_device.c.obj
                0x10006448                tud_cdc_n_write
 .text.tud_cdc_n_write_available
                0x10006488       0x14 CMakeFiles/ounce_master.dir/Z_/Code/Github/Ounce/Hardware/pico-sdk/lib/tinyusb/src/class/cdc/cdc_device.c.obj
                0x10006488                tud_cdc_n_write_available
 .text.cdcd_init
                0x1000649c       0x70 CMakeFiles/ounce_master.dir/Z_/Code/Github/Ounce/Hardware/pico-sdk/lib/tinyusb/src/class/cdc/cdc_device.c.obj
                0x1000649c                cdcd_init
 .text.cdcd_deinit
                0x1000650c       0x34 CMakeFiles/ounce_master.dir/Z_/Code/Github/Ounce/Hardware/pico-sdk/lib/tinyusb/src/class/cdc/cdc_device.c.obj
                0x1000650c                cdcd_deinit
 .text.cdcd_reset
                0x10006540       0x4c CMakeFiles/ounce_master.dir/Z_/Code/Github/Ounce/Hardware/pico-sdk/lib/tinyusb/src/class/cdc/cdc_device.c.obj
                0x10006540                cdcd_reset
 .text.cdcd_open
                0x1000658c       0xa8 CMakeFiles/ounce_master.dir/Z_/Code/Github/Ounce/Hardware/pico-sdk/lib/tinyusb/src/class/cdc/cdc_device.c.obj
                0x1000658c                cdcd_open
 .text.cdcd_control_xfer_cb
                0x10006634       0xe8 CMakeFiles/ounce_master.dir/Z_/Code/Github/Ounce/Hardware/pico-sdk/lib/tinyusb/src/class/cdc/cdc_device.c.obj
                0x10006634                cdcd_control_xfer_cb
 .text.cdcd_xfer_cb
                0x1000671c      0x100 CMakeFiles/ounce_master.dir/Z_/Code/Github/Ounce/Hardware/pico-sdk/lib/tinyusb/src/class/cdc/cdc_device.c.obj
                0x1000671c                cdcd_xfer_cb
 .text.tusb_rhport_init
                0x1000681c       0x48 CMakeFiles/ounce_master.dir/Z_/Code/Github/Ounce/Hardware/pico-sdk/lib/tinyusb/src/tusb.c.obj
                0x1000681c                tusb_rhport_init
 .text.tu_edpt_claim
                0x10006864       0x50 CMakeFiles/ounce_master.dir/Z_/Code/Github/Ounce/Hardware/pico-sdk/lib/tinyusb/src/tusb.c.obj
                0x10006864                tu_edpt_claim
 .text.tu_edpt_release
                0x100068b4       0x38 CMakeFiles/ounce_master.dir/Z_/Code/Github/Ounce/Hardware/pico-sdk/lib/tinyusb/src/tusb.c.obj
                0x100068b4                tu_edpt_release
 .text.tu_edpt_validate
                0x100068ec       0x7c CMakeFiles/ounce_master.dir/Z_/Code/Github/Ounce/Hardware/pico-sdk/lib/tinyusb/src/tusb.c.obj
                0x100068ec                tu_edpt_validate
 .text.tu_edpt_bind_driver
                0x10006968       0x34 CMakeFiles/ounce_master.dir/Z_/Code/Github/Ounce/Hardware/pico-sdk/lib/tinyusb/src/tusb.c.obj
                0x10006968                tu_edpt_bind_driver
 .text.tu_fifo_config
                0x1000699c       0x6c CMakeFiles/ounce_master.dir/Z_/Code/Github/Ounce/Hardware/pico-sdk/lib/tinyusb/src/common/tusb_fifo.c.obj
                0x1000699c                tu_fifo_config
 .text.tu_fifo_count
                0x10006a08       0x2c CMakeFiles/ounce_master.dir/Z_/Code/Github/Ounce/Hardware/pico-sdk/lib/tinyusb/src/common/tusb_fifo.c.obj
                0x10006a08                tu_fifo_count
 .text.tu_fifo_empty
                0x10006a34       0x10 CMakeFiles/ounce_master.dir/Z_/Code/Github/Ounce/Hardware/pico-sdk/lib/tinyusb/src/common/tusb_fifo.c.obj
                0x10006a34                tu_fifo_empty
 .text.tu_fifo_remaining
                0x10006a44       0x2c CMakeFiles/ounce_master.dir/Z_/Code/Github/Ounce/Hardware/pico-sdk/lib/tinyusb/src/common/tusb_fifo.c.obj
                0x10006a44                tu_fifo_remaining
 .text.tu_fifo_read
                0x10006a70       0x9c CMakeFiles/ounce_master.dir/Z_/Code/Github/Ounce/Hardware/pico-sdk/lib/tinyusb/src/common/tusb_fifo.c.obj
                0x10006a70                tu_fifo_read
 .text.tu_fifo_read_n
                0x10006b0c       0xe8 CMakeFiles/ounce_master.dir/Z_/Code/Github/Ounce/Hardware/pico-sdk/lib/tinyusb/src/common/tusb_fifo.c.obj
                0x10006b0c                tu_fifo_read_n
 .text.tu_fifo_write
                0x10006bf4       0xa8 CMakeFiles/ounce_master.dir/Z_/Code/Github/Ounce/Hardware/pico-sdk/lib/tinyusb/src/common/tusb_fifo.c.obj
                0x10006bf4                tu_fifo_write
 .text.tu_fifo_write_n
                0x10006c9c      0x178 CMakeFiles/ounce_master.dir/Z_/Code/Github/Ounce/Hardware/pico-sdk/lib/tinyusb/src/common/tusb_fifo.c.obj
                0x10006c9c                tu_fifo_write_n
 .text.tu_fifo_clear
                0x10006e14       0x40 CMakeFiles/ounce_master.dir/Z_/Code/Github/Ounce/Hardware/pico-sdk/lib/tinyusb/src/common/tusb_fifo.c.obj
                0x10006e14                tu_fifo_clear
 .text.tu_fifo_set_overwritable
                0x10006e54       0x48 CMakeFiles/ounce_master.dir/Z_/Code/Github/Ounce/Hardware/pico-sdk/lib/tinyusb/src/common/tusb_fifo.c.obj
                0x10006e54                tu_fifo_set_overwritable
 .text.spi_init
                0x10006e9c      0x140 CMakeFiles/ounce_master.dir/Z_/Code/Github/Ounce/Hardware/pico-sdk/src/rp2_common/hardware_spi/spi.c.obj
                0x10006e9c                spi_init
 .text.__malloc_lock
                0x10006fdc       0x10 C:/PROGRA~2/ARMGNU~1/133167~1.3RE/bin/../lib/gcc/arm-none-eabi/13.3.1/thumb/v6-m/nofp\libg.a(libc_a-mlock.o)
                0x10006fdc                __malloc_lock
 .text.__malloc_unlock
                0x10006fec       0x10 C:/PROGRA~2/ARMGNU~1/133167~1.3RE/bin/../lib/gcc/arm-none-eabi/13.3.1/thumb/v6-m/nofp\libg.a(libc_a-mlock.o)
                0x10006fec                __malloc_unlock
 .text.__sflush_r
                0x10006ffc      0x148 C:/PROGRA~2/ARMGNU~1/133167~1.3RE/bin/../lib/gcc/arm-none-eabi/13.3.1/thumb/v6-m/nofp\libg.a(libc_a-fflush.o)
                0x10006ffc                __sflush_r
 .text._fflush_r
                0x10007144       0x68 C:/PROGRA~2/ARMGNU~1/133167~1.3RE/bin/../lib/gcc/arm-none-eabi/13.3.1/thumb/v6-m/nofp\libg.a(libc_a-fflush.o)
                0x10007144                _fflush_r
 .text.fflush   0x100071ac       0x7c C:/PROGRA~2/ARMGNU~1/133167~1.3RE/bin/../lib/gcc/arm-none-eabi/13.3.1/thumb/v6-m/nofp\libg.a(libc_a-fflush.o)
                0x100071ac                fflush
 .text.stdio_exit_handler
                0x10007228       0x1c C:/PROGRA~2/ARMGNU~1/133167~1.3RE/bin/../lib/gcc/arm-none-eabi/13.3.1/thumb/v6-m/nofp\libg.a(libc_a-findfp.o)
 .text.cleanup_stdio
                0x10007244       0x3c C:/PROGRA~2/ARMGNU~1/133167~1.3RE/bin/../lib/gcc/arm-none-eabi/13.3.1/thumb/v6-m/nofp\libg.a(libc_a-findfp.o)
 .text.global_stdio_init.part.0
                0x10007280      0x118 C:/PROGRA~2/ARMGNU~1/133167~1.3RE/bin/../lib/gcc/arm-none-eabi/13.3.1/thumb/v6-m/nofp\libg.a(libc_a-findfp.o)
 .text.__sinit  0x10007398       0x38 C:/PROGRA~2/ARMGNU~1/133167~1.3RE/bin/../lib/gcc/arm-none-eabi/13.3.1/thumb/v6-m/nofp\libg.a(libc_a-findfp.o)
                0x10007398                __sinit
 .text.__sfp_lock_acquire
                0x100073d0       0x10 C:/PROGRA~2/ARMGNU~1/133167~1.3RE/bin/../lib/gcc/arm-none-eabi/13.3.1/thumb/v6-m/nofp\libg.a(libc_a-findfp.o)
                0x100073d0                __sfp_lock_acquire
 .text.__sfp_lock_release
                0x100073e0       0x10 C:/PROGRA~2/ARMGNU~1/133167~1.3RE/bin/../lib/gcc/arm-none-eabi/13.3.1/thumb/v6-m/nofp\libg.a(libc_a-findfp.o)
                0x100073e0                __sfp_lock_release
 .text._fwalk_sglue
                0x100073f0       0x44 C:/PROGRA~2/ARMGNU~1/133167~1.3RE/bin/../lib/gcc/arm-none-eabi/13.3.1/thumb/v6-m/nofp\libg.a(libc_a-fwalk.o)
                0x100073f0                _fwalk_sglue
 .text.__sread  0x10007434       0x28 C:/PROGRA~2/ARMGNU~1/133167~1.3RE/bin/../lib/gcc/arm-none-eabi/13.3.1/thumb/v6-m/nofp\libg.a(libc_a-stdio.o)
                0x10007434                __sread
 .text.__swrite
                0x1000745c       0x40 C:/PROGRA~2/ARMGNU~1/133167~1.3RE/bin/../lib/gcc/arm-none-eabi/13.3.1/thumb/v6-m/nofp\libg.a(libc_a-stdio.o)
                0x1000745c                __swrite
 .text.__sseek  0x1000749c       0x30 C:/PROGRA~2/ARMGNU~1/133167~1.3RE/bin/../lib/gcc/arm-none-eabi/13.3.1/thumb/v6-m/nofp\libg.a(libc_a-stdio.o)
                0x1000749c                __sseek
 .text.__sclose
                0x100074cc        0xc C:/PROGRA~2/ARMGNU~1/133167~1.3RE/bin/../lib/gcc/arm-none-eabi/13.3.1/thumb/v6-m/nofp\libg.a(libc_a-stdio.o)
                0x100074cc                __sclose
 .text._close_r
                0x100074d8       0x24 C:/PROGRA~2/ARMGNU~1/133167~1.3RE/bin/../lib/gcc/arm-none-eabi/13.3.1/thumb/v6-m/nofp\libg.a(libc_a-closer.o)
                0x100074d8                _close_r
 .text._lseek_r
                0x100074fc       0x28 C:/PROGRA~2/ARMGNU~1/133167~1.3RE/bin/../lib/gcc/arm-none-eabi/13.3.1/thumb/v6-m/nofp\libg.a(libc_a-lseekr.o)
                0x100074fc                _lseek_r
 .text._read_r  0x10007524       0x28 C:/PROGRA~2/ARMGNU~1/133167~1.3RE/bin/../lib/gcc/arm-none-eabi/13.3.1/thumb/v6-m/nofp\libg.a(libc_a-readr.o)
                0x10007524                _read_r
 .text._sbrk_r  0x1000754c       0x24 C:/PROGRA~2/ARMGNU~1/133167~1.3RE/bin/../lib/gcc/arm-none-eabi/13.3.1/thumb/v6-m/nofp\libg.a(libc_a-sbrkr.o)
                0x1000754c                _sbrk_r
 .text._write_r
                0x10007570       0x28 C:/PROGRA~2/ARMGNU~1/133167~1.3RE/bin/../lib/gcc/arm-none-eabi/13.3.1/thumb/v6-m/nofp\libg.a(libc_a-writer.o)
                0x10007570                _write_r
 .text.__errno  0x10007598        0xc C:/PROGRA~2/ARMGNU~1/133167~1.3RE/bin/../lib/gcc/arm-none-eabi/13.3.1/thumb/v6-m/nofp\libg.a(libc_a-errno.o)
                0x10007598                __errno
 .text.__retarget_lock_init_recursive
                0x100075a4        0x4 C:/PROGRA~2/ARMGNU~1/133167~1.3RE/bin/../lib/gcc/arm-none-eabi/13.3.1/thumb/v6-m/nofp\libg.a(libc_a-lock.o)
                0x100075a4                __retarget_lock_init_recursive
 .text.__retarget_lock_close_recursive
                0x100075a8        0x4 C:/PROGRA~2/ARMGNU~1/133167~1.3RE/bin/../lib/gcc/arm-none-eabi/13.3.1/thumb/v6-m/nofp\libg.a(libc_a-lock.o)
                0x100075a8                __retarget_lock_close_recursive
 .text.__retarget_lock_acquire_recursive
                0x100075ac        0x4 C:/PROGRA~2/ARMGNU~1/133167~1.3RE/bin/../lib/gcc/arm-none-eabi/13.3.1/thumb/v6-m/nofp\libg.a(libc_a-lock.o)
                0x100075ac                __retarget_lock_acquire_recursive
 .text.__retarget_lock_release_recursive
                0x100075b0        0x4 C:/PROGRA~2/ARMGNU~1/133167~1.3RE/bin/../lib/gcc/arm-none-eabi/13.3.1/thumb/v6-m/nofp\libg.a(libc_a-lock.o)
                0x100075b0                __retarget_lock_release_recursive
 .text.sysconf  0x100075b4       0x1c C:/PROGRA~2/ARMGNU~1/133167~1.3RE/bin/../lib/gcc/arm-none-eabi/13.3.1/thumb/v6-m/nofp\libg.a(libc_a-sysconf.o)
                0x100075b4                sysconf
 .text.strlen   0x100075d0       0x5c C:/PROGRA~2/ARMGNU~1/133167~1.3RE/bin/../lib/gcc/arm-none-eabi/13.3.1/thumb/v6-m/nofp\libg.a(libc_a-strlen-stub.o)
                0x100075d0                strlen
 .text._malloc_trim_r
                0x1000762c       0xb4 C:/PROGRA~2/ARMGNU~1/133167~1.3RE/bin/../lib/gcc/arm-none-eabi/13.3.1/thumb/v6-m/nofp\libg.a(libc_a-freer.o)
                0x1000762c                _malloc_trim_r
 .text._free_r  0x100076e0      0x1d4 C:/PROGRA~2/ARMGNU~1/133167~1.3RE/bin/../lib/gcc/arm-none-eabi/13.3.1/thumb/v6-m/nofp\libg.a(libc_a-freer.o)
                0x100076e0                _free_r
 .text._fclose_r
                0x100078b4       0xd0 C:/PROGRA~2/ARMGNU~1/133167~1.3RE/bin/../lib/gcc/arm-none-eabi/13.3.1/thumb/v6-m/nofp\libg.a(libc_a-fclose.o)
                0x100078b4                _fclose_r
 *fill*         0x10007984        0x4 
 .text._fclose_r.__stub
                0x10007988       0xd0 linker stubs
 *(.fini)
 *crtbegin.o(.ctors)
 *crtbegin?.o(.ctors)
 *(EXCLUDE_FILE(*crtend.o *crtend?.o) .ctors)
 *(SORT_BY_NAME(.ctors.*))
 *(.ctors)
 *crtbegin.o(.dtors)
 *crtbegin?.o(.dtors)
 *(EXCLUDE_FILE(*crtend.o *crtend?.o) .dtors)
 *(SORT_BY_NAME(.dtors.*))
 *(.dtors)
                0x10007a58                        . = ALIGN (0x4)
                [!provide]                        PROVIDE (__bothinit_array_start = .)
                0x10007a58                        PROVIDE (__preinit_array_start = .)
 *(SORT_BY_NAME(.preinit_array.*))
 .preinit_array.00100
                0x10007a58        0x4 CMakeFiles/ounce_master.dir/Z_/Code/Github/Ounce/Hardware/pico-sdk/src/rp2_common/pico_runtime_init/runtime_init.c.obj
                0x10007a58                __pre_init_runtime_init_early_resets
 .preinit_array.00101
                0x10007a5c        0x4 CMakeFiles/ounce_master.dir/Z_/Code/Github/Ounce/Hardware/pico-sdk/src/rp2_common/pico_runtime_init/runtime_init.c.obj
                0x10007a5c                __pre_init_runtime_init_usb_power_down
 .preinit_array.00275
                0x10007a60        0x4 CMakeFiles/ounce_master.dir/Z_/Code/Github/Ounce/Hardware/pico-sdk/src/rp2_common/pico_bit_ops/bit_ops_aeabi.S.obj
 .preinit_array.00300
                0x10007a64        0x4 CMakeFiles/ounce_master.dir/Z_/Code/Github/Ounce/Hardware/pico-sdk/src/rp2_common/pico_mem_ops/mem_ops_aeabi.S.obj
 .preinit_array.00350
                0x10007a68        0x4 CMakeFiles/ounce_master.dir/Z_/Code/Github/Ounce/Hardware/pico-sdk/src/rp2_common/pico_double/double_aeabi_rp2040.S.obj
 .preinit_array.00350
                0x10007a6c        0x4 CMakeFiles/ounce_master.dir/Z_/Code/Github/Ounce/Hardware/pico-sdk/src/rp2_common/pico_float/float_aeabi_rp2040.S.obj
 .preinit_array.00500
                0x10007a70        0x4 CMakeFiles/ounce_master.dir/Z_/Code/Github/Ounce/Hardware/pico-sdk/src/rp2_common/pico_runtime_init/runtime_init.c.obj
                0x10007a70                __pre_init_runtime_init_clocks
 .preinit_array.00600
                0x10007a74        0x4 CMakeFiles/ounce_master.dir/Z_/Code/Github/Ounce/Hardware/pico-sdk/src/rp2_common/pico_runtime_init/runtime_init.c.obj
                0x10007a74                __pre_init_runtime_init_post_clock_resets
 .preinit_array.00700
                0x10007a78        0x4 CMakeFiles/ounce_master.dir/Z_/Code/Github/Ounce/Hardware/pico-sdk/src/rp2_common/pico_runtime_init/runtime_init.c.obj
                0x10007a78                __pre_init_runtime_init_rp2040_gpio_ie_disable
 .preinit_array.01000
                0x10007a7c        0x4 CMakeFiles/ounce_master.dir/Z_/Code/Github/Ounce/Hardware/pico-sdk/src/rp2_common/pico_runtime_init/runtime_init.c.obj
                0x10007a7c                __pre_init_runtime_init_spin_locks_reset
 .preinit_array.01100
                0x10007a80        0x4 CMakeFiles/ounce_master.dir/Z_/Code/Github/Ounce/Hardware/pico-sdk/src/common/pico_sync/mutex.c.obj
                0x10007a80                __pre_init_runtime_init_mutex
 .preinit_array.10080
                0x10007a84        0x4 CMakeFiles/ounce_master.dir/Z_/Code/Github/Ounce/Hardware/pico-sdk/src/rp2_common/pico_runtime_init/runtime_init.c.obj
                0x10007a84                __pre_init_runtime_init_install_ram_vector_table
 .preinit_array.11000
                0x10007a88        0x4 CMakeFiles/ounce_master.dir/Z_/Code/Github/Ounce/Hardware/pico-sdk/src/common/pico_time/time.c.obj
                0x10007a88                __pre_init_runtime_init_default_alarm_pool
 .preinit_array.YYYYY
                0x10007a8c        0x4 CMakeFiles/ounce_master.dir/Z_/Code/Github/Ounce/Hardware/pico-sdk/src/rp2_common/pico_runtime/runtime.c.obj
                0x10007a8c                __pre_init_first_per_core_initializer
 .preinit_array.ZZZZZ.01200
                0x10007a90        0x4 CMakeFiles/ounce_master.dir/Z_/Code/Github/Ounce/Hardware/pico-sdk/src/rp2_common/hardware_irq/irq.c.obj
                0x10007a90                __pre_init_runtime_init_per_core_irq_priorities
 *(.preinit_array)
                0x10007a94                        PROVIDE (__preinit_array_end = .)
                0x10007a94                        . = ALIGN (0x4)
                0x10007a94                        PROVIDE (__init_array_start = .)
 *(SORT_BY_NAME(.init_array.*))
 .init_array.01000
                0x10007a94        0x4 CMakeFiles/ounce_master.dir/Z_/Code/Github/Ounce/Hardware/pico-sdk/src/rp2_common/pico_unique_id/unique_id.c.obj
 *(.init_array)
                0x10007a98                        PROVIDE (__init_array_end = .)
                [!provide]                        PROVIDE (__bothinit_array_end = .)
                0x10007a98                        . = ALIGN (0x4)
                [!provide]                        PROVIDE (__fini_array_start = .)
 *(SORT_BY_NAME(.fini_array.*))
 *(.fini_array)
                [!provide]                        PROVIDE (__fini_array_end = .)
                [!provide]                        PROVIDE (__dso_handle = 0x0)
 *(.eh_frame*)
                0x10007a98                        . = ALIGN (0x4)

.glue_7         0x10007a98        0x0
 .glue_7        0x10007a98        0x0 linker stubs

.glue_7t        0x10007a98        0x0
 .glue_7t       0x10007a98        0x0 linker stubs

.vfp11_veneer   0x10007a98        0x0
 .vfp11_veneer  0x10007a98        0x0 linker stubs

.v4_bx          0x10007a98        0x0
 .v4_bx         0x10007a98        0x0 linker stubs

.iplt           0x10007a98        0x0
 .iplt          0x10007a98        0x0 CMakeFiles/ounce_master.dir/src/main.cpp.obj

.rodata         0x10007a98      0x6dc
 *(EXCLUDE_FILE(*libm.a: *lib*_a-mem*.o *libc.a: *libgcc.a:) .rodata*)
 .rodata.main.str1.4
                0x10007a98      0x228 CMakeFiles/ounce_master.dir/src/main.cpp.obj
                                 0xb8 (size before relaxing)
 .rodata.CS_PINS
                0x10007cc0       0x10 CMakeFiles/ounce_master.dir/src/spi_master.cpp.obj
                0x10007cc0                CS_PINS
 .rodata        0x10007cd0       0x14 CMakeFiles/ounce_master.dir/src/spi_master.cpp.obj
 .rodata.panic.str1.4
                0x10007ce4       0x11 CMakeFiles/ounce_master.dir/Z_/Code/Github/Ounce/Hardware/pico-sdk/src/rp2_common/pico_platform_panic/panic.c.obj
 .rodata.spin_lock_claim_unused.str1.4
                0x10007ce4       0x1b CMakeFiles/ounce_master.dir/Z_/Code/Github/Ounce/Hardware/pico-sdk/src/rp2_common/hardware_sync/sync.c.obj
 .rodata.user_irq_claim_unused.str1.4
                0x10007ce4       0x1b CMakeFiles/ounce_master.dir/Z_/Code/Github/Ounce/Hardware/pico-sdk/src/rp2_common/hardware_irq/irq.c.obj
 *fill*         0x10007ce4        0x4 
 .rodata.at_the_end_of_time
                0x10007ce8        0x8 CMakeFiles/ounce_master.dir/Z_/Code/Github/Ounce/Hardware/pico-sdk/src/common/pico_time/time.c.obj
                0x10007ce8                at_the_end_of_time
 .rodata.timer_hardware_alarm_claim.str1.4
                0x10007cf0       0x22 CMakeFiles/ounce_master.dir/Z_/Code/Github/Ounce/Hardware/pico-sdk/src/rp2_common/hardware_timer/timer.c.obj
 .rodata.hard_assertion_failure.str1.4
                0x10007cf0        0xc CMakeFiles/ounce_master.dir/Z_/Code/Github/Ounce/Hardware/pico-sdk/src/rp2_common/pico_runtime/runtime.c.obj
 .rodata.str1.4
                0x10007cf0       0x44 CMakeFiles/ounce_master.dir/Z_/Code/Github/Ounce/Hardware/pico-sdk/src/rp2_common/pico_standard_binary_info/standard_binary_info.c.obj
 .rodata.__bi_84
                0x10007cf0        0xc CMakeFiles/ounce_master.dir/Z_/Code/Github/Ounce/Hardware/pico-sdk/src/rp2_common/pico_standard_binary_info/standard_binary_info.c.obj
 .rodata.__bi_78
                0x10007cfc        0xc CMakeFiles/ounce_master.dir/Z_/Code/Github/Ounce/Hardware/pico-sdk/src/rp2_common/pico_standard_binary_info/standard_binary_info.c.obj
 .rodata.__bi_54
                0x10007d08        0xc CMakeFiles/ounce_master.dir/Z_/Code/Github/Ounce/Hardware/pico-sdk/src/rp2_common/pico_standard_binary_info/standard_binary_info.c.obj
 .rodata.__bi_48
                0x10007d14        0xc CMakeFiles/ounce_master.dir/Z_/Code/Github/Ounce/Hardware/pico-sdk/src/rp2_common/pico_standard_binary_info/standard_binary_info.c.obj
 .rodata.__bi_42
                0x10007d20        0xc CMakeFiles/ounce_master.dir/Z_/Code/Github/Ounce/Hardware/pico-sdk/src/rp2_common/pico_standard_binary_info/standard_binary_info.c.obj
 .rodata.__bi_34
                0x10007d2c        0xc CMakeFiles/ounce_master.dir/Z_/Code/Github/Ounce/Hardware/pico-sdk/src/rp2_common/pico_standard_binary_info/standard_binary_info.c.obj
 .rodata.__bi_26
                0x10007d38        0xc CMakeFiles/ounce_master.dir/Z_/Code/Github/Ounce/Hardware/pico-sdk/src/rp2_common/pico_standard_binary_info/standard_binary_info.c.obj
 .rodata._ftoa.str1.4
                0x10007d44       0x15 CMakeFiles/ounce_master.dir/Z_/Code/Github/Ounce/Hardware/pico-sdk/src/rp2_common/pico_printf/printf.c.obj
 .rodata._vsnprintf
                0x10007d44      0x19c CMakeFiles/ounce_master.dir/Z_/Code/Github/Ounce/Hardware/pico-sdk/src/rp2_common/pico_printf/printf.c.obj
 .rodata.pow10.0
                0x10007ee0       0x50 CMakeFiles/ounce_master.dir/Z_/Code/Github/Ounce/Hardware/pico-sdk/src/rp2_common/pico_printf/printf.c.obj
 .rodata.crlf_str.0
                0x10007f30        0x2 CMakeFiles/ounce_master.dir/Z_/Code/Github/Ounce/Hardware/pico-sdk/src/rp2_common/pico_stdio/stdio.c.obj
 .rodata.str1.4
                0x10007f32       0x13 CMakeFiles/ounce_master.dir/Z_/Code/Github/Ounce/Hardware/pico-sdk/src/rp2_common/pico_stdio_usb/stdio_usb.c.obj
 *fill*         0x10007f32        0x2 
 .rodata.__bi_204.0
                0x10007f34        0xc CMakeFiles/ounce_master.dir/Z_/Code/Github/Ounce/Hardware/pico-sdk/src/rp2_common/pico_stdio_usb/stdio_usb.c.obj
 .rodata.str1.4
                0x10007f40       0x2a CMakeFiles/ounce_master.dir/Z_/Code/Github/Ounce/Hardware/pico-sdk/src/rp2_common/pico_stdio_usb/stdio_usb_descriptors.c.obj
 .rodata.usbd_desc_str
                0x10007f40       0x18 CMakeFiles/ounce_master.dir/Z_/Code/Github/Ounce/Hardware/pico-sdk/src/rp2_common/pico_stdio_usb/stdio_usb_descriptors.c.obj
 .rodata.usbd_desc_cfg
                0x10007f58       0x54 CMakeFiles/ounce_master.dir/Z_/Code/Github/Ounce/Hardware/pico-sdk/src/rp2_common/pico_stdio_usb/stdio_usb_descriptors.c.obj
 .rodata.usbd_desc_device
                0x10007fac       0x12 CMakeFiles/ounce_master.dir/Z_/Code/Github/Ounce/Hardware/pico-sdk/src/rp2_common/pico_stdio_usb/stdio_usb_descriptors.c.obj
 *fill*         0x10007fbe        0x2 
 .rodata.desc_ms_os_20
                0x10007fc0       0xa6 CMakeFiles/ounce_master.dir/Z_/Code/Github/Ounce/Hardware/pico-sdk/src/rp2_common/pico_usb_reset/usb_reset.c.obj
 *fill*         0x10008066        0x2 
 .rodata.desc_bos
                0x10008068       0x21 CMakeFiles/ounce_master.dir/Z_/Code/Github/Ounce/Hardware/pico-sdk/src/rp2_common/pico_usb_reset/usb_reset.c.obj
                0x10008068                desc_bos
 *fill*         0x10008089        0x3 
 .rodata.usb_reset_interface_driver
                0x1000808c       0x20 CMakeFiles/ounce_master.dir/Z_/Code/Github/Ounce/Hardware/pico-sdk/src/rp2_common/pico_usb_reset/usb_reset.c.obj
 .rodata.str1.4
                0x100080ac       0x14 CMakeFiles/ounce_master.dir/Z_/Code/Github/Ounce/Hardware/pico-sdk/lib/tinyusb/src/portable/raspberrypi/rp2040/dcd_rp2040.c.obj
 .rodata.str1.4
                0x100080ac       0x48 CMakeFiles/ounce_master.dir/Z_/Code/Github/Ounce/Hardware/pico-sdk/lib/tinyusb/src/portable/raspberrypi/rp2040/rp2040_usb.c.obj
 .rodata.tud_task_ext
                0x100080ac       0x8c CMakeFiles/ounce_master.dir/Z_/Code/Github/Ounce/Hardware/pico-sdk/lib/tinyusb/src/device/usbd.c.obj
 .rodata        0x10008138       0x1c CMakeFiles/ounce_master.dir/Z_/Code/Github/Ounce/Hardware/pico-sdk/lib/tinyusb/src/device/usbd.c.obj
 .rodata._usbd_driver
                0x10008154       0x20 CMakeFiles/ounce_master.dir/Z_/Code/Github/Ounce/Hardware/pico-sdk/lib/tinyusb/src/device/usbd.c.obj
 *(.srodata*)
                0x10008174                        . = ALIGN (0x4)
 *(SORT_BY_ALIGNMENT(SORT_BY_NAME(.flashdata*)))
                0x10008174                        . = ALIGN (0x4)

.ARM.extab
 *(.ARM.extab* .gnu.linkonce.armextab.*)
                0x10008174                        __exidx_start = .

.ARM.exidx
 *(.ARM.exidx* .gnu.linkonce.armexidx.*)
                0x10008174                        __exidx_end = .
                0x10008174                        . = ALIGN (0x4)
                0x10008174                        __binary_info_start = .

.binary_info    0x10008174       0x20
 *(.binary_info.keep.*)
 .binary_info.keep.__bi_ptr84
                0x10008174        0x4 CMakeFiles/ounce_master.dir/Z_/Code/Github/Ounce/Hardware/pico-sdk/src/rp2_common/pico_standard_binary_info/standard_binary_info.c.obj
 .binary_info.keep.__bi_ptr78
                0x10008178        0x4 CMakeFiles/ounce_master.dir/Z_/Code/Github/Ounce/Hardware/pico-sdk/src/rp2_common/pico_standard_binary_info/standard_binary_info.c.obj
 .binary_info.keep.__bi_ptr54
                0x1000817c        0x4 CMakeFiles/ounce_master.dir/Z_/Code/Github/Ounce/Hardware/pico-sdk/src/rp2_common/pico_standard_binary_info/standard_binary_info.c.obj
 .binary_info.keep.__bi_ptr48
                0x10008180        0x4 CMakeFiles/ounce_master.dir/Z_/Code/Github/Ounce/Hardware/pico-sdk/src/rp2_common/pico_standard_binary_info/standard_binary_info.c.obj
 .binary_info.keep.__bi_ptr42
                0x10008184        0x4 CMakeFiles/ounce_master.dir/Z_/Code/Github/Ounce/Hardware/pico-sdk/src/rp2_common/pico_standard_binary_info/standard_binary_info.c.obj
 .binary_info.keep.__bi_ptr34
                0x10008188        0x4 CMakeFiles/ounce_master.dir/Z_/Code/Github/Ounce/Hardware/pico-sdk/src/rp2_common/pico_standard_binary_info/standard_binary_info.c.obj
 .binary_info.keep.__bi_ptr26
                0x1000818c        0x4 CMakeFiles/ounce_master.dir/Z_/Code/Github/Ounce/Hardware/pico-sdk/src/rp2_common/pico_standard_binary_info/standard_binary_info.c.obj
 *(.binary_info.*)
 .binary_info.__bi_ptr204
                0x10008190        0x4 CMakeFiles/ounce_master.dir/Z_/Code/Github/Ounce/Hardware/pico-sdk/src/rp2_common/pico_stdio_usb/stdio_usb.c.obj
                0x10008194                        __binary_info_end = .
                0x10008194                        . = ALIGN (0x4)

.xip_ram        0x15000000        0x0 load address 0x10008194
                0x15000000                        __xip_ram_start__ = .
                0x15000000                        . = ALIGN (0x4)
 *(.xip_ram*)
                0x15000000                        . = ALIGN (0x4)
                0x15000000                        __xip_ram_end__ = .
                0x10008194                        __xip_ram_source__ = LOADADDR (.xip_ram)

.ram_vector_table
                0x20000000       0xc0
 *(.ram_vector_table)
 .ram_vector_table
                0x20000000       0xc0 CMakeFiles/ounce_master.dir/Z_/Code/Github/Ounce/Hardware/pico-sdk/src/rp2_common/pico_runtime_init/runtime_init.c.obj
                0x20000000                ram_vector_table

.uninitialized_data
                0x200000c0        0x0
                0x200000c0                        . = ALIGN (0x4)
 *(.uninitialized_data*)

.data           0x200000c0     0x1550 load address 0x10008194
                0x200000c0                        __data_start__ = .
 *(vtable)
 *(.time_critical*)
 .time_critical.mutex_try_enter
                0x200000c0       0x40 CMakeFiles/ounce_master.dir/Z_/Code/Github/Ounce/Hardware/pico-sdk/src/common/pico_sync/mutex.c.obj
                0x200000c0                mutex_try_enter
 .time_critical.mutex_enter_block_until
                0x20000100       0x74 CMakeFiles/ounce_master.dir/Z_/Code/Github/Ounce/Hardware/pico-sdk/src/common/pico_sync/mutex.c.obj
                0x20000100                mutex_enter_block_until
 .time_critical.mutex_try_enter_block_until
                0x20000174       0x34 CMakeFiles/ounce_master.dir/Z_/Code/Github/Ounce/Hardware/pico-sdk/src/common/pico_sync/mutex.c.obj
                0x20000174                mutex_try_enter_block_until
 .time_critical.mutex_enter_timeout_ms
                0x200001a8       0x40 CMakeFiles/ounce_master.dir/Z_/Code/Github/Ounce/Hardware/pico-sdk/src/common/pico_sync/mutex.c.obj
                0x200001a8                mutex_enter_timeout_ms
 .time_critical.mutex_exit
                0x200001e8       0x28 CMakeFiles/ounce_master.dir/Z_/Code/Github/Ounce/Hardware/pico-sdk/src/common/pico_sync/mutex.c.obj
                0x200001e8                mutex_exit
 .time_critical.flash_init_boot2_copyout
                0x20000210       0x30 CMakeFiles/ounce_master.dir/Z_/Code/Github/Ounce/Hardware/pico-sdk/src/rp2_common/hardware_flash/flash.c.obj
 .time_critical.flash_enable_xip_via_boot2
                0x20000240        0xc CMakeFiles/ounce_master.dir/Z_/Code/Github/Ounce/Hardware/pico-sdk/src/rp2_common/hardware_flash/flash.c.obj
 .time_critical.flash_save_hardware_state
                0x2000024c       0x28 CMakeFiles/ounce_master.dir/Z_/Code/Github/Ounce/Hardware/pico-sdk/src/rp2_common/hardware_flash/flash.c.obj
 .time_critical.flash_restore_hardware_state
                0x20000274       0x28 CMakeFiles/ounce_master.dir/Z_/Code/Github/Ounce/Hardware/pico-sdk/src/rp2_common/hardware_flash/flash.c.obj
 .time_critical.flash_do_cmd_cs
                0x2000029c       0xf4 CMakeFiles/ounce_master.dir/Z_/Code/Github/Ounce/Hardware/pico-sdk/src/rp2_common/hardware_flash/flash.c.obj
                0x2000029c                flash_do_cmd_cs
 .time_critical.reset_non_control_endpoints
                0x20000390       0x68 CMakeFiles/ounce_master.dir/Z_/Code/Github/Ounce/Hardware/pico-sdk/lib/tinyusb/src/portable/raspberrypi/rp2040/dcd_rp2040.c.obj
 .time_critical.hw_handle_buff_status
                0x200003f8       0xa0 CMakeFiles/ounce_master.dir/Z_/Code/Github/Ounce/Hardware/pico-sdk/lib/tinyusb/src/portable/raspberrypi/rp2040/dcd_rp2040.c.obj
 .time_critical.dcd_rp2040_irq
                0x20000498      0x544 CMakeFiles/ounce_master.dir/Z_/Code/Github/Ounce/Hardware/pico-sdk/lib/tinyusb/src/portable/raspberrypi/rp2040/dcd_rp2040.c.obj
 .time_critical.prepare_ep_buffer
                0x200009dc       0xe0 CMakeFiles/ounce_master.dir/Z_/Code/Github/Ounce/Hardware/pico-sdk/lib/tinyusb/src/portable/raspberrypi/rp2040/rp2040_usb.c.obj
 .time_critical.sync_ep_buffer
                0x20000abc       0xa8 CMakeFiles/ounce_master.dir/Z_/Code/Github/Ounce/Hardware/pico-sdk/lib/tinyusb/src/portable/raspberrypi/rp2040/rp2040_usb.c.obj
 .time_critical._hw_endpoint_xfer_sync
                0x20000b64       0x28 CMakeFiles/ounce_master.dir/Z_/Code/Github/Ounce/Hardware/pico-sdk/lib/tinyusb/src/portable/raspberrypi/rp2040/rp2040_usb.c.obj
 .time_critical.e15_is_bulkin_ep
                0x20000b8c       0x28 CMakeFiles/ounce_master.dir/Z_/Code/Github/Ounce/Hardware/pico-sdk/lib/tinyusb/src/portable/raspberrypi/rp2040/rp2040_usb.c.obj
 .time_critical.e15_is_critical_frame_period
                0x20000bb4       0x34 CMakeFiles/ounce_master.dir/Z_/Code/Github/Ounce/Hardware/pico-sdk/lib/tinyusb/src/portable/raspberrypi/rp2040/rp2040_usb.c.obj
 .time_critical.hw_endpoint_reset_transfer
                0x20000be8        0xc CMakeFiles/ounce_master.dir/Z_/Code/Github/Ounce/Hardware/pico-sdk/lib/tinyusb/src/portable/raspberrypi/rp2040/rp2040_usb.c.obj
                0x20000be8                hw_endpoint_reset_transfer
 .time_critical._hw_endpoint_buffer_control_update32